<html>
<body>
<pre>
<h1>µVision Build Log</h1>
<h2>Tool Versions:</h2>
IDE-Version: ¦ÌVision V5.43.1.0
Copyright (C) 2025 ARM Ltd and ARM Germany GmbH. All rights reserved.
License Information: XH XH, 1, LIC=WHYH9-4SBJ7-X7ARZ-JWIEA-WJZCH-9R68F
 
Tool Versions:
Toolchain:       MDK-ARM Plus  Version: 5.43.0.0
Toolchain Path:  D:\keil5\ARM\ARMCLANG\Bin
C Compiler:      ArmClang.exe V6.24
Assembler:       Armasm.exe V6.24
Linker/Locator:  ArmLink.exe V6.24
Library Manager: ArmAr.exe V6.24
Hex Converter:   FromElf.exe V6.24
CPU DLL:         SARMCM3.DLL V5.43.0.0
Dialog DLL:      DCM.DLL V1.17.5.0
Target DLL:      CMSIS_AGDI.dll V1.33.24.0
Dialog DLL:      TCM.DLL V1.56.6.0
 
<h2>Project:</h2>
D:\gitdesktop\Janet-Project\Course\stm32\robowalker_train\01_electrical\03_motor_control\04_test_pid\test_motor_pid\test_motor_pid\MDK-ARM\test_feedback.uvprojx
Project File Date:  10/25/2025

<h2>Output:</h2>
*** Using Compiler 'V6.24', folder: 'D:\keil5\ARM\ARMCLANG\Bin'
Build target 'test_feedback'
assembling startup_stm32f427xx.s...
compiling main.c...
compiling gpio.c...
compiling can.c...
compiling dma.c...
compiling usart.c...
compiling stm32f4xx_it.c...
compiling stm32f4xx_hal_msp.c...
compiling drv_bsp.c...
compiling drv_uart.c...
compiling drv_can.c...
compiling drv_math.cpp...
compiling alg_pid.cpp...
compiling dvc_serialplot.cpp...
../User/dvc_serialplot.cpp(234): warning: passing an object that undergoes default argument promotion to 'va_start' has undefined behavior [-Wvarargs]
  234 |     va_start(data_ptr, Number);
      |                        ^
../User/dvc_serialplot.cpp(231): note: parameter of type 'uint8_t' (aka 'unsigned char') is declared here
  231 | void Class_Serialplot::Set_Data(uint8_t Number, ...)
      |                                         ^
1 warning generated.
compiling stm32f4xx_hal_can.c...
compiling stm32f4xx_hal_rcc.c...
compiling stm32f4xx_hal_rcc_ex.c...
compiling stm32f4xx_hal_flash.c...
compiling stm32f4xx_hal_flash_ex.c...
compiling stm32f4xx_hal_flash_ramfunc.c...
compiling stm32f4xx_hal_gpio.c...
compiling stm32f4xx_hal_dma_ex.c...
compiling stm32f4xx_hal_dma.c...
compiling stm32f4xx_hal_pwr.c...
compiling stm32f4xx_hal_pwr_ex.c...
compiling stm32f4xx_hal_cortex.c...
compiling stm32f4xx_hal.c...
compiling stm32f4xx_hal_exti.c...
compiling stm32f4xx_hal_tim.c...
compiling stm32f4xx_hal_tim_ex.c...
compiling stm32f4xx_hal_uart.c...
compiling system_stm32f4xx.c...
linking...
Program Size: Code=10698 RO-data=494 RW-data=16 ZI-data=6328  
FromELF: creating hex file...
"test_feedback\test_feedback.axf" - 0 Error(s), 1 Warning(s).

<h2>Software Packages used:</h2>

Package Vendor: ARM
                https://www.keil.com/pack/ARM.CMSIS.6.2.0.pack
                ARM::CMSIS@6.2.0
                CMSIS (Common Microcontroller Software Interface Standard)
   * Component: CORE Version: 6.1.1

Package Vendor: Keil
                https://www.keil.com/pack/Keil.STM32F4xx_DFP.3.1.1.pack
                Keil::STM32F4xx_DFP@3.1.1
                STMicroelectronics STM32F4 Series Device Support

<h2>Collection of Component include folders:</h2>
  ./RTE/_test_feedback
  D:/keil5/tow/ARM/CMSIS/6.2.0/CMSIS/Core/Include

<h2>Collection of Component Files used:</h2>

   * Component: ARM::CMSIS:CORE@6.1.1
      Include file:  CMSIS/Core/Include/tz_context.h
Build Time Elapsed:  00:00:14
</pre>
</body>
</html>
