Component: ARM Compiler 6.16 Tool: armlink [5dfeaa00]

==============================================================================

Section Cross References

    startup_stm32f427xx.o(STACK) refers (Special) to heapauxi.o(.text) for __use_two_region_memory
    startup_stm32f427xx.o(HEAP) refers (Special) to heapauxi.o(.text) for __use_two_region_memory
    startup_stm32f427xx.o(RESET) refers (Special) to heapauxi.o(.text) for __use_two_region_memory
    startup_stm32f427xx.o(RESET) refers to startup_stm32f427xx.o(STACK) for __initial_sp
    startup_stm32f427xx.o(RESET) refers to startup_stm32f427xx.o(.text) for Reset_Handler
    startup_stm32f427xx.o(RESET) refers to stm32f4xx_it.o(.text.NMI_Handler) for NMI_Handler
    startup_stm32f427xx.o(RESET) refers to stm32f4xx_it.o(.text.HardFault_Handler) for HardFault_Handler
    startup_stm32f427xx.o(RESET) refers to stm32f4xx_it.o(.text.MemManage_Handler) for MemManage_Handler
    startup_stm32f427xx.o(RESET) refers to stm32f4xx_it.o(.text.BusFault_Handler) for BusFault_Handler
    startup_stm32f427xx.o(RESET) refers to stm32f4xx_it.o(.text.UsageFault_Handler) for UsageFault_Handler
    startup_stm32f427xx.o(RESET) refers to stm32f4xx_it.o(.text.SVC_Handler) for SVC_Handler
    startup_stm32f427xx.o(RESET) refers to stm32f4xx_it.o(.text.DebugMon_Handler) for DebugMon_Handler
    startup_stm32f427xx.o(RESET) refers to stm32f4xx_it.o(.text.PendSV_Handler) for PendSV_Handler
    startup_stm32f427xx.o(RESET) refers to stm32f4xx_it.o(.text.SysTick_Handler) for SysTick_Handler
    startup_stm32f427xx.o(RESET) refers to stm32f4xx_it.o(.text.DMA1_Stream5_IRQHandler) for DMA1_Stream5_IRQHandler
    startup_stm32f427xx.o(RESET) refers to stm32f4xx_it.o(.text.DMA1_Stream6_IRQHandler) for DMA1_Stream6_IRQHandler
    startup_stm32f427xx.o(RESET) refers to stm32f4xx_it.o(.text.CAN1_RX0_IRQHandler) for CAN1_RX0_IRQHandler
    startup_stm32f427xx.o(RESET) refers to stm32f4xx_it.o(.text.CAN1_RX1_IRQHandler) for CAN1_RX1_IRQHandler
    startup_stm32f427xx.o(RESET) refers to stm32f4xx_it.o(.text.USART2_IRQHandler) for USART2_IRQHandler
    startup_stm32f427xx.o(.text) refers (Special) to heapauxi.o(.text) for __use_two_region_memory
    startup_stm32f427xx.o(.text) refers to system_stm32f4xx.o(.text.SystemInit) for SystemInit
    startup_stm32f427xx.o(.text) refers to __main.o(!!!main) for __main
    startup_stm32f427xx.o(.text) refers to startup_stm32f427xx.o(HEAP) for Heap_Mem
    startup_stm32f427xx.o(.text) refers to startup_stm32f427xx.o(STACK) for Stack_Mem
    main.o(.text._Z19CAN_Motor_Call_BackP20Struct_CAN_Rx_Buffer) refers to main.o(.data.motor) for motor
    main.o(.text._Z19CAN_Motor_Call_BackP20Struct_CAN_Rx_Buffer) refers to dvc_motor.o(.text._ZN16Class_Motor_C62018CAN_RxCpltCallbackEPh) for Class_Motor_C620::CAN_RxCpltCallback(unsigned char*)
    main.o(.ARM.exidx.text._Z19CAN_Motor_Call_BackP20Struct_CAN_Rx_Buffer) refers to Unwind-EHABI.cpp.o(.text.__aeabi_unwind_cpp_pr0) for __aeabi_unwind_cpp_pr0
    main.o(.ARM.exidx.text._Z19CAN_Motor_Call_BackP20Struct_CAN_Rx_Buffer) refers to main.o(.text._Z19CAN_Motor_Call_BackP20Struct_CAN_Rx_Buffer) for [Anonymous Symbol]
    main.o(.text._Z25UART_Serialplot_Call_BackPht) refers to main.o(.bss.serialplot) for serialplot
    main.o(.text._Z25UART_Serialplot_Call_BackPht) refers to dvc_serialplot.o(.text._ZN16Class_Serialplot19UART_RxCpltCallbackEPh) for Class_Serialplot::UART_RxCpltCallback(unsigned char*)
    main.o(.text._Z25UART_Serialplot_Call_BackPht) refers to dvc_serialplot.o(.text._ZN16Class_Serialplot18Get_Variable_IndexEv) for Class_Serialplot::Get_Variable_Index()
    main.o(.text._Z25UART_Serialplot_Call_BackPht) refers to dvc_serialplot.o(.text._ZN16Class_Serialplot18Get_Variable_ValueEv) for Class_Serialplot::Get_Variable_Value()
    main.o(.text._Z25UART_Serialplot_Call_BackPht) refers to d2f.o(x$fpl$d2f) for __aeabi_d2f
    main.o(.text._Z25UART_Serialplot_Call_BackPht) refers to main.o(.data.motor) for motor
    main.o(.text._Z25UART_Serialplot_Call_BackPht) refers to alg_pid.o(.text._ZN9Class_PID7Set_K_PEf) for Class_PID::Set_K_P(float)
    main.o(.text._Z25UART_Serialplot_Call_BackPht) refers to alg_pid.o(.text._ZN9Class_PID7Set_K_IEf) for Class_PID::Set_K_I(float)
    main.o(.text._Z25UART_Serialplot_Call_BackPht) refers to alg_pid.o(.text._ZN9Class_PID7Set_K_DEf) for Class_PID::Set_K_D(float)
    main.o(.ARM.exidx.text._Z25UART_Serialplot_Call_BackPht) refers to Unwind-EHABI.cpp.o(.text.__aeabi_unwind_cpp_pr0) for __aeabi_unwind_cpp_pr0
    main.o(.ARM.exidx.text._Z25UART_Serialplot_Call_BackPht) refers to main.o(.text._Z25UART_Serialplot_Call_BackPht) for [Anonymous Symbol]
    main.o(.text.main) refers to stm32f4xx_hal.o(.text.HAL_Init) for HAL_Init
    main.o(.text.main) refers to main.o(.text._Z18SystemClock_Configv) for SystemClock_Config()
    main.o(.text.main) refers to gpio.o(.text.MX_GPIO_Init) for MX_GPIO_Init
    main.o(.text.main) refers to dma.o(.text.MX_DMA_Init) for MX_DMA_Init
[...]
    [Anonymous Symbol]                       0x0800063c   Section        0  stm32f4xx_hal_can.o(.text.HAL_CAN_ErrorCallback)
    [Anonymous Symbol]                       0x08000640   Section        0  stm32f4xx_hal_can.o(.text.HAL_CAN_GetRxMessage)
    [Anonymous Symbol]                       0x0800075c   Section        0  stm32f4xx_hal_can.o(.text.HAL_CAN_IRQHandler)
    [Anonymous Symbol]                       0x080009ac   Section        0  stm32f4xx_hal_can.o(.text.HAL_CAN_Init)
    [Anonymous Symbol]                       0x08000aa0   Section        0  can.o(.text.HAL_CAN_MspInit)
    [Anonymous Symbol]                       0x08000b30   Section        0  stm32f4xx_hal_can.o(.text.HAL_CAN_RxFifo0FullCallback)
    [Anonymous Symbol]                       0x08000b34   Section        0  drv_can.o(.text.HAL_CAN_RxFifo0MsgPendingCallback)
    [Anonymous Symbol]                       0x08000b7c   Section        0  stm32f4xx_hal_can.o(.text.HAL_CAN_RxFifo1FullCallback)
    [Anonymous Symbol]                       0x08000b80   Section        0  drv_can.o(.text.HAL_CAN_RxFifo1MsgPendingCallback)
    [Anonymous Symbol]                       0x08000bc8   Section        0  stm32f4xx_hal_can.o(.text.HAL_CAN_SleepCallback)
    [Anonymous Symbol]                       0x08000bcc   Section        0  stm32f4xx_hal_can.o(.text.HAL_CAN_Start)
    [Anonymous Symbol]                       0x08000c28   Section        0  stm32f4xx_hal_can.o(.text.HAL_CAN_TxMailbox0AbortCallback)
    [Anonymous Symbol]                       0x08000c2c   Section        0  stm32f4xx_hal_can.o(.text.HAL_CAN_TxMailbox0CompleteCallback)
    [Anonymous Symbol]                       0x08000c30   Section        0  stm32f4xx_hal_can.o(.text.HAL_CAN_TxMailbox1AbortCallback)
    [Anonymous Symbol]                       0x08000c34   Section        0  stm32f4xx_hal_can.o(.text.HAL_CAN_TxMailbox1CompleteCallback)
    [Anonymous Symbol]                       0x08000c38   Section        0  stm32f4xx_hal_can.o(.text.HAL_CAN_TxMailbox2AbortCallback)
    [Anonymous Symbol]                       0x08000c3c   Section        0  stm32f4xx_hal_can.o(.text.HAL_CAN_TxMailbox2CompleteCallback)
    [Anonymous Symbol]                       0x08000c40   Section        0  stm32f4xx_hal_can.o(.text.HAL_CAN_WakeUpFromRxMsgCallback)
    [Anonymous Symbol]                       0x08000c44   Section        0  stm32f4xx_hal_dma.o(.text.HAL_DMA_Abort)
    [Anonymous Symbol]                       0x08000cc4   Section        0  stm32f4xx_hal_dma.o(.text.HAL_DMA_Abort_IT)
    [Anonymous Symbol]                       0x08000ce8   Section        0  stm32f4xx_hal_dma.o(.text.HAL_DMA_IRQHandler)
    [Anonymous Symbol]                       0x08000e74   Section        0  stm32f4xx_hal_dma.o(.text.HAL_DMA_Init)
    [Anonymous Symbol]                       0x08000f44   Section        0  stm32f4xx_hal_dma.o(.text.HAL_DMA_Start_IT)
    [Anonymous Symbol]                       0x08000fa8   Section        0  stm32f4xx_hal.o(.text.HAL_Delay)
    [Anonymous Symbol]                       0x08000fd0   Section        0  stm32f4xx_hal_gpio.o(.text.HAL_GPIO_Init)
    [Anonymous Symbol]                       0x0800116c   Section        0  stm32f4xx_hal_gpio.o(.text.HAL_GPIO_WritePin)
    [Anonymous Symbol]                       0x08001178   Section        0  stm32f4xx_hal.o(.text.HAL_GetTick)
    [Anonymous Symbol]                       0x08001184   Section        0  stm32f4xx_hal.o(.text.HAL_IncTick)
    [Anonymous Symbol]                       0x080011a0   Section        0  stm32f4xx_hal.o(.text.HAL_Init)
    [Anonymous Symbol]                       0x080011d8   Section        0  stm32f4xx_hal.o(.text.HAL_InitTick)
    [Anonymous Symbol]                       0x08001228   Section        0  stm32f4xx_hal_msp.o(.text.HAL_MspInit)
    [Anonymous Symbol]                       0x08001260   Section        0  stm32f4xx_hal_cortex.o(.text.HAL_NVIC_EnableIRQ)
    [Anonymous Symbol]                       0x08001268   Section        0  stm32f4xx_hal_cortex.o(.text.HAL_NVIC_SetPriority)
    [Anonymous Symbol]                       0x08001288   Section        0  stm32f4xx_hal_cortex.o(.text.HAL_NVIC_SetPriorityGrouping)
    [Anonymous Symbol]                       0x08001290   Section        0  stm32f4xx_hal_pwr_ex.o(.text.HAL_PWREx_EnableOverDrive)
    [Anonymous Symbol]                       0x0800130c   Section        0  stm32f4xx_hal_rcc.o(.text.HAL_RCC_ClockConfig)
    [Anonymous Symbol]                       0x0800146c   Section        0  stm32f4xx_hal_rcc.o(.text.HAL_RCC_GetHCLKFreq)
    [Anonymous Symbol]                       0x08001478   Section        0  stm32f4xx_hal_rcc.o(.text.HAL_RCC_GetPCLK1Freq)
    [Anonymous Symbol]                       0x0800149c   Section        0  stm32f4xx_hal_rcc.o(.text.HAL_RCC_GetPCLK2Freq)
    [Anonymous Symbol]                       0x080014c0   Section        0  stm32f4xx_hal_rcc.o(.text.HAL_RCC_GetSysClockFreq)
    [Anonymous Symbol]                       0x08001528   Section        0  stm32f4xx_hal_rcc.o(.text.HAL_RCC_OscConfig)
    [Anonymous Symbol]                       0x08001870   Section        0  stm32f4xx_hal_cortex.o(.text.HAL_SYSTICK_Config)
    [Anonymous Symbol]                       0x08001878   Section        0  stm32f4xx_hal_uart.o(.text.HAL_UARTEx_ReceiveToIdle_DMA)
    [Anonymous Symbol]                       0x080018e4   Section        0  drv_uart.o(.text.HAL_UARTEx_RxEventCallback)
    [Anonymous Symbol]                       0x080019dc   Section        0  stm32f4xx_hal_uart.o(.text.HAL_UART_ErrorCallback)
    [Anonymous Symbol]                       0x080019e0   Section        0  stm32f4xx_hal_uart.o(.text.HAL_UART_IRQHandler)
    [Anonymous Symbol]                       0x08001c1c   Section        0  stm32f4xx_hal_uart.o(.text.HAL_UART_Init)
    [Anonymous Symbol]                       0x08001c7c   Section        0  usart.o(.text.HAL_UART_MspInit)
    [Anonymous Symbol]                       0x08001d7c   Section        0  stm32f4xx_hal_uart.o(.text.HAL_UART_RxCpltCallback)
    [Anonymous Symbol]                       0x08001d80   Section        0  stm32f4xx_hal_uart.o(.text.HAL_UART_RxHalfCpltCallback)
    [Anonymous Symbol]                       0x08001d84   Section        0  stm32f4xx_hal_uart.o(.text.HAL_UART_Transmit_DMA)
    [Anonymous Symbol]                       0x08001e10   Section        0  stm32f4xx_hal_uart.o(.text.HAL_UART_TxCpltCallback)
    [Anonymous Symbol]                       0x08001e14   Section        0  stm32f4xx_hal_uart.o(.text.HAL_UART_TxHalfCpltCallback)
    [Anonymous Symbol]                       0x08001e18   Section        0  stm32f4xx_it.o(.text.HardFault_Handler)
    [Anonymous Symbol]                       0x08001e1c   Section        0  can.o(.text.MX_CAN1_Init)
    [Anonymous Symbol]                       0x08001e60   Section        0  dma.o(.text.MX_DMA_Init)
    [Anonymous Symbol]                       0x08001ea8   Section        0  gpio.o(.text.MX_GPIO_Init)
    [Anonymous Symbol]                       0x08001f28   Section        0  usart.o(.text.MX_USART2_UART_Init)
    [Anonymous Symbol]                       0x08001f60   Section        0  stm32f4xx_it.o(.text.MemManage_Handler)
    [Anonymous Symbol]                       0x08001f64   Section        0  stm32f4xx_it.o(.text.NMI_Handler)
    [Anonymous Symbol]                       0x08001f68   Section        0  stm32f4xx_it.o(.text.PendSV_Handler)
    [Anonymous Symbol]                       0x08001f6c   Section        0  stm32f4xx_it.o(.text.SVC_Handler)
    [Anonymous Symbol]                       0x08001f70   Section        0  stm32f4xx_it.o(.text.SysTick_Handler)
    [Anonymous Symbol]                       0x08001f78   Section        0  system_stm32f4xx.o(.text.SystemInit)
    [Anonymous Symbol]                       0x08001f8c   Section        0  stm32f4xx_hal_uart.o(.text.UART_Start_Receive_DMA)
    [Anonymous Symbol]                       0x08002028   Section        0  stm32f4xx_it.o(.text.USART2_IRQHandler)
    [Anonymous Symbol]                       0x08002038   Section        0  stm32f4xx_it.o(.text.UsageFault_Handler)
    [Anonymous Symbol]                       0x0800203c   Section        0  drv_bsp.o(.text._Z11BSP_DC24_LD20Enum_BSP_DC24_Status)
    [Anonymous Symbol]                       0x08002050   Section        0  drv_bsp.o(.text._Z11BSP_DC24_LU20Enum_BSP_DC24_Status)
    [Anonymous Symbol]                       0x08002064   Section        0  drv_bsp.o(.text._Z11BSP_DC24_RD20Enum_BSP_DC24_Status)
    [Anonymous Symbol]                       0x08002078   Section        0  drv_bsp.o(.text._Z11BSP_DC24_RU20Enum_BSP_DC24_Status)
    [Anonymous Symbol]                       0x0800208c   Section        0  drv_can.o(.text._Z13CAN_Send_DataP19__CAN_HandleTypeDeftPht)
    [Anonymous Symbol]                       0x080020a8   Section        0  alg_pid.o(.text._Z14Math_ConstrainIfEvPT_S0_S0_)
    [Anonymous Symbol]                       0x080020d0   Section        0  drv_uart.o(.text._Z14UART_Send_DataP20__UART_HandleTypeDefPht)
    [Anonymous Symbol]                       0x080020d8   Section        0  dvc_motor.o(.text._Z16allocate_tx_dataP19__CAN_HandleTypeDef17Enum_CAN_Motor_ID)
    [Anonymous Symbol]                       0x08002160   Section        0  main.o(.text._Z18SystemClock_Configv)
    [Anonymous Symbol]                       0x08002210   Section        0  main.o(.text._Z19CAN_Motor_Call_BackP20Struct_CAN_Rx_Buffer)
    [Anonymous Symbol]                       0x08002230   Section        0  drv_can.o(.text._Z22CAN_Filter_Mask_ConfigP19__CAN_HandleTypeDefhjj)
    [Anonymous Symbol]                       0x08002290   Section        0  drv_can.o(.text._Z29TIM_CAN_PeriodElapsedCallbackv)
    [Anonymous Symbol]                       0x080022c8   Section        0  drv_uart.o(.text._Z30TIM_UART_PeriodElapsedCallbackv)
    [Anonymous Symbol]                       0x080022e4   Section        0  drv_bsp.o(.text._Z8BSP_Initjff)
    [Anonymous Symbol]                       0x08002360   Section        0  drv_can.o(.text._Z8CAN_InitP19__CAN_HandleTypeDefPFvP20Struct_CAN_Rx_BufferE)
    [Anonymous Symbol]                       0x080023d4   Section        0  drv_math.o(.text._Z8Math_AbsIfET_S0_)
    [Anonymous Symbol]                       0x080023dc   Section        0  drv_bsp.o(.text._Z9BSP_LED_119Enum_BSP_LED_Status)
    [Anonymous Symbol]                       0x080023f0   Section        0  drv_bsp.o(.text._Z9BSP_LED_219Enum_BSP_LED_Status)
    [Anonymous Symbol]                       0x08002404   Section        0  drv_bsp.o(.text._Z9BSP_LED_319Enum_BSP_LED_Status)
    [Anonymous Symbol]                       0x08002418   Section        0  drv_bsp.o(.text._Z9BSP_LED_419Enum_BSP_LED_Status)
    [Anonymous Symbol]                       0x0800242c   Section        0  drv_bsp.o(.text._Z9BSP_LED_519Enum_BSP_LED_Status)
    [Anonymous Symbol]                       0x08002440   Section        0  drv_bsp.o(.text._Z9BSP_LED_619Enum_BSP_LED_Status)
    [Anonymous Symbol]                       0x08002454   Section        0  drv_bsp.o(.text._Z9BSP_LED_719Enum_BSP_LED_Status)
    [Anonymous Symbol]                       0x08002468   Section        0  drv_bsp.o(.text._Z9BSP_LED_819Enum_BSP_LED_Status)
    [Anonymous Symbol]                       0x08002480   Section        0  drv_bsp.o(.text._Z9BSP_LED_G19Enum_BSP_LED_Status)
    [Anonymous Symbol]                       0x08002498   Section        0  drv_bsp.o(.text._Z9BSP_LED_R19Enum_BSP_LED_Status)
    DMA_SetConfig(__DMA_HandleTypeDef*, unsigned int, unsigned int, unsigned int) 0x080024b1   Thumb Code    48  stm32f4xx_hal_dma.o(.text._ZL13DMA_SetConfigP19__DMA_HandleTypeDefjjj)
    [Anonymous Symbol]                       0x080024b0   Section        0  stm32f4xx_hal_dma.o(.text._ZL13DMA_SetConfigP19__DMA_HandleTypeDefjjj)
    UART_DMAError(__DMA_HandleTypeDef*)      0x080024e1   Thumb Code    76  stm32f4xx_hal_uart.o(.text._ZL13UART_DMAErrorP19__DMA_HandleTypeDef)
    [Anonymous Symbol]                       0x080024e0   Section        0  stm32f4xx_hal_uart.o(.text._ZL13UART_DMAErrorP19__DMA_HandleTypeDef)
    SysTick_Config(unsigned int)             0x0800252d   Thumb Code    46  stm32f4xx_hal_cortex.o(.text._ZL14SysTick_Configj)
    [Anonymous Symbol]                       0x0800252c   Section        0  stm32f4xx_hal_cortex.o(.text._ZL14SysTick_Configj)
    UART_SetConfig(__UART_HandleTypeDef*)    0x0800255d   Thumb Code   220  stm32f4xx_hal_uart.o(.text._ZL14UART_SetConfigP20__UART_HandleTypeDef)
    [Anonymous Symbol]                       0x0800255c   Section        0  stm32f4xx_hal_uart.o(.text._ZL14UART_SetConfigP20__UART_HandleTypeDef)
    UART_Receive_IT(__UART_HandleTypeDef*)   0x08002639   Thumb Code   196  stm32f4xx_hal_uart.o(.text._ZL15UART_Receive_ITP20__UART_HandleTypeDef)
    [Anonymous Symbol]                       0x08002638   Section        0  stm32f4xx_hal_uart.o(.text._ZL15UART_Receive_ITP20__UART_HandleTypeDef)
    UART_Transmit_IT(__UART_HandleTypeDef*)  0x080026fd   Thumb Code    82  stm32f4xx_hal_uart.o(.text._ZL16UART_Transmit_ITP20__UART_HandleTypeDef)
    [Anonymous Symbol]                       0x080026fc   Section        0  stm32f4xx_hal_uart.o(.text._ZL16UART_Transmit_ITP20__UART_HandleTypeDef)
    __NVIC_EnableIRQ(IRQn_Type)              0x08002751   Thumb Code    32  stm32f4xx_hal_cortex.o(.text._ZL16__NVIC_EnableIRQ9IRQn_Type)
    [Anonymous Symbol]                       0x08002750   Section        0  stm32f4xx_hal_cortex.o(.text._ZL16__NVIC_EnableIRQ9IRQn_Type)
    DMA_CheckFifoParam(__DMA_HandleTypeDef*) 0x08002771   Thumb Code    80  stm32f4xx_hal_dma.o(.text._ZL18DMA_CheckFifoParamP19__DMA_HandleTypeDef)
    [Anonymous Symbol]                       0x08002770   Section        0  stm32f4xx_hal_dma.o(.text._ZL18DMA_CheckFifoParamP19__DMA_HandleTypeDef)
    UART_DMARxHalfCplt(__DMA_HandleTypeDef*) 0x080027c1   Thumb Code    26  stm32f4xx_hal_uart.o(.text._ZL18UART_DMARxHalfCpltP19__DMA_HandleTypeDef)
    [Anonymous Symbol]                       0x080027c0   Section        0  stm32f4xx_hal_uart.o(.text._ZL18UART_DMARxHalfCpltP19__DMA_HandleTypeDef)
    UART_DMATxHalfCplt(__DMA_HandleTypeDef*) 0x080027dd   Thumb Code    10  stm32f4xx_hal_uart.o(.text._ZL18UART_DMATxHalfCpltP19__DMA_HandleTypeDef)
    [Anonymous Symbol]                       0x080027dc   Section        0  stm32f4xx_hal_uart.o(.text._ZL18UART_DMATxHalfCpltP19__DMA_HandleTypeDef)
    UART_EndRxTransfer(__UART_HandleTypeDef*) 0x080027e9   Thumb Code    80  stm32f4xx_hal_uart.o(.text._ZL18UART_EndRxTransferP20__UART_HandleTypeDef)
    [Anonymous Symbol]                       0x080027e8   Section        0  stm32f4xx_hal_uart.o(.text._ZL18UART_EndRxTransferP20__UART_HandleTypeDef)
    UART_EndTxTransfer(__UART_HandleTypeDef*) 0x08002839   Thumb Code    28  stm32f4xx_hal_uart.o(.text._ZL18UART_EndTxTransferP20__UART_HandleTypeDef)
    [Anonymous Symbol]                       0x08002838   Section        0  stm32f4xx_hal_uart.o(.text._ZL18UART_EndTxTransferP20__UART_HandleTypeDef)
    __NVIC_SetPriority(IRQn_Type, unsigned int) 0x08002855   Thumb Code    34  stm32f4xx_hal_cortex.o(.text._ZL18__NVIC_SetPriority9IRQn_Typej)
    [Anonymous Symbol]                       0x08002854   Section        0  stm32f4xx_hal_cortex.o(.text._ZL18__NVIC_SetPriority9IRQn_Typej)
    NVIC_EncodePriority(unsigned int, unsigned int, unsigned int) 0x08002879   Thumb Code    44  stm32f4xx_hal_cortex.o(.text._ZL19NVIC_EncodePriorityjjj)
    [Anonymous Symbol]                       0x08002878   Section        0  stm32f4xx_hal_cortex.o(.text._ZL19NVIC_EncodePriorityjjj)
    UART_DMAReceiveCplt(__DMA_HandleTypeDef*) 0x080028a5   Thumb Code   128  stm32f4xx_hal_uart.o(.text._ZL19UART_DMAReceiveCpltP19__DMA_HandleTypeDef)
    [Anonymous Symbol]                       0x080028a4   Section        0  stm32f4xx_hal_uart.o(.text._ZL19UART_DMAReceiveCpltP19__DMA_HandleTypeDef)
    UART_EndTransmit_IT(__UART_HandleTypeDef*) 0x08002925   Thumb Code    24  stm32f4xx_hal_uart.o(.text._ZL19UART_EndTransmit_ITP20__UART_HandleTypeDef)
    [Anonymous Symbol]                       0x08002924   Section        0  stm32f4xx_hal_uart.o(.text._ZL19UART_EndTransmit_ITP20__UART_HandleTypeDef)
    UART_DMAAbortOnError(__DMA_HandleTypeDef*) 0x0800293d   Thumb Code    16  stm32f4xx_hal_uart.o(.text._ZL20UART_DMAAbortOnErrorP19__DMA_HandleTypeDef)
    [Anonymous Symbol]                       0x0800293c   Section        0  stm32f4xx_hal_uart.o(.text._ZL20UART_DMAAbortOnErrorP19__DMA_HandleTypeDef)
    UART_DMATransmitCplt(__DMA_HandleTypeDef*) 0x0800294d   Thumb Code    64  stm32f4xx_hal_uart.o(.text._ZL20UART_DMATransmitCpltP19__DMA_HandleTypeDef)
    [Anonymous Symbol]                       0x0800294c   Section        0  stm32f4xx_hal_uart.o(.text._ZL20UART_DMATransmitCpltP19__DMA_HandleTypeDef)
    DMA_CalcBaseAndBitshift(__DMA_HandleTypeDef*) 0x0800298d   Thumb Code    52  stm32f4xx_hal_dma.o(.text._ZL23DMA_CalcBaseAndBitshiftP19__DMA_HandleTypeDef)
    [Anonymous Symbol]                       0x0800298c   Section        0  stm32f4xx_hal_dma.o(.text._ZL23DMA_CalcBaseAndBitshiftP19__DMA_HandleTypeDef)
    DMA_CalcBaseAndBitshift(__DMA_HandleTypeDef*)::flagBitshiftOffset 0x080029c0   Number         0  stm32f4xx_hal_dma.o(.text._ZL23DMA_CalcBaseAndBitshiftP19__DMA_HandleTypeDef)
    __NVIC_GetPriorityGrouping()             0x080029c9   Thumb Code    16  stm32f4xx_hal_cortex.o(.text._ZL26__NVIC_GetPriorityGroupingv)
    [Anonymous Symbol]                       0x080029c8   Section        0  stm32f4xx_hal_cortex.o(.text._ZL26__NVIC_GetPriorityGroupingv)
    __NVIC_SetPriorityGrouping(unsigned int) 0x080029d9   Thumb Code    32  stm32f4xx_hal_cortex.o(.text._ZL26__NVIC_SetPriorityGroupingj)
    [Anonymous Symbol]                       0x080029d8   Section        0  stm32f4xx_hal_cortex.o(.text._ZL26__NVIC_SetPriorityGroupingj)
    [Anonymous Symbol]                       0x080029f8   Section        0  dvc_motor.o(.text._ZN16Class_Motor_C62018CAN_RxCpltCallbackEPh)
    [Anonymous Symbol]                       0x08002acc   Section        0  dvc_motor.o(.text._ZN16Class_Motor_C62029TIM_PID_PeriodElapsedCallbackEv)
    [Anonymous Symbol]                       0x08002ba0   Section        0  dvc_motor.o(.text._ZN16Class_Motor_C6204InitEP19__CAN_HandleTypeDef17Enum_CAN_Motor_ID19Enum_Control_Methodff)
    [Anonymous Symbol]                       0x08002bf4   Section        0  dvc_motor.o(.text._ZN16Class_Motor_C6206OutputEv)
    [Anonymous Symbol]                       0x08002c1c   Section        0  dvc_motor.o(.text._ZN16Class_Motor_C6207Set_OutEf)
    [Anonymous Symbol]                       0x08002c24   Section        0  dvc_serialplot.o(.text._ZN16Class_Serialplot4InitEP20__UART_HandleTypeDefhPPc25Enum_Serialplot_Data_Typeh)
    [Anonymous Symbol]                       0x08002d18   Section        0  alg_pid.o(.text._ZN9Class_PID10Set_TargetEf)
    [Anonymous Symbol]                       0x08002d20   Section        0  alg_pid.o(.text._ZN9Class_PID32TIM_Adjust_PeriodElapsedCallbackEv)
    [Anonymous Symbol]                       0x08002ea8   Section        0  alg_pid.o(.text._ZN9Class_PID4InitEfffffffffff16Enum_PID_D_First)
    [Anonymous Symbol]                       0x08002ec0   Section        0  alg_pid.o(.text._ZN9Class_PID7Get_OutEv)
    [Anonymous Symbol]                       0x08002ec8   Section        0  alg_pid.o(.text._ZN9Class_PID7Set_NowEf)
    [Anonymous Symbol]                       0x08002ed0   Section        0  main.o(.text.main)
    $v0                                      0x08003008   Number         0  fpinit.o(x$fpl$fpinit)
    x$fpl$fpinit                             0x08003008   Section       26  fpinit.o(x$fpl$fpinit)
    Variable_Assignment_List                 0x20000004   Data         600  main.o(.data._ZL24Variable_Assignment_List)
    [Anonymous Symbol]                       0x20000004   Section        0  main.o(.data._ZL24Variable_Assignment_List)
    .bss                                     0x20000360   Section       96  libspace.o(.bss)
    TIM_CAN_PeriodElapsedCallback()::mod10   0x20001490   Data           4  drv_can.o(.bss._ZZ29TIM_CAN_PeriodElapsedCallbackvE5mod10)
    [Anonymous Symbol]                       0x20001490   Section        0  drv_can.o(.bss._ZZ29TIM_CAN_PeriodElapsedCallbackvE5mod10)
    Heap_Mem                                 0x20001610   Data         512  startup_stm32f427xx.o(HEAP)
    HEAP                                     0x20001610   Section      512  startup_stm32f427xx.o(HEAP)
    Stack_Mem                                0x20001810   Data        1024  startup_stm32f427xx.o(STACK)
    STACK                                    0x20001810   Section     1024  startup_stm32f427xx.o(STACK)
    __initial_sp                             0x20001c10   Data           0  startup_stm32f427xx.o(STACK)

    Global Symbols

    Symbol Name                              Value     Ov Type        Size  Object(Section)

    BuildAttributes$$THM_ISAv4$E$P$D$K$B$S$7EM$VFPi3$EXTD16$VFPS$VFMA$PE$A:L22UL41UL21$X:L11$S22US41US21$IEEE1$IW$~IW$USESV6$~STKCKD$USESV7$~SHL$OTIME$ROPI$IEEEX$EBA8$UX$STANDARDLIB$REQ8$EABIv2 0x00000000   Number         0  anon$$obj.o ABSOLUTE
    SHT$$ARM_EXIDX$$Base                      - Undefined Reference
    SHT$$ARM_EXIDX$$Limit                     - Undefined Reference
    __ARM_exceptions_init                     - Undefined Weak Reference
    __alloca_initialize                       - Undefined Weak Reference
    __arm_find_exidx_section                  - Undefined Weak Reference
    __arm_preinit_                            - Undefined Weak Reference
    __cpp_initialize__aeabi_                  - Undefined Weak Reference
    __cxa_finalize                            - Undefined Weak Reference
    __rt_locale                               - Undefined Weak Reference
    __sigvec_lookup                           - Undefined Weak Reference
    _atexit_init                              - Undefined Weak Reference
    _call_atexit_fns                          - Undefined Weak Reference
    _clock_init                               - Undefined Weak Reference
    _fp_trap_init                             - Undefined Weak Reference
    _fp_trap_shutdown                         - Undefined Weak Reference
    _get_lc_collate                           - Undefined Weak Reference
    _get_lc_ctype                             - Undefined Weak Reference
    _get_lc_monetary                          - Undefined Weak Reference
    _get_lc_numeric                           - Undefined Weak Reference
    _get_lc_time                              - Undefined Weak Reference
    _getenv_init                              - Undefined Weak Reference
    _handle_redirection                       - Undefined Weak Reference
    _init_alloc                               - Undefined Weak Reference
    _init_user_alloc                          - Undefined Weak Reference
    _initio                                   - Undefined Weak Reference
    _rand_init                                - Undefined Weak Reference
    _signal_finish                            - Undefined Weak Reference
    _signal_init                              - Undefined Weak Reference
    _terminate_alloc                          - Undefined Weak Reference
    _terminate_user_alloc                     - Undefined Weak Reference
    _terminateio                              - Undefined Weak Reference
    __Vectors_Size                           0x000001ac   Number         0  startup_stm32f427xx.o ABSOLUTE
    __Vectors                                0x08000000   Data           4  startup_stm32f427xx.o(RESET)
    __Vectors_End                            0x080001ac   Data           0  startup_stm32f427xx.o(RESET)
    __main                                   0x080001ad   Thumb Code     8  __main.o(!!!main)
    __scatterload                            0x080001b5   Thumb Code     0  __scatter.o(!!!scatter)
    __scatterload_rt2                        0x080001b5   Thumb Code    44  __scatter.o(!!!scatter)
    __scatterload_rt2_thumb_only             0x080001b5   Thumb Code     0  __scatter.o(!!!scatter)
    __scatterload_null                       0x080001c3   Thumb Code     0  __scatter.o(!!!scatter)
    __decompress                             0x080001e9   Thumb Code    58  __dczerorl.o(!!dczerorl)
    __decompress0                            0x080001e9   Thumb Code     0  __dczerorl.o(!!dczerorl)
    __scatterload_zeroinit                   0x08000225   Thumb Code    28  __scatter_zi.o(!!handler_zi)
    __rt_lib_init                            0x08000241   Thumb Code     0  libinit.o(.ARM.Collect$$libinit$$00000000)
    __rt_lib_init_fp_1                       0x08000243   Thumb Code     0  libinit2.o(.ARM.Collect$$libinit$$00000001)
    __rt_lib_init_alloca_1                   0x08000247   Thumb Code     0  libinit2.o(.ARM.Collect$$libinit$$0000002E)
    __rt_lib_init_argv_1                     0x08000247   Thumb Code     0  libinit2.o(.ARM.Collect$$libinit$$0000002C)
    __rt_lib_init_atexit_1                   0x08000247   Thumb Code     0  libinit2.o(.ARM.Collect$$libinit$$0000001B)
    __rt_lib_init_clock_1                    0x08000247   Thumb Code     0  libinit2.o(.ARM.Collect$$libinit$$00000021)
    __rt_lib_init_cpp_1                      0x08000247   Thumb Code     0  libinit2.o(.ARM.Collect$$libinit$$00000032)
    __rt_lib_init_exceptions_1               0x08000247   Thumb Code     0  libinit2.o(.ARM.Collect$$libinit$$00000030)
    __rt_lib_init_fp_trap_1                  0x08000247   Thumb Code     0  libinit2.o(.ARM.Collect$$libinit$$0000001F)
    __rt_lib_init_getenv_1                   0x08000247   Thumb Code     0  libinit2.o(.ARM.Collect$$libinit$$00000023)
    __rt_lib_init_heap_1                     0x08000247   Thumb Code     0  libinit2.o(.ARM.Collect$$libinit$$0000000A)
    __rt_lib_init_lc_collate_1               0x08000247   Thumb Code     0  libinit2.o(.ARM.Collect$$libinit$$00000011)
    __rt_lib_init_lc_ctype_1                 0x08000247   Thumb Code     0  libinit2.o(.ARM.Collect$$libinit$$00000013)
    __rt_lib_init_lc_monetary_1              0x08000247   Thumb Code     0  libinit2.o(.ARM.Collect$$libinit$$00000015)
    __rt_lib_init_lc_numeric_1               0x08000247   Thumb Code     0  libinit2.o(.ARM.Collect$$libinit$$00000017)
    __rt_lib_init_lc_time_1                  0x08000247   Thumb Code     0  libinit2.o(.ARM.Collect$$libinit$$00000019)
    __rt_lib_init_preinit_1                  0x08000247   Thumb Code     0  libinit2.o(.ARM.Collect$$libinit$$00000004)
    __rt_lib_init_rand_1                     0x08000247   Thumb Code     0  libinit2.o(.ARM.Collect$$libinit$$0000000E)
    __rt_lib_init_return                     0x08000247   Thumb Code     0  libinit2.o(.ARM.Collect$$libinit$$00000033)
    __rt_lib_init_signal_1                   0x08000247   Thumb Code     0  libinit2.o(.ARM.Collect$$libinit$$0000001D)
    __rt_lib_init_stdio_1                    0x08000247   Thumb Code     0  libinit2.o(.ARM.Collect$$libinit$$00000025)
    __rt_lib_init_user_alloc_1               0x08000247   Thumb Code     0  libinit2.o(.ARM.Collect$$libinit$$0000000C)
    __rt_lib_shutdown                        0x08000249   Thumb Code     0  libshutdown.o(.ARM.Collect$$libshutdown$$00000000)
    __rt_lib_shutdown_cpp_1                  0x0800024b   Thumb Code     0  libshutdown2.o(.ARM.Collect$$libshutdown$$00000002)
    __rt_lib_shutdown_fp_trap_1              0x0800024b   Thumb Code     0  libshutdown2.o(.ARM.Collect$$libshutdown$$00000007)
    __rt_lib_shutdown_heap_1                 0x0800024b   Thumb Code     0  libshutdown2.o(.ARM.Collect$$libshutdown$$0000000F)
    __rt_lib_shutdown_return                 0x0800024b   Thumb Code     0  libshutdown2.o(.ARM.Collect$$libshutdown$$00000010)
    __rt_lib_shutdown_signal_1               0x0800024b   Thumb Code     0  libshutdown2.o(.ARM.Collect$$libshutdown$$0000000A)
    __rt_lib_shutdown_stdio_1                0x0800024b   Thumb Code     0  libshutdown2.o(.ARM.Collect$$libshutdown$$00000004)
    __rt_lib_shutdown_user_alloc_1           0x0800024b   Thumb Code     0  libshutdown2.o(.ARM.Collect$$libshutdown$$0000000C)
    __rt_entry                               0x0800024d   Thumb Code     0  __rtentry.o(.ARM.Collect$$rtentry$$00000000)
    __rt_entry_presh_1                       0x0800024d   Thumb Code     0  __rtentry2.o(.ARM.Collect$$rtentry$$00000002)
    __rt_entry_sh                            0x0800024d   Thumb Code     0  __rtentry4.o(.ARM.Collect$$rtentry$$00000004)
    __rt_entry_li                            0x08000253   Thumb Code     0  __rtentry2.o(.ARM.Collect$$rtentry$$0000000A)
    __rt_entry_postsh_1                      0x08000253   Thumb Code     0  __rtentry2.o(.ARM.Collect$$rtentry$$00000009)
    __rt_entry_main                          0x08000257   Thumb Code     0  __rtentry2.o(.ARM.Collect$$rtentry$$0000000D)
    __rt_entry_postli_1                      0x08000257   Thumb Code     0  __rtentry2.o(.ARM.Collect$$rtentry$$0000000C)
    __rt_exit                                0x0800025f   Thumb Code     0  rtexit.o(.ARM.Collect$$rtexit$$00000000)
    __rt_exit_ls                             0x08000261   Thumb Code     0  rtexit2.o(.ARM.Collect$$rtexit$$00000003)
    __rt_exit_prels_1                        0x08000261   Thumb Code     0  rtexit2.o(.ARM.Collect$$rtexit$$00000002)
    __rt_exit_exit                           0x08000265   Thumb Code     0  rtexit2.o(.ARM.Collect$$rtexit$$00000004)
    Reset_Handler                            0x0800026d   Thumb Code     8  startup_stm32f427xx.o(.text)
    ADC_IRQHandler                           0x08000287   Thumb Code     0  startup_stm32f427xx.o(.text)
    CAN1_SCE_IRQHandler                      0x08000287   Thumb Code     0  startup_stm32f427xx.o(.text)
    CAN1_TX_IRQHandler                       0x08000287   Thumb Code     0  startup_stm32f427xx.o(.text)
    CAN2_RX0_IRQHandler                      0x08000287   Thumb Code     0  startup_stm32f427xx.o(.text)
    CAN2_RX1_IRQHandler                      0x08000287   Thumb Code     0  startup_stm32f427xx.o(.text)
    CAN2_SCE_IRQHandler                      0x08000287   Thumb Code     0  startup_stm32f427xx.o(.text)
    CAN2_TX_IRQHandler                       0x08000287   Thumb Code     0  startup_stm32f427xx.o(.text)
    DCMI_IRQHandler                          0x08000287   Thumb Code     0  startup_stm32f427xx.o(.text)
    DMA1_Stream0_IRQHandler                  0x08000287   Thumb Code     0  startup_stm32f427xx.o(.text)
    DMA1_Stream1_IRQHandler                  0x08000287   Thumb Code     0  startup_stm32f427xx.o(.text)
    DMA1_Stream2_IRQHandler                  0x08000287   Thumb Code     0  startup_stm32f427xx.o(.text)
    DMA1_Stream3_IRQHandler                  0x08000287   Thumb Code     0  startup_stm32f427xx.o(.text)
    DMA1_Stream4_IRQHandler                  0x08000287   Thumb Code     0  startup_stm32f427xx.o(.text)
    DMA1_Stream7_IRQHandler                  0x08000287   Thumb Code     0  startup_stm32f427xx.o(.text)
    DMA2D_IRQHandler                         0x08000287   Thumb Code     0  startup_stm32f427xx.o(.text)
    DMA2_Stream0_IRQHandler                  0x08000287   Thumb Code     0  startup_stm32f427xx.o(.text)
    DMA2_Stream1_IRQHandler                  0x08000287   Thumb Code     0  startup_stm32f427xx.o(.text)
    DMA2_Stream2_IRQHandler                  0x08000287   Thumb Code     0  startup_stm32f427xx.o(.text)
    DMA2_Stream3_IRQHandler                  0x08000287   Thumb Code     0  startup_stm32f427xx.o(.text)
    DMA2_Stream4_IRQHandler                  0x08000287   Thumb Code     0  startup_stm32f427xx.o(.text)
    DMA2_Stream5_IRQHandler                  0x08000287   Thumb Code     0  startup_stm32f427xx.o(.text)
    DMA2_Stream6_IRQHandler                  0x08000287   Thumb Code     0  startup_stm32f427xx.o(.text)
    DMA2_Stream7_IRQHandler                  0x08000287   Thumb Code     0  startup_stm32f427xx.o(.text)
    ETH_IRQHandler                           0x08000287   Thumb Code     0  startup_stm32f427xx.o(.text)
    ETH_WKUP_IRQHandler                      0x08000287   Thumb Code     0  startup_stm32f427xx.o(.text)
    EXTI0_IRQHandler                         0x08000287   Thumb Code     0  startup_stm32f427xx.o(.text)
    EXTI15_10_IRQHandler                     0x08000287   Thumb Code     0  startup_stm32f427xx.o(.text)
    EXTI1_IRQHandler                         0x08000287   Thumb Code     0  startup_stm32f427xx.o(.text)
    EXTI2_IRQHandler                         0x08000287   Thumb Code     0  startup_stm32f427xx.o(.text)
    EXTI3_IRQHandler                         0x08000287   Thumb Code     0  startup_stm32f427xx.o(.text)
    EXTI4_IRQHandler                         0x08000287   Thumb Code     0  startup_stm32f427xx.o(.text)
    EXTI9_5_IRQHandler                       0x08000287   Thumb Code     0  startup_stm32f427xx.o(.text)
    FLASH_IRQHandler                         0x08000287   Thumb Code     0  startup_stm32f427xx.o(.text)
    FMC_IRQHandler                           0x08000287   Thumb Code     0  startup_stm32f427xx.o(.text)
    FPU_IRQHandler                           0x08000287   Thumb Code     0  startup_stm32f427xx.o(.text)
    HASH_RNG_IRQHandler                      0x08000287   Thumb Code     0  startup_stm32f427xx.o(.text)
    I2C1_ER_IRQHandler                       0x08000287   Thumb Code     0  startup_stm32f427xx.o(.text)
    I2C1_EV_IRQHandler                       0x08000287   Thumb Code     0  startup_stm32f427xx.o(.text)
    I2C2_ER_IRQHandler                       0x08000287   Thumb Code     0  startup_stm32f427xx.o(.text)
    I2C2_EV_IRQHandler                       0x08000287   Thumb Code     0  startup_stm32f427xx.o(.text)
    I2C3_ER_IRQHandler                       0x08000287   Thumb Code     0  startup_stm32f427xx.o(.text)
    I2C3_EV_IRQHandler                       0x08000287   Thumb Code     0  startup_stm32f427xx.o(.text)
    OTG_FS_IRQHandler                        0x08000287   Thumb Code     0  startup_stm32f427xx.o(.text)
    OTG_FS_WKUP_IRQHandler                   0x08000287   Thumb Code     0  startup_stm32f427xx.o(.text)
    OTG_HS_EP1_IN_IRQHandler                 0x08000287   Thumb Code     0  startup_stm32f427xx.o(.text)
    OTG_HS_EP1_OUT_IRQHandler                0x08000287   Thumb Code     0  startup_stm32f427xx.o(.text)
    OTG_HS_IRQHandler                        0x08000287   Thumb Code     0  startup_stm32f427xx.o(.text)
    OTG_HS_WKUP_IRQHandler                   0x08000287   Thumb Code     0  startup_stm32f427xx.o(.text)
    PVD_IRQHandler                           0x08000287   Thumb Code     0  startup_stm32f427xx.o(.text)
    RCC_IRQHandler                           0x08000287   Thumb Code     0  startup_stm32f427xx.o(.text)
    RTC_Alarm_IRQHandler                     0x08000287   Thumb Code     0  startup_stm32f427xx.o(.text)
    RTC_WKUP_IRQHandler                      0x08000287   Thumb Code     0  startup_stm32f427xx.o(.text)
    SAI1_IRQHandler                          0x08000287   Thumb Code     0  startup_stm32f427xx.o(.text)
    SDIO_IRQHandler                          0x08000287   Thumb Code     0  startup_stm32f427xx.o(.text)
    SPI1_IRQHandler                          0x08000287   Thumb Code     0  startup_stm32f427xx.o(.text)
    SPI2_IRQHandler                          0x08000287   Thumb Code     0  startup_stm32f427xx.o(.text)
    SPI3_IRQHandler                          0x08000287   Thumb Code     0  startup_stm32f427xx.o(.text)
    SPI4_IRQHandler                          0x08000287   Thumb Code     0  startup_stm32f427xx.o(.text)
    SPI5_IRQHandler                          0x08000287   Thumb Code     0  startup_stm32f427xx.o(.text)
    SPI6_IRQHandler                          0x08000287   Thumb Code     0  startup_stm32f427xx.o(.text)
    TAMP_STAMP_IRQHandler                    0x08000287   Thumb Code     0  startup_stm32f427xx.o(.text)
    TIM1_BRK_TIM9_IRQHandler                 0x08000287   Thumb Code     0  startup_stm32f427xx.o(.text)
    TIM1_CC_IRQHandler                       0x08000287   Thumb Code     0  startup_stm32f427xx.o(.text)
    TIM1_TRG_COM_TIM11_IRQHandler            0x08000287   Thumb Code     0  startup_stm32f427xx.o(.text)
    TIM1_UP_TIM10_IRQHandler                 0x08000287   Thumb Code     0  startup_stm32f427xx.o(.text)
    TIM2_IRQHandler                          0x08000287   Thumb Code     0  startup_stm32f427xx.o(.text)
    TIM3_IRQHandler                          0x08000287   Thumb Code     0  startup_stm32f427xx.o(.text)
    TIM4_IRQHandler                          0x08000287   Thumb Code     0  startup_stm32f427xx.o(.text)
    TIM5_IRQHandler                          0x08000287   Thumb Code     0  startup_stm32f427xx.o(.text)
    TIM6_DAC_IRQHandler                      0x08000287   Thumb Code     0  startup_stm32f427xx.o(.text)
    TIM7_IRQHandler                          0x08000287   Thumb Code     0  startup_stm32f427xx.o(.text)
    TIM8_BRK_TIM12_IRQHandler                0x08000287   Thumb Code     0  startup_stm32f427xx.o(.text)
    TIM8_CC_IRQHandler                       0x08000287   Thumb Code     0  startup_stm32f427xx.o(.text)
    TIM8_TRG_COM_TIM14_IRQHandler            0x08000287   Thumb Code     0  startup_stm32f427xx.o(.text)
    TIM8_UP_TIM13_IRQHandler                 0x08000287   Thumb Code     0  startup_stm32f427xx.o(.text)
    UART4_IRQHandler                         0x08000287   Thumb Code     0  startup_stm32f427xx.o(.text)
    UART5_IRQHandler                         0x08000287   Thumb Code     0  startup_stm32f427xx.o(.text)
    UART7_IRQHandler                         0x08000287   Thumb Code     0  startup_stm32f427xx.o(.text)
    UART8_IRQHandler                         0x08000287   Thumb Code     0  startup_stm32f427xx.o(.text)
    USART1_IRQHandler                        0x08000287   Thumb Code     0  startup_stm32f427xx.o(.text)
    USART3_IRQHandler                        0x08000287   Thumb Code     0  startup_stm32f427xx.o(.text)
    USART6_IRQHandler                        0x08000287   Thumb Code     0  startup_stm32f427xx.o(.text)
    WWDG_IRQHandler                          0x08000287   Thumb Code     0  startup_stm32f427xx.o(.text)
    __user_initial_stackheap                 0x08000289   Thumb Code     0  startup_stm32f427xx.o(.text)
    __aeabi_uldivmod                         0x080002ad   Thumb Code     0  lludivv7m.o(.text)
    _ll_udiv                                 0x080002ad   Thumb Code   240  lludivv7m.o(.text)
    __aeabi_memclr4                          0x0800039d   Thumb Code     0  rt_memclr_w.o(.text)
    __aeabi_memclr8                          0x0800039d   Thumb Code     0  rt_memclr_w.o(.text)
    __rt_memclr_w                            0x0800039d   Thumb Code     0  rt_memclr_w.o(.text)
    _memset_w                                0x080003a1   Thumb Code    74  rt_memclr_w.o(.text)
    __use_two_region_memory                  0x080003eb   Thumb Code     2  heapauxi.o(.text)
    __rt_heap_escrow$2region                 0x080003ed   Thumb Code     2  heapauxi.o(.text)
    __rt_heap_expand$2region                 0x080003ef   Thumb Code     2  heapauxi.o(.text)
    _sys_exit                                0x080003f1   Thumb Code     8  sys_exit.o(.text)
    __user_libspace                          0x080003fd   Thumb Code     8  libspace.o(.text)
    __user_perproc_libspace                  0x080003fd   Thumb Code     0  libspace.o(.text)
    __user_perthread_libspace                0x080003fd   Thumb Code     0  libspace.o(.text)
    __I$use$semihosting                      0x08000405   Thumb Code     0  use_no_semi.o(.text)
    __use_no_semihosting_swi                 0x08000405   Thumb Code     2  use_no_semi.o(.text)
    __semihosting_library_function           0x08000407   Thumb Code     0  indicate_semi.o(.text)
    __user_setup_stackheap                   0x08000407   Thumb Code    74  sys_stackheap_outer.o(.text)
    exit                                     0x08000451   Thumb Code    18  exit.o(.text)
    BusFault_Handler                         0x08000465   Thumb Code     2  stm32f4xx_it.o(.text.BusFault_Handler)
    CAN1_RX0_IRQHandler                      0x08000469   Thumb Code    16  stm32f4xx_it.o(.text.CAN1_RX0_IRQHandler)
    CAN1_RX1_IRQHandler                      0x08000479   Thumb Code    16  stm32f4xx_it.o(.text.CAN1_RX1_IRQHandler)
    DMA1_Stream5_IRQHandler                  0x08000489   Thumb Code    16  stm32f4xx_it.o(.text.DMA1_Stream5_IRQHandler)
    DMA1_Stream6_IRQHandler                  0x08000499   Thumb Code    16  stm32f4xx_it.o(.text.DMA1_Stream6_IRQHandler)
    DebugMon_Handler                         0x080004a9   Thumb Code     2  stm32f4xx_it.o(.text.DebugMon_Handler)
    Error_Handler                            0x080004ad   Thumb Code    10  main.o(.text.Error_Handler)
    HAL_CAN_AddTxMessage                     0x080004b9   Thumb Code   164  stm32f4xx_hal_can.o(.text.HAL_CAN_AddTxMessage)
    HAL_CAN_ConfigFilter                     0x0800055d   Thumb Code   222  stm32f4xx_hal_can.o(.text.HAL_CAN_ConfigFilter)
    HAL_CAN_ErrorCallback                    0x0800063d   Thumb Code     2  stm32f4xx_hal_can.o(.text.HAL_CAN_ErrorCallback)
    HAL_CAN_GetRxMessage                     0x08000641   Thumb Code   284  stm32f4xx_hal_can.o(.text.HAL_CAN_GetRxMessage)
    HAL_CAN_IRQHandler                       0x0800075d   Thumb Code   590  stm32f4xx_hal_can.o(.text.HAL_CAN_IRQHandler)
    HAL_CAN_Init                             0x080009ad   Thumb Code   244  stm32f4xx_hal_can.o(.text.HAL_CAN_Init)
    HAL_CAN_MspInit                          0x08000aa1   Thumb Code   144  can.o(.text.HAL_CAN_MspInit)
    HAL_CAN_RxFifo0FullCallback              0x08000b31   Thumb Code     2  stm32f4xx_hal_can.o(.text.HAL_CAN_RxFifo0FullCallback)
    HAL_CAN_RxFifo0MsgPendingCallback        0x08000b35   Thumb Code    70  drv_can.o(.text.HAL_CAN_RxFifo0MsgPendingCallback)
    HAL_CAN_RxFifo1FullCallback              0x08000b7d   Thumb Code     2  stm32f4xx_hal_can.o(.text.HAL_CAN_RxFifo1FullCallback)
    HAL_CAN_RxFifo1MsgPendingCallback        0x08000b81   Thumb Code    70  drv_can.o(.text.HAL_CAN_RxFifo1MsgPendingCallback)
    HAL_CAN_SleepCallback                    0x08000bc9   Thumb Code     2  stm32f4xx_hal_can.o(.text.HAL_CAN_SleepCallback)
    HAL_CAN_Start                            0x08000bcd   Thumb Code    90  stm32f4xx_hal_can.o(.text.HAL_CAN_Start)
    HAL_CAN_TxMailbox0AbortCallback          0x08000c29   Thumb Code     2  stm32f4xx_hal_can.o(.text.HAL_CAN_TxMailbox0AbortCallback)
    HAL_CAN_TxMailbox0CompleteCallback       0x08000c2d   Thumb Code     2  stm32f4xx_hal_can.o(.text.HAL_CAN_TxMailbox0CompleteCallback)
    HAL_CAN_TxMailbox1AbortCallback          0x08000c31   Thumb Code     2  stm32f4xx_hal_can.o(.text.HAL_CAN_TxMailbox1AbortCallback)
    HAL_CAN_TxMailbox1CompleteCallback       0x08000c35   Thumb Code     2  stm32f4xx_hal_can.o(.text.HAL_CAN_TxMailbox1CompleteCallback)
    HAL_CAN_TxMailbox2AbortCallback          0x08000c39   Thumb Code     2  stm32f4xx_hal_can.o(.text.HAL_CAN_TxMailbox2AbortCallback)
    HAL_CAN_TxMailbox2CompleteCallback       0x08000c3d   Thumb Code     2  stm32f4xx_hal_can.o(.text.HAL_CAN_TxMailbox2CompleteCallback)
    HAL_CAN_WakeUpFromRxMsgCallback          0x08000c41   Thumb Code     2  stm32f4xx_hal_can.o(.text.HAL_CAN_WakeUpFromRxMsgCallback)
    HAL_DMA_Abort                            0x08000c45   Thumb Code   128  stm32f4xx_hal_dma.o(.text.HAL_DMA_Abort)
    HAL_DMA_Abort_IT                         0x08000cc5   Thumb Code    36  stm32f4xx_hal_dma.o(.text.HAL_DMA_Abort_IT)
    HAL_DMA_IRQHandler                       0x08000ce9   Thumb Code   396  stm32f4xx_hal_dma.o(.text.HAL_DMA_IRQHandler)
    HAL_DMA_Init                             0x08000e75   Thumb Code   206  stm32f4xx_hal_dma.o(.text.HAL_DMA_Init)
    HAL_DMA_Start_IT                         0x08000f45   Thumb Code    98  stm32f4xx_hal_dma.o(.text.HAL_DMA_Start_IT)
    HAL_Delay                                0x08000fa9   Thumb Code    40  stm32f4xx_hal.o(.text.HAL_Delay)
    HAL_GPIO_Init                            0x08000fd1   Thumb Code   410  stm32f4xx_hal_gpio.o(.text.HAL_GPIO_Init)
    HAL_GPIO_WritePin                        0x0800116d   Thumb Code    10  stm32f4xx_hal_gpio.o(.text.HAL_GPIO_WritePin)
    HAL_GetTick                              0x08001179   Thumb Code    12  stm32f4xx_hal.o(.text.HAL_GetTick)
    HAL_IncTick                              0x08001185   Thumb Code    26  stm32f4xx_hal.o(.text.HAL_IncTick)
    HAL_Init                                 0x080011a1   Thumb Code    54  stm32f4xx_hal.o(.text.HAL_Init)
    HAL_InitTick                             0x080011d9   Thumb Code    80  stm32f4xx_hal.o(.text.HAL_InitTick)
    HAL_MspInit                              0x08001229   Thumb Code    56  stm32f4xx_hal_msp.o(.text.HAL_MspInit)
    HAL_NVIC_EnableIRQ                       0x08001261   Thumb Code     8  stm32f4xx_hal_cortex.o(.text.HAL_NVIC_EnableIRQ)
    HAL_NVIC_SetPriority                     0x08001269   Thumb Code    30  stm32f4xx_hal_cortex.o(.text.HAL_NVIC_SetPriority)
    HAL_NVIC_SetPriorityGrouping             0x08001289   Thumb Code     8  stm32f4xx_hal_cortex.o(.text.HAL_NVIC_SetPriorityGrouping)
    HAL_PWREx_EnableOverDrive                0x08001291   Thumb Code   122  stm32f4xx_hal_pwr_ex.o(.text.HAL_PWREx_EnableOverDrive)
    HAL_RCC_ClockConfig                      0x0800130d   Thumb Code   352  stm32f4xx_hal_rcc.o(.text.HAL_RCC_ClockConfig)
    HAL_RCC_GetHCLKFreq                      0x0800146d   Thumb Code    12  stm32f4xx_hal_rcc.o(.text.HAL_RCC_GetHCLKFreq)
    HAL_RCC_GetPCLK1Freq                     0x08001479   Thumb Code    34  stm32f4xx_hal_rcc.o(.text.HAL_RCC_GetPCLK1Freq)
    HAL_RCC_GetPCLK2Freq                     0x0800149d   Thumb Code    34  stm32f4xx_hal_rcc.o(.text.HAL_RCC_GetPCLK2Freq)
    HAL_RCC_GetSysClockFreq                  0x080014c1   Thumb Code   104  stm32f4xx_hal_rcc.o(.text.HAL_RCC_GetSysClockFreq)
    HAL_RCC_OscConfig                        0x08001529   Thumb Code   840  stm32f4xx_hal_rcc.o(.text.HAL_RCC_OscConfig)
    HAL_SYSTICK_Config                       0x08001871   Thumb Code     8  stm32f4xx_hal_cortex.o(.text.HAL_SYSTICK_Config)
    HAL_UARTEx_ReceiveToIdle_DMA             0x08001879   Thumb Code   108  stm32f4xx_hal_uart.o(.text.HAL_UARTEx_ReceiveToIdle_DMA)
    HAL_UARTEx_RxEventCallback               0x080018e5   Thumb Code   246  drv_uart.o(.text.HAL_UARTEx_RxEventCallback)
    HAL_UART_ErrorCallback                   0x080019dd   Thumb Code     2  stm32f4xx_hal_uart.o(.text.HAL_UART_ErrorCallback)
    HAL_UART_IRQHandler                      0x080019e1   Thumb Code   570  stm32f4xx_hal_uart.o(.text.HAL_UART_IRQHandler)
    HAL_UART_Init                            0x08001c1d   Thumb Code    94  stm32f4xx_hal_uart.o(.text.HAL_UART_Init)
    HAL_UART_MspInit                         0x08001c7d   Thumb Code   256  usart.o(.text.HAL_UART_MspInit)
    HAL_UART_RxCpltCallback                  0x08001d7d   Thumb Code     2  stm32f4xx_hal_uart.o(.text.HAL_UART_RxCpltCallback)
    HAL_UART_RxHalfCpltCallback              0x08001d81   Thumb Code     2  stm32f4xx_hal_uart.o(.text.HAL_UART_RxHalfCpltCallback)
    HAL_UART_Transmit_DMA                    0x08001d85   Thumb Code   140  stm32f4xx_hal_uart.o(.text.HAL_UART_Transmit_DMA)
    HAL_UART_TxCpltCallback                  0x08001e11   Thumb Code     2  stm32f4xx_hal_uart.o(.text.HAL_UART_TxCpltCallback)
    HAL_UART_TxHalfCpltCallback              0x08001e15   Thumb Code     2  stm32f4xx_hal_uart.o(.text.HAL_UART_TxHalfCpltCallback)
    HardFault_Handler                        0x08001e19   Thumb Code     2  stm32f4xx_it.o(.text.HardFault_Handler)
    MX_CAN1_Init                             0x08001e1d   Thumb Code    66  can.o(.text.MX_CAN1_Init)
    MX_DMA_Init                              0x08001e61   Thumb Code    70  dma.o(.text.MX_DMA_Init)
    MX_GPIO_Init                             0x08001ea9   Thumb Code   128  gpio.o(.text.MX_GPIO_Init)
    MX_USART2_UART_Init                      0x08001f29   Thumb Code    56  usart.o(.text.MX_USART2_UART_Init)
    MemManage_Handler                        0x08001f61   Thumb Code     2  stm32f4xx_it.o(.text.MemManage_Handler)
    NMI_Handler                              0x08001f65   Thumb Code     2  stm32f4xx_it.o(.text.NMI_Handler)
    PendSV_Handler                           0x08001f69   Thumb Code     2  stm32f4xx_it.o(.text.PendSV_Handler)
    SVC_Handler                              0x08001f6d   Thumb Code     2  stm32f4xx_it.o(.text.SVC_Handler)
    SysTick_Handler                          0x08001f71   Thumb Code     8  stm32f4xx_it.o(.text.SysTick_Handler)
    SystemInit                               0x08001f79   Thumb Code    18  system_stm32f4xx.o(.text.SystemInit)
    UART_Start_Receive_DMA                   0x08001f8d   Thumb Code   154  stm32f4xx_hal_uart.o(.text.UART_Start_Receive_DMA)
    USART2_IRQHandler                        0x08002029   Thumb Code    16  stm32f4xx_it.o(.text.USART2_IRQHandler)
    UsageFault_Handler                       0x08002039   Thumb Code     2  stm32f4xx_it.o(.text.UsageFault_Handler)
    BSP_DC24_LD(Enum_BSP_DC24_Status)        0x0800203d   Thumb Code    20  drv_bsp.o(.text._Z11BSP_DC24_LD20Enum_BSP_DC24_Status)
    BSP_DC24_LU(Enum_BSP_DC24_Status)        0x08002051   Thumb Code    20  drv_bsp.o(.text._Z11BSP_DC24_LU20Enum_BSP_DC24_Status)
    BSP_DC24_RD(Enum_BSP_DC24_Status)        0x08002065   Thumb Code    20  drv_bsp.o(.text._Z11BSP_DC24_RD20Enum_BSP_DC24_Status)
    BSP_DC24_RU(Enum_BSP_DC24_Status)        0x08002079   Thumb Code    20  drv_bsp.o(.text._Z11BSP_DC24_RU20Enum_BSP_DC24_Status)
    CAN_Send_Data(__CAN_HandleTypeDef*, unsigned short, unsigned char*, unsigned short) 0x0800208d   Thumb Code    28  drv_can.o(.text._Z13CAN_Send_DataP19__CAN_HandleTypeDeftPht)
    void Math_Constrain<float>(float*, float, float) 0x080020a9   Thumb Code    40  alg_pid.o(.text._Z14Math_ConstrainIfEvPT_S0_S0_)
    UART_Send_Data(__UART_HandleTypeDef*, unsigned char*, unsigned short) 0x080020d1   Thumb Code     8  drv_uart.o(.text._Z14UART_Send_DataP20__UART_HandleTypeDefPht)
    allocate_tx_data(__CAN_HandleTypeDef*, Enum_CAN_Motor_ID) 0x080020d9   Thumb Code   136  dvc_motor.o(.text._Z16allocate_tx_dataP19__CAN_HandleTypeDef17Enum_CAN_Motor_ID)
    SystemClock_Config()                     0x08002161   Thumb Code   174  main.o(.text._Z18SystemClock_Configv)
    CAN_Motor_Call_Back(Struct_CAN_Rx_Buffer*) 0x08002211   Thumb Code    32  main.o(.text._Z19CAN_Motor_Call_BackP20Struct_CAN_Rx_Buffer)
    CAN_Filter_Mask_Config(__CAN_HandleTypeDef*, unsigned char, unsigned int, unsigned int) 0x08002231   Thumb Code    94  drv_can.o(.text._Z22CAN_Filter_Mask_ConfigP19__CAN_HandleTypeDefhjj)
    TIM_CAN_PeriodElapsedCallback()          0x08002291   Thumb Code    54  drv_can.o(.text._Z29TIM_CAN_PeriodElapsedCallbackv)
    TIM_UART_PeriodElapsedCallback()         0x080022c9   Thumb Code    28  drv_uart.o(.text._Z30TIM_UART_PeriodElapsedCallbackv)
    BSP_Init(unsigned int, float, float)     0x080022e5   Thumb Code   124  drv_bsp.o(.text._Z8BSP_Initjff)
    CAN_Init(__CAN_HandleTypeDef*, void (*)(Struct_CAN_Rx_Buffer*)) 0x08002361   Thumb Code   116  drv_can.o(.text._Z8CAN_InitP19__CAN_HandleTypeDefPFvP20Struct_CAN_Rx_BufferE)
    float Math_Abs<float>(float)             0x080023d5   Thumb Code     6  drv_math.o(.text._Z8Math_AbsIfET_S0_)
    BSP_LED_1(Enum_BSP_LED_Status)           0x080023dd   Thumb Code    20  drv_bsp.o(.text._Z9BSP_LED_119Enum_BSP_LED_Status)
    BSP_LED_2(Enum_BSP_LED_Status)           0x080023f1   Thumb Code    20  drv_bsp.o(.text._Z9BSP_LED_219Enum_BSP_LED_Status)
    BSP_LED_3(Enum_BSP_LED_Status)           0x08002405   Thumb Code    20  drv_bsp.o(.text._Z9BSP_LED_319Enum_BSP_LED_Status)
    BSP_LED_4(Enum_BSP_LED_Status)           0x08002419   Thumb Code    20  drv_bsp.o(.text._Z9BSP_LED_419Enum_BSP_LED_Status)
    BSP_LED_5(Enum_BSP_LED_Status)           0x0800242d   Thumb Code    20  drv_bsp.o(.text._Z9BSP_LED_519Enum_BSP_LED_Status)
    BSP_LED_6(Enum_BSP_LED_Status)           0x08002441   Thumb Code    20  drv_bsp.o(.text._Z9BSP_LED_619Enum_BSP_LED_Status)
    BSP_LED_7(Enum_BSP_LED_Status)           0x08002455   Thumb Code    20  drv_bsp.o(.text._Z9BSP_LED_719Enum_BSP_LED_Status)
    BSP_LED_8(Enum_BSP_LED_Status)           0x08002469   Thumb Code    22  drv_bsp.o(.text._Z9BSP_LED_819Enum_BSP_LED_Status)
    BSP_LED_G(Enum_BSP_LED_Status)           0x08002481   Thumb Code    22  drv_bsp.o(.text._Z9BSP_LED_G19Enum_BSP_LED_Status)
    BSP_LED_R(Enum_BSP_LED_Status)           0x08002499   Thumb Code    22  drv_bsp.o(.text._Z9BSP_LED_R19Enum_BSP_LED_Status)
    Class_Motor_C620::CAN_RxCpltCallback(unsigned char*) 0x080029f9   Thumb Code   212  dvc_motor.o(.text._ZN16Class_Motor_C62018CAN_RxCpltCallbackEPh)
    Class_Motor_C620::TIM_PID_PeriodElapsedCallback() 0x08002acd   Thumb Code   212  dvc_motor.o(.text._ZN16Class_Motor_C62029TIM_PID_PeriodElapsedCallbackEv)
    Class_Motor_C620::Init(__CAN_HandleTypeDef*, Enum_CAN_Motor_ID, Enum_Control_Method, float, float) 0x08002ba1   Thumb Code    84  dvc_motor.o(.text._ZN16Class_Motor_C6204InitEP19__CAN_HandleTypeDef17Enum_CAN_Motor_ID19Enum_Control_Methodff)
    Class_Motor_C620::Output()               0x08002bf5   Thumb Code    40  dvc_motor.o(.text._ZN16Class_Motor_C6206OutputEv)
    Class_Motor_C620::Set_Out(float)         0x08002c1d   Thumb Code     6  dvc_motor.o(.text._ZN16Class_Motor_C6207Set_OutEf)
    Class_Serialplot::Init(__UART_HandleTypeDef*, unsigned char, char**, Enum_Serialplot_Data_Type, unsigned char) 0x08002c25   Thumb Code   244  dvc_serialplot.o(.text._ZN16Class_Serialplot4InitEP20__UART_HandleTypeDefhPPc25Enum_Serialplot_Data_Typeh)
    Class_PID::Set_Target(float)             0x08002d19   Thumb Code     6  alg_pid.o(.text._ZN9Class_PID10Set_TargetEf)
    Class_PID::TIM_Adjust_PeriodElapsedCallback() 0x08002d21   Thumb Code   392  alg_pid.o(.text._ZN9Class_PID32TIM_Adjust_PeriodElapsedCallbackEv)
    Class_PID::Init(float, float, float, float, float, float, float, float, float, float, float, Enum_PID_D_First) 0x08002ea9   Thumb Code    24  alg_pid.o(.text._ZN9Class_PID4InitEfffffffffff16Enum_PID_D_First)
    Class_PID::Get_Out()                     0x08002ec1   Thumb Code     6  alg_pid.o(.text._ZN9Class_PID7Get_OutEv)
    Class_PID::Set_Now(float)                0x08002ec9   Thumb Code     6  alg_pid.o(.text._ZN9Class_PID7Set_NowEf)
    main                                     0x08002ed1   Thumb Code   312  main.o(.text.main)
    _fp_init                                 0x08003009   Thumb Code    26  fpinit.o(x$fpl$fpinit)
    __fplib_config_fpu_vfp                   0x08003021   Thumb Code     0  fpinit.o(x$fpl$fpinit)
    __fplib_config_pureend_doubles           0x08003021   Thumb Code     0  fpinit.o(x$fpl$fpinit)
    AHBPrescTable                            0x08003022   Data          16  system_stm32f4xx.o(.rodata.AHBPrescTable)
    APBPrescTable                            0x08003032   Data           8  system_stm32f4xx.o(.rodata.APBPrescTable)
    Region$$Table$$Base                      0x0800303c   Number         0  anon$$obj.o(Region$$Table)
    Region$$Table$$Limit                     0x0800305c   Number         0  anon$$obj.o(Region$$Table)
    SystemCoreClock                          0x20000000   Data           4  system_stm32f4xx.o(.data.SystemCoreClock)
    motor                                    0x2000025c   Data         248  main.o(.data.motor)
    uwTickFreq                               0x20000354   Data           1  stm32f4xx_hal.o(.data.uwTickFreq)
    uwTickPrio                               0x20000358   Data           4  stm32f4xx_hal.o(.data.uwTickPrio)
    __libspace_start                         0x20000360   Data          96  libspace.o(.bss)
    CAN1_0x1ff_Tx_Data                       0x200003c0   Data           8  drv_can.o(.bss.CAN1_0x1ff_Tx_Data)
    __temporary_stack_top$libspace           0x200003c0   Data           0  libspace.o(.bss)
    CAN1_0x200_Tx_Data                       0x200003c8   Data           8  drv_can.o(.bss.CAN1_0x200_Tx_Data)
    CAN1_0x2ff_Tx_Data                       0x200003d0   Data           8  drv_can.o(.bss.CAN1_0x2ff_Tx_Data)
    CAN1_Manage_Object                       0x200003d8   Data          44  drv_can.o(.bss.CAN1_Manage_Object)
    CAN2_Manage_Object                       0x20000404   Data          44  drv_can.o(.bss.CAN2_Manage_Object)
    UART1_Manage_Object                      0x20000430   Data         524  drv_uart.o(.bss.UART1_Manage_Object)
    UART2_Manage_Object                      0x2000063c   Data         524  drv_uart.o(.bss.UART2_Manage_Object)
    UART3_Manage_Object                      0x20000848   Data         524  drv_uart.o(.bss.UART3_Manage_Object)
    UART4_Manage_Object                      0x20000a54   Data         524  drv_uart.o(.bss.UART4_Manage_Object)
    UART5_Manage_Object                      0x20000c60   Data         524  drv_uart.o(.bss.UART5_Manage_Object)
    UART6_Manage_Object                      0x20000e6c   Data         524  drv_uart.o(.bss.UART6_Manage_Object)
    UART7_Manage_Object                      0x20001078   Data         524  drv_uart.o(.bss.UART7_Manage_Object)
    UART8_Manage_Object                      0x20001284   Data         524  drv_uart.o(.bss.UART8_Manage_Object)
    hcan1                                    0x20001494   Data          40  can.o(.bss.hcan1)
    hdma_usart2_rx                           0x200014bc   Data          96  usart.o(.bss.hdma_usart2_rx)
    hdma_usart2_tx                           0x2000151c   Data          96  usart.o(.bss.hdma_usart2_tx)
    huart2                                   0x2000157c   Data          68  usart.o(.bss.huart2)
    serialplot                               0x200015c0   Data          72  main.o(.bss.serialplot)
    uwTick                                   0x20001608   Data           4  stm32f4xx_hal.o(.bss.uwTick)



==============================================================================

Memory Map of the image

  Image Entry point : 0x080001ad

  Load Region LR_IROM1 (Base: 0x08000000, Size: 0x000033c0, Max: 0x00200000, ABSOLUTE, COMPRESSED[0x00003098])

    Execution Region ER_IROM1 (Exec base: 0x08000000, Load base: 0x08000000, Size: 0x0000305c, Max: 0x00200000, ABSOLUTE)

    Exec Addr    Load Addr    Size         Type   Attr      Idx    E Section Name        Object

    0x08000000   0x08000000   0x000001ac   Data   RO            3    RESET               startup_stm32f427xx.o
    0x080001ac   0x080001ac   0x00000008   Code   RO         1176  * !!!main             c_w.l(__main.o)
    0x080001b4   0x080001b4   0x00000034   Code   RO         1525    !!!scatter          c_w.l(__scatter.o)
    0x080001e8   0x080001e8   0x0000003a   Code   RO         1523    !!dczerorl          c_w.l(__dczerorl.o)
    0x08000222   0x08000222   0x00000002   PAD
    0x08000224   0x08000224   0x0000001c   Code   RO         1527    !!handler_zi        c_w.l(__scatter_zi.o)
    0x08000240   0x08000240   0x00000002   Code   RO         1404    .ARM.Collect$$libinit$$00000000  c_w.l(libinit.o)
    0x08000242   0x08000242   0x00000004   Code   RO         1413    .ARM.Collect$$libinit$$00000001  c_w.l(libinit2.o)
    0x08000246   0x08000246   0x00000000   Code   RO         1416    .ARM.Collect$$libinit$$00000004  c_w.l(libinit2.o)
    0x08000246   0x08000246   0x00000000   Code   RO         1419    .ARM.Collect$$libinit$$0000000A  c_w.l(libinit2.o)
    0x08000246   0x08000246   0x00000000   Code   RO         1421    .ARM.Collect$$libinit$$0000000C  c_w.l(libinit2.o)
    0x08000246   0x08000246   0x00000000   Code   RO         1423    .ARM.Collect$$libinit$$0000000E  c_w.l(libinit2.o)
    0x08000246   0x08000246   0x00000000   Code   RO         1426    .ARM.Collect$$libinit$$00000011  c_w.l(libinit2.o)
    0x08000246   0x08000246   0x00000000   Code   RO         1428    .ARM.Collect$$libinit$$00000013  c_w.l(libinit2.o)
    0x08000246   0x08000246   0x00000000   Code   RO         1430    .ARM.Collect$$libinit$$00000015  c_w.l(libinit2.o)
    0x08000246   0x08000246   0x00000000   Code   RO         1432    .ARM.Collect$$libinit$$00000017  c_w.l(libinit2.o)
    0x08000246   0x08000246   0x00000000   Code   RO         1434    .ARM.Collect$$libinit$$00000019  c_w.l(libinit2.o)
    0x08000246   0x08000246   0x00000000   Code   RO         1436    .ARM.Collect$$libinit$$0000001B  c_w.l(libinit2.o)
    0x08000246   0x08000246   0x00000000   Code   RO         1438    .ARM.Collect$$libinit$$0000001D  c_w.l(libinit2.o)
    0x08000246   0x08000246   0x00000000   Code   RO         1440    .ARM.Collect$$libinit$$0000001F  c_w.l(libinit2.o)
    0x08000246   0x08000246   0x00000000   Code   RO         1442    .ARM.Collect$$libinit$$00000021  c_w.l(libinit2.o)
    0x08000246   0x08000246   0x00000000   Code   RO         1444    .ARM.Collect$$libinit$$00000023  c_w.l(libinit2.o)
    0x08000246   0x08000246   0x00000000   Code   RO         1446    .ARM.Collect$$libinit$$00000025  c_w.l(libinit2.o)
    0x08000246   0x08000246   0x00000000   Code   RO         1450    .ARM.Collect$$libinit$$0000002C  c_w.l(libinit2.o)
    0x08000246   0x08000246   0x00000000   Code   RO         1452    .ARM.Collect$$libinit$$0000002E  c_w.l(libinit2.o)
    0x08000246   0x08000246   0x00000000   Code   RO         1454    .ARM.Collect$$libinit$$00000030  c_w.l(libinit2.o)
    0x08000246   0x08000246   0x00000000   Code   RO         1456    .ARM.Collect$$libinit$$00000032  c_w.l(libinit2.o)
    0x08000246   0x08000246   0x00000002   Code   RO         1457    .ARM.Collect$$libinit$$00000033  c_w.l(libinit2.o)
    0x08000248   0x08000248   0x00000002   Code   RO         1495    .ARM.Collect$$libshutdown$$00000000  c_w.l(libshutdown.o)
    0x0800024a   0x0800024a   0x00000000   Code   RO         1507    .ARM.Collect$$libshutdown$$00000002  c_w.l(libshutdown2.o)
    0x0800024a   0x0800024a   0x00000000   Code   RO         1509    .ARM.Collect$$libshutdown$$00000004  c_w.l(libshutdown2.o)
    0x0800024a   0x0800024a   0x00000000   Code   RO         1512    .ARM.Collect$$libshutdown$$00000007  c_w.l(libshutdown2.o)
    0x0800024a   0x0800024a   0x00000000   Code   RO         1515    .ARM.Collect$$libshutdown$$0000000A  c_w.l(libshutdown2.o)
    0x0800024a   0x0800024a   0x00000000   Code   RO         1517    .ARM.Collect$$libshutdown$$0000000C  c_w.l(libshutdown2.o)
    0x0800024a   0x0800024a   0x00000000   Code   RO         1520    .ARM.Collect$$libshutdown$$0000000F  c_w.l(libshutdown2.o)
    0x0800024a   0x0800024a   0x00000002   Code   RO         1521    .ARM.Collect$$libshutdown$$00000010  c_w.l(libshutdown2.o)
    0x0800024c   0x0800024c   0x00000000   Code   RO         1232    .ARM.Collect$$rtentry$$00000000  c_w.l(__rtentry.o)
    0x0800024c   0x0800024c   0x00000000   Code   RO         1349    .ARM.Collect$$rtentry$$00000002  c_w.l(__rtentry2.o)
    0x0800024c   0x0800024c   0x00000006   Code   RO         1361    .ARM.Collect$$rtentry$$00000004  c_w.l(__rtentry4.o)
    0x08000252   0x08000252   0x00000000   Code   RO         1351    .ARM.Collect$$rtentry$$00000009  c_w.l(__rtentry2.o)
    0x08000252   0x08000252   0x00000004   Code   RO         1352    .ARM.Collect$$rtentry$$0000000A  c_w.l(__rtentry2.o)
    0x08000256   0x08000256   0x00000000   Code   RO         1354    .ARM.Collect$$rtentry$$0000000C  c_w.l(__rtentry2.o)
    0x08000256   0x08000256   0x00000008   Code   RO         1355    .ARM.Collect$$rtentry$$0000000D  c_w.l(__rtentry2.o)
    0x0800025e   0x0800025e   0x00000002   Code   RO         1405    .ARM.Collect$$rtexit$$00000000  c_w.l(rtexit.o)
    0x08000260   0x08000260   0x00000000   Code   RO         1463    .ARM.Collect$$rtexit$$00000002  c_w.l(rtexit2.o)
    0x08000260   0x08000260   0x00000004   Code   RO         1464    .ARM.Collect$$rtexit$$00000003  c_w.l(rtexit2.o)
    0x08000264   0x08000264   0x00000006   Code   RO         1465    .ARM.Collect$$rtexit$$00000004  c_w.l(rtexit2.o)
    0x0800026a   0x0800026a   0x00000002   PAD
    0x0800026c   0x0800026c   0x00000040   Code   RO            4    .text               startup_stm32f427xx.o
    0x080002ac   0x080002ac   0x000000f0   Code   RO         1168    .text               c_w.l(lludivv7m.o)
    0x0800039c   0x0800039c   0x0000004e   Code   RO         1170    .text               c_w.l(rt_memclr_w.o)
    0x080003ea   0x080003ea   0x00000006   Code   RO         1174    .text               c_w.l(heapauxi.o)
    0x080003f0   0x080003f0   0x0000000c   Code   RO         1344    .text               c_w.l(sys_exit.o)
    0x080003fc   0x080003fc   0x00000008   Code   RO         1377    .text               c_w.l(libspace.o)
    0x08000404   0x08000404   0x00000002   Code   RO         1380    .text               c_w.l(use_no_semi.o)
    0x08000406   0x08000406   0x00000000   Code   RO         1382    .text               c_w.l(indicate_semi.o)
    0x08000406   0x08000406   0x0000004a   Code   RO         1383    .text               c_w.l(sys_stackheap_outer.o)
    0x08000450   0x08000450   0x00000012   Code   RO         1387    .text               c_w.l(exit.o)
    0x08000462   0x08000462   0x00000002   PAD
    0x08000464   0x08000464   0x00000002   Code   RO           95    .text.BusFault_Handler  stm32f4xx_it.o
    0x08000466   0x08000466   0x00000002   PAD
    0x08000468   0x08000468   0x00000010   Code   RO          111    .text.CAN1_RX0_IRQHandler  stm32f4xx_it.o
    0x08000478   0x08000478   0x00000010   Code   RO          113    .text.CAN1_RX1_IRQHandler  stm32f4xx_it.o
    0x08000488   0x08000488   0x00000010   Code   RO          107    .text.DMA1_Stream5_IRQHandler  stm32f4xx_it.o
    0x08000498   0x08000498   0x00000010   Code   RO          109    .text.DMA1_Stream6_IRQHandler  stm32f4xx_it.o
    0x080004a8   0x080004a8   0x00000002   Code   RO          101    .text.DebugMon_Handler  stm32f4xx_it.o
    0x080004aa   0x080004aa   0x00000002   PAD
    0x080004ac   0x080004ac   0x0000000a   Code   RO           20    .text.Error_Handler  main.o
    0x080004b6   0x080004b6   0x00000002   PAD
    0x080004b8   0x080004b8   0x000000a4   Code   RO          475    .text.HAL_CAN_AddTxMessage  stm32f4xx_hal_can.o
    0x0800055c   0x0800055c   0x000000de   Code   RO          465    .text.HAL_CAN_ConfigFilter  stm32f4xx_hal_can.o
    0x0800063a   0x0800063a   0x00000002   PAD
    0x0800063c   0x0800063c   0x00000002   Code   RO          519    .text.HAL_CAN_ErrorCallback  stm32f4xx_hal_can.o
    0x0800063e   0x0800063e   0x00000002   PAD
    0x08000640   0x08000640   0x0000011c   Code   RO          485    .text.HAL_CAN_GetRxMessage  stm32f4xx_hal_can.o
    0x0800075c   0x0800075c   0x0000024e   Code   RO          493    .text.HAL_CAN_IRQHandler  stm32f4xx_hal_can.o
    0x080009aa   0x080009aa   0x00000002   PAD
    0x080009ac   0x080009ac   0x000000f4   Code   RO          455    .text.HAL_CAN_Init  stm32f4xx_hal_can.o
    0x08000aa0   0x08000aa0   0x00000090   Code   RO           50    .text.HAL_CAN_MspInit  can.o
    0x08000b30   0x08000b30   0x00000002   Code   RO          507    .text.HAL_CAN_RxFifo0FullCallback  stm32f4xx_hal_can.o
    0x08000b32   0x08000b32   0x00000002   PAD
    0x08000b34   0x08000b34   0x00000046   Code   RO          202    .text.HAL_CAN_RxFifo0MsgPendingCallback  drv_can.o
    0x08000b7a   0x08000b7a   0x00000002   PAD
    0x08000b7c   0x08000b7c   0x00000002   Code   RO          511    .text.HAL_CAN_RxFifo1FullCallback  stm32f4xx_hal_can.o
    0x08000b7e   0x08000b7e   0x00000002   PAD
    0x08000b80   0x08000b80   0x00000046   Code   RO          204    .text.HAL_CAN_RxFifo1MsgPendingCallback  drv_can.o
    0x08000bc6   0x08000bc6   0x00000002   PAD
    0x08000bc8   0x08000bc8   0x00000002   Code   RO          515    .text.HAL_CAN_SleepCallback  stm32f4xx_hal_can.o
    0x08000bca   0x08000bca   0x00000002   PAD
    0x08000bcc   0x08000bcc   0x0000005a   Code   RO          467    .text.HAL_CAN_Start  stm32f4xx_hal_can.o
    0x08000c26   0x08000c26   0x00000002   PAD
    0x08000c28   0x08000c28   0x00000002   Code   RO          497    .text.HAL_CAN_TxMailbox0AbortCallback  stm32f4xx_hal_can.o
    0x08000c2a   0x08000c2a   0x00000002   PAD
    0x08000c2c   0x08000c2c   0x00000002   Code   RO          495    .text.HAL_CAN_TxMailbox0CompleteCallback  stm32f4xx_hal_can.o
    0x08000c2e   0x08000c2e   0x00000002   PAD
    0x08000c30   0x08000c30   0x00000002   Code   RO          501    .text.HAL_CAN_TxMailbox1AbortCallback  stm32f4xx_hal_can.o
    0x08000c32   0x08000c32   0x00000002   PAD
    0x08000c34   0x08000c34   0x00000002   Code   RO          499    .text.HAL_CAN_TxMailbox1CompleteCallback  stm32f4xx_hal_can.o
    0x08000c36   0x08000c36   0x00000002   PAD
    0x08000c38   0x08000c38   0x00000002   Code   RO          505    .text.HAL_CAN_TxMailbox2AbortCallback  stm32f4xx_hal_can.o
    0x08000c3a   0x08000c3a   0x00000002   PAD
    0x08000c3c   0x08000c3c   0x00000002   Code   RO          503    .text.HAL_CAN_TxMailbox2CompleteCallback  stm32f4xx_hal_can.o
    0x08000c3e   0x08000c3e   0x00000002   PAD
    0x08000c40   0x08000c40   0x00000002   Code   RO          517    .text.HAL_CAN_WakeUpFromRxMsgCallback  stm32f4xx_hal_can.o
    0x08000c42   0x08000c42   0x00000002   PAD
    0x08000c44   0x08000c44   0x00000080   Code   RO          753    .text.HAL_DMA_Abort  stm32f4xx_hal_dma.o
    0x08000cc4   0x08000cc4   0x00000024   Code   RO          755    .text.HAL_DMA_Abort_IT  stm32f4xx_hal_dma.o
    0x08000ce8   0x08000ce8   0x0000018c   Code   RO          759    .text.HAL_DMA_IRQHandler  stm32f4xx_hal_dma.o
    0x08000e74   0x08000e74   0x000000ce   Code   RO          739    .text.HAL_DMA_Init  stm32f4xx_hal_dma.o
    0x08000f42   0x08000f42   0x00000002   PAD
    0x08000f44   0x08000f44   0x00000062   Code   RO          751    .text.HAL_DMA_Start_IT  stm32f4xx_hal_dma.o
    0x08000fa6   0x08000fa6   0x00000002   PAD
    0x08000fa8   0x08000fa8   0x00000028   Code   RO          937    .text.HAL_Delay     stm32f4xx_hal.o
    0x08000fd0   0x08000fd0   0x0000019a   Code   RO          699    .text.HAL_GPIO_Init  stm32f4xx_hal_gpio.o
    0x0800116a   0x0800116a   0x00000002   PAD
    0x0800116c   0x0800116c   0x0000000a   Code   RO          705    .text.HAL_GPIO_WritePin  stm32f4xx_hal_gpio.o
    0x08001176   0x08001176   0x00000002   PAD
    0x08001178   0x08001178   0x0000000c   Code   RO          929    .text.HAL_GetTick   stm32f4xx_hal.o
    0x08001184   0x08001184   0x0000001a   Code   RO          927    .text.HAL_IncTick   stm32f4xx_hal.o
    0x0800119e   0x0800119e   0x00000002   PAD
    0x080011a0   0x080011a0   0x00000036   Code   RO          917    .text.HAL_Init      stm32f4xx_hal.o
    0x080011d6   0x080011d6   0x00000002   PAD
    0x080011d8   0x080011d8   0x00000050   Code   RO          919    .text.HAL_InitTick  stm32f4xx_hal.o
    0x08001228   0x08001228   0x00000038   Code   RO          124    .text.HAL_MspInit   stm32f4xx_hal_msp.o
    0x08001260   0x08001260   0x00000008   Code   RO          857    .text.HAL_NVIC_EnableIRQ  stm32f4xx_hal_cortex.o
    0x08001268   0x08001268   0x0000001e   Code   RO          849    .text.HAL_NVIC_SetPriority  stm32f4xx_hal_cortex.o
    0x08001286   0x08001286   0x00000002   PAD
    0x08001288   0x08001288   0x00000008   Code   RO          845    .text.HAL_NVIC_SetPriorityGrouping  stm32f4xx_hal_cortex.o
    0x08001290   0x08001290   0x0000007a   Code   RO          831    .text.HAL_PWREx_EnableOverDrive  stm32f4xx_hal_pwr_ex.o
    0x0800130a   0x0800130a   0x00000002   PAD
    0x0800130c   0x0800130c   0x00000160   Code   RO          539    .text.HAL_RCC_ClockConfig  stm32f4xx_hal_rcc.o
    0x0800146c   0x0800146c   0x0000000c   Code   RO          549    .text.HAL_RCC_GetHCLKFreq  stm32f4xx_hal_rcc.o
    0x08001478   0x08001478   0x00000022   Code   RO          551    .text.HAL_RCC_GetPCLK1Freq  stm32f4xx_hal_rcc.o
    0x0800149a   0x0800149a   0x00000002   PAD
    0x0800149c   0x0800149c   0x00000022   Code   RO          553    .text.HAL_RCC_GetPCLK2Freq  stm32f4xx_hal_rcc.o
    0x080014be   0x080014be   0x00000002   PAD
    0x080014c0   0x080014c0   0x00000068   Code   RO          541    .text.HAL_RCC_GetSysClockFreq  stm32f4xx_hal_rcc.o
    0x08001528   0x08001528   0x00000348   Code   RO          537    .text.HAL_RCC_OscConfig  stm32f4xx_hal_rcc.o
    0x08001870   0x08001870   0x00000008   Code   RO          869    .text.HAL_SYSTICK_Config  stm32f4xx_hal_cortex.o
    0x08001878   0x08001878   0x0000006c   Code   RO         1076    .text.HAL_UARTEx_ReceiveToIdle_DMA  stm32f4xx_hal_uart.o
    0x080018e4   0x080018e4   0x000000f6   Code   RO          176    .text.HAL_UARTEx_RxEventCallback  drv_uart.o
    0x080019da   0x080019da   0x00000002   PAD
    0x080019dc   0x080019dc   0x00000002   Code   RO         1110    .text.HAL_UART_ErrorCallback  stm32f4xx_hal_uart.o
    0x080019de   0x080019de   0x00000002   PAD
    0x080019e0   0x080019e0   0x0000023a   Code   RO         1104    .text.HAL_UART_IRQHandler  stm32f4xx_hal_uart.o
    0x08001c1a   0x08001c1a   0x00000002   PAD
    0x08001c1c   0x08001c1c   0x0000005e   Code   RO         1022    .text.HAL_UART_Init  stm32f4xx_hal_uart.o
    0x08001c7a   0x08001c7a   0x00000002   PAD
    0x08001c7c   0x08001c7c   0x00000100   Code   RO           74    .text.HAL_UART_MspInit  usart.o
    0x08001d7c   0x08001d7c   0x00000002   Code   RO         1122    .text.HAL_UART_RxCpltCallback  stm32f4xx_hal_uart.o
    0x08001d7e   0x08001d7e   0x00000002   PAD
    0x08001d80   0x08001d80   0x00000002   Code   RO         1124    .text.HAL_UART_RxHalfCpltCallback  stm32f4xx_hal_uart.o
    0x08001d82   0x08001d82   0x00000002   PAD
    0x08001d84   0x08001d84   0x0000008c   Code   RO         1050    .text.HAL_UART_Transmit_DMA  stm32f4xx_hal_uart.o
    0x08001e10   0x08001e10   0x00000002   Code   RO         1118    .text.HAL_UART_TxCpltCallback  stm32f4xx_hal_uart.o
    0x08001e12   0x08001e12   0x00000002   PAD
    0x08001e14   0x08001e14   0x00000002   Code   RO         1120    .text.HAL_UART_TxHalfCpltCallback  stm32f4xx_hal_uart.o
    0x08001e16   0x08001e16   0x00000002   PAD
    0x08001e18   0x08001e18   0x00000002   Code   RO           91    .text.HardFault_Handler  stm32f4xx_it.o
    0x08001e1a   0x08001e1a   0x00000002   PAD
    0x08001e1c   0x08001e1c   0x00000042   Code   RO           48    .text.MX_CAN1_Init  can.o
    0x08001e5e   0x08001e5e   0x00000002   PAD
    0x08001e60   0x08001e60   0x00000046   Code   RO           63    .text.MX_DMA_Init   dma.o
    0x08001ea6   0x08001ea6   0x00000002   PAD
    0x08001ea8   0x08001ea8   0x00000080   Code   RO           39    .text.MX_GPIO_Init  gpio.o
    0x08001f28   0x08001f28   0x00000038   Code   RO           72    .text.MX_USART2_UART_Init  usart.o
    0x08001f60   0x08001f60   0x00000002   Code   RO           93    .text.MemManage_Handler  stm32f4xx_it.o
    0x08001f62   0x08001f62   0x00000002   PAD
    0x08001f64   0x08001f64   0x00000002   Code   RO           89    .text.NMI_Handler   stm32f4xx_it.o
    0x08001f66   0x08001f66   0x00000002   PAD
    0x08001f68   0x08001f68   0x00000002   Code   RO          103    .text.PendSV_Handler  stm32f4xx_it.o
    0x08001f6a   0x08001f6a   0x00000002   PAD
    0x08001f6c   0x08001f6c   0x00000002   Code   RO           99    .text.SVC_Handler   stm32f4xx_it.o
    0x08001f6e   0x08001f6e   0x00000002   PAD
    0x08001f70   0x08001f70   0x00000008   Code   RO          105    .text.SysTick_Handler  stm32f4xx_it.o
    0x08001f78   0x08001f78   0x00000012   Code   RO         1152    .text.SystemInit    system_stm32f4xx.o
    0x08001f8a   0x08001f8a   0x00000002   PAD
    0x08001f8c   0x08001f8c   0x0000009a   Code   RO         1060    .text.UART_Start_Receive_DMA  stm32f4xx_hal_uart.o
    0x08002026   0x08002026   0x00000002   PAD
    0x08002028   0x08002028   0x00000010   Code   RO          115    .text.USART2_IRQHandler  stm32f4xx_it.o
    0x08002038   0x08002038   0x00000002   Code   RO           97    .text.UsageFault_Handler  stm32f4xx_it.o
    0x0800203a   0x0800203a   0x00000002   PAD
    0x0800203c   0x0800203c   0x00000014   Code   RO          136    .text._Z11BSP_DC24_LD20Enum_BSP_DC24_Status  drv_bsp.o
    0x08002050   0x08002050   0x00000014   Code   RO          134    .text._Z11BSP_DC24_LU20Enum_BSP_DC24_Status  drv_bsp.o
    0x08002064   0x08002064   0x00000014   Code   RO          140    .text._Z11BSP_DC24_RD20Enum_BSP_DC24_Status  drv_bsp.o
    0x08002078   0x08002078   0x00000014   Code   RO          138    .text._Z11BSP_DC24_RU20Enum_BSP_DC24_Status  drv_bsp.o
    0x0800208c   0x0800208c   0x0000001c   Code   RO          198    .text._Z13CAN_Send_DataP19__CAN_HandleTypeDeftPht  drv_can.o
    0x080020a8   0x080020a8   0x00000028   Code   RO          289    .text._Z14Math_ConstrainIfEvPT_S0_S0_  alg_pid.o
    0x080020d0   0x080020d0   0x00000008   Code   RO          172    .text._Z14UART_Send_DataP20__UART_HandleTypeDefPht  drv_uart.o
    0x080020d8   0x080020d8   0x00000088   Code   RO          319    .text._Z16allocate_tx_dataP19__CAN_HandleTypeDef17Enum_CAN_Motor_ID  dvc_motor.o
    0x08002160   0x08002160   0x000000ae   Code   RO           18    .text._Z18SystemClock_Configv  main.o
    0x0800220e   0x0800220e   0x00000002   PAD
    0x08002210   0x08002210   0x00000020   Code   RO           11    .text._Z19CAN_Motor_Call_BackP20Struct_CAN_Rx_Buffer  main.o
    0x08002230   0x08002230   0x0000005e   Code   RO          196    .text._Z22CAN_Filter_Mask_ConfigP19__CAN_HandleTypeDefhjj  drv_can.o
    0x0800228e   0x0800228e   0x00000002   PAD
    0x08002290   0x08002290   0x00000036   Code   RO          200    .text._Z29TIM_CAN_PeriodElapsedCallbackv  drv_can.o
    0x080022c6   0x080022c6   0x00000002   PAD
    0x080022c8   0x080022c8   0x0000001c   Code   RO          174    .text._Z30TIM_UART_PeriodElapsedCallbackv  drv_uart.o
    0x080022e4   0x080022e4   0x0000007c   Code   RO          132    .text._Z8BSP_Initjff  drv_bsp.o
    0x08002360   0x08002360   0x00000074   Code   RO          194    .text._Z8CAN_InitP19__CAN_HandleTypeDefPFvP20Struct_CAN_Rx_BufferE  drv_can.o
    0x080023d4   0x080023d4   0x00000006   Code   RO          247    .text._Z8Math_AbsIfET_S0_  drv_math.o
    0x080023da   0x080023da   0x00000002   PAD
    0x080023dc   0x080023dc   0x00000014   Code   RO          146    .text._Z9BSP_LED_119Enum_BSP_LED_Status  drv_bsp.o
    0x080023f0   0x080023f0   0x00000014   Code   RO          148    .text._Z9BSP_LED_219Enum_BSP_LED_Status  drv_bsp.o
    0x08002404   0x08002404   0x00000014   Code   RO          150    .text._Z9BSP_LED_319Enum_BSP_LED_Status  drv_bsp.o
    0x08002418   0x08002418   0x00000014   Code   RO          152    .text._Z9BSP_LED_419Enum_BSP_LED_Status  drv_bsp.o
    0x0800242c   0x0800242c   0x00000014   Code   RO          154    .text._Z9BSP_LED_519Enum_BSP_LED_Status  drv_bsp.o
    0x08002440   0x08002440   0x00000014   Code   RO          156    .text._Z9BSP_LED_619Enum_BSP_LED_Status  drv_bsp.o
    0x08002454   0x08002454   0x00000014   Code   RO          158    .text._Z9BSP_LED_719Enum_BSP_LED_Status  drv_bsp.o
    0x08002468   0x08002468   0x00000016   Code   RO          160    .text._Z9BSP_LED_819Enum_BSP_LED_Status  drv_bsp.o
    0x0800247e   0x0800247e   0x00000002   PAD
    0x08002480   0x08002480   0x00000016   Code   RO          144    .text._Z9BSP_LED_G19Enum_BSP_LED_Status  drv_bsp.o
    0x08002496   0x08002496   0x00000002   PAD
    0x08002498   0x08002498   0x00000016   Code   RO          142    .text._Z9BSP_LED_R19Enum_BSP_LED_Status  drv_bsp.o
    0x080024ae   0x080024ae   0x00000002   PAD
    0x080024b0   0x080024b0   0x00000030   Code   RO          749    .text._ZL13DMA_SetConfigP19__DMA_HandleTypeDefjjj  stm32f4xx_hal_dma.o
    0x080024e0   0x080024e0   0x0000004c   Code   RO         1056    .text._ZL13UART_DMAErrorP19__DMA_HandleTypeDef  stm32f4xx_hal_uart.o
    0x0800252c   0x0800252c   0x0000002e   Code   RO          871    .text._ZL14SysTick_Configj  stm32f4xx_hal_cortex.o
    0x0800255a   0x0800255a   0x00000002   PAD
    0x0800255c   0x0800255c   0x000000dc   Code   RO         1026    .text._ZL14UART_SetConfigP20__UART_HandleTypeDef  stm32f4xx_hal_uart.o
    0x08002638   0x08002638   0x000000c4   Code   RO         1106    .text._ZL15UART_Receive_ITP20__UART_HandleTypeDef  stm32f4xx_hal_uart.o
    0x080026fc   0x080026fc   0x00000052   Code   RO         1114    .text._ZL16UART_Transmit_ITP20__UART_HandleTypeDef  stm32f4xx_hal_uart.o
    0x0800274e   0x0800274e   0x00000002   PAD
    0x08002750   0x08002750   0x00000020   Code   RO          859    .text._ZL16__NVIC_EnableIRQ9IRQn_Type  stm32f4xx_hal_cortex.o
    0x08002770   0x08002770   0x00000050   Code   RO          741    .text._ZL18DMA_CheckFifoParamP19__DMA_HandleTypeDef  stm32f4xx_hal_dma.o
    0x080027c0   0x080027c0   0x0000001a   Code   RO         1142    .text._ZL18UART_DMARxHalfCpltP19__DMA_HandleTypeDef  stm32f4xx_hal_uart.o
    0x080027da   0x080027da   0x00000002   PAD
    0x080027dc   0x080027dc   0x0000000a   Code   RO         1054    .text._ZL18UART_DMATxHalfCpltP19__DMA_HandleTypeDef  stm32f4xx_hal_uart.o
    0x080027e6   0x080027e6   0x00000002   PAD
    0x080027e8   0x080027e8   0x00000050   Code   RO         1070    .text._ZL18UART_EndRxTransferP20__UART_HandleTypeDef  stm32f4xx_hal_uart.o
    0x08002838   0x08002838   0x0000001c   Code   RO         1068    .text._ZL18UART_EndTxTransferP20__UART_HandleTypeDef  stm32f4xx_hal_uart.o
    0x08002854   0x08002854   0x00000022   Code   RO          853    .text._ZL18__NVIC_SetPriority9IRQn_Typej  stm32f4xx_hal_cortex.o
    0x08002876   0x08002876   0x00000002   PAD
    0x08002878   0x08002878   0x0000002c   Code   RO          855    .text._ZL19NVIC_EncodePriorityjjj  stm32f4xx_hal_cortex.o
    0x080028a4   0x080028a4   0x00000080   Code   RO         1140    .text._ZL19UART_DMAReceiveCpltP19__DMA_HandleTypeDef  stm32f4xx_hal_uart.o
    0x08002924   0x08002924   0x00000018   Code   RO         1116    .text._ZL19UART_EndTransmit_ITP20__UART_HandleTypeDef  stm32f4xx_hal_uart.o
    0x0800293c   0x0800293c   0x00000010   Code   RO         1108    .text._ZL20UART_DMAAbortOnErrorP19__DMA_HandleTypeDef  stm32f4xx_hal_uart.o
    0x0800294c   0x0800294c   0x00000040   Code   RO         1052    .text._ZL20UART_DMATransmitCpltP19__DMA_HandleTypeDef  stm32f4xx_hal_uart.o
    0x0800298c   0x0800298c   0x0000003c   Code   RO          743    .text._ZL23DMA_CalcBaseAndBitshiftP19__DMA_HandleTypeDef  stm32f4xx_hal_dma.o
    0x080029c8   0x080029c8   0x00000010   Code   RO          851    .text._ZL26__NVIC_GetPriorityGroupingv  stm32f4xx_hal_cortex.o
    0x080029d8   0x080029d8   0x00000020   Code   RO          847    .text._ZL26__NVIC_SetPriorityGroupingj  stm32f4xx_hal_cortex.o
    0x080029f8   0x080029f8   0x000000d4   Code   RO          441    .text._ZN16Class_Motor_C62018CAN_RxCpltCallbackEPh  dvc_motor.o
    0x08002acc   0x08002acc   0x000000d4   Code   RO          445    .text._ZN16Class_Motor_C62029TIM_PID_PeriodElapsedCallbackEv  dvc_motor.o
    0x08002ba0   0x08002ba0   0x00000054   Code   RO          405    .text._ZN16Class_Motor_C6204InitEP19__CAN_HandleTypeDef17Enum_CAN_Motor_ID19Enum_Control_Methodff  dvc_motor.o
    0x08002bf4   0x08002bf4   0x00000028   Code   RO          407    .text._ZN16Class_Motor_C6206OutputEv  dvc_motor.o
    0x08002c1c   0x08002c1c   0x00000006   Code   RO          439    .text._ZN16Class_Motor_C6207Set_OutEf  dvc_motor.o
    0x08002c22   0x08002c22   0x00000002   PAD
    0x08002c24   0x08002c24   0x000000f4   Code   RO          293    .text._ZN16Class_Serialplot4InitEP20__UART_HandleTypeDefhPPc25Enum_Serialplot_Data_Typeh  dvc_serialplot.o
    0x08002d18   0x08002d18   0x00000006   Code   RO          274    .text._ZN9Class_PID10Set_TargetEf  alg_pid.o
    0x08002d1e   0x08002d1e   0x00000002   PAD
    0x08002d20   0x08002d20   0x00000188   Code   RO          280    .text._ZN9Class_PID32TIM_Adjust_PeriodElapsedCallbackEv  alg_pid.o
    0x08002ea8   0x08002ea8   0x00000018   Code   RO          250    .text._ZN9Class_PID4InitEfffffffffff16Enum_PID_D_First  alg_pid.o
    0x08002ec0   0x08002ec0   0x00000006   Code   RO          254    .text._ZN9Class_PID7Get_OutEv  alg_pid.o
    0x08002ec6   0x08002ec6   0x00000002   PAD
    0x08002ec8   0x08002ec8   0x00000006   Code   RO          276    .text._ZN9Class_PID7Set_NowEf  alg_pid.o
    0x08002ece   0x08002ece   0x00000002   PAD
    0x08002ed0   0x08002ed0   0x00000138   Code   RO           15    .text.main          main.o
    0x08003008   0x08003008   0x0000001a   Code   RO         1473    x$fpl$fpinit        fz_wm.l(fpinit.o)
    0x08003022   0x08003022   0x00000010   Data   RO         1157    .rodata.AHBPrescTable  system_stm32f4xx.o
    0x08003032   0x08003032   0x00000008   Data   RO         1158    .rodata.APBPrescTable  system_stm32f4xx.o
    0x0800303a   0x0800303a   0x00000002   PAD
    0x0800303c   0x0800303c   0x00000020   Data   RO         1522    Region$$Table       anon$$obj.o


    Execution Region RW_IRAM2 (Exec base: 0x10000000, Load base: 0x08003098, Size: 0x00000000, Max: 0x00010000, ABSOLUTE)

    **** No section assigned to this execution region ****


    Execution Region RW_IRAM1 (Exec base: 0x20000000, Load base: 0x08003060, Size: 0x00001c10, Max: 0x00030000, ABSOLUTE, COMPRESSED[0x00000038])

    Exec Addr    Load Addr    Size         Type   Attr      Idx    E Section Name        Object

    0x20000000   COMPRESSED   0x00000004   Data   RW         1156    .data.SystemCoreClock  system_stm32f4xx.o
    0x20000004   COMPRESSED   0x00000258   Data   RW           29    .data._ZL24Variable_Assignment_List  main.o
    0x2000025c   COMPRESSED   0x000000f8   Data   RW           23    .data.motor         main.o
    0x20000354   COMPRESSED   0x00000001   Data   RW          977    .data.uwTickFreq    stm32f4xx_hal.o
    0x20000355   COMPRESSED   0x00000003   PAD
    0x20000358   COMPRESSED   0x00000004   Data   RW          976    .data.uwTickPrio    stm32f4xx_hal.o
    0x2000035c   COMPRESSED   0x00000004   PAD
    0x20000360        -       0x00000060   Zero   RW         1378    .bss                c_w.l(libspace.o)
    0x200003c0        -       0x00000008   Zero   RW          208    .bss.CAN1_0x1ff_Tx_Data  drv_can.o
    0x200003c8        -       0x00000008   Zero   RW          209    .bss.CAN1_0x200_Tx_Data  drv_can.o
    0x200003d0        -       0x00000008   Zero   RW          210    .bss.CAN1_0x2ff_Tx_Data  drv_can.o
    0x200003d8        -       0x0000002c   Zero   RW          206    .bss.CAN1_Manage_Object  drv_can.o
    0x20000404        -       0x0000002c   Zero   RW          207    .bss.CAN2_Manage_Object  drv_can.o
    0x20000430        -       0x0000020c   Zero   RW          178    .bss.UART1_Manage_Object  drv_uart.o
    0x2000063c        -       0x0000020c   Zero   RW          179    .bss.UART2_Manage_Object  drv_uart.o
    0x20000848        -       0x0000020c   Zero   RW          180    .bss.UART3_Manage_Object  drv_uart.o
    0x20000a54        -       0x0000020c   Zero   RW          181    .bss.UART4_Manage_Object  drv_uart.o
    0x20000c60        -       0x0000020c   Zero   RW          182    .bss.UART5_Manage_Object  drv_uart.o
    0x20000e6c        -       0x0000020c   Zero   RW          183    .bss.UART6_Manage_Object  drv_uart.o
    0x20001078        -       0x0000020c   Zero   RW          184    .bss.UART7_Manage_Object  drv_uart.o
    0x20001284        -       0x0000020c   Zero   RW          185    .bss.UART8_Manage_Object  drv_uart.o
    0x20001490        -       0x00000004   Zero   RW          215    .bss._ZZ29TIM_CAN_PeriodElapsedCallbackvE5mod10  drv_can.o
    0x20001494        -       0x00000028   Zero   RW           54    .bss.hcan1          can.o
    0x200014bc        -       0x00000060   Zero   RW           79    .bss.hdma_usart2_rx  usart.o
    0x2000151c        -       0x00000060   Zero   RW           80    .bss.hdma_usart2_tx  usart.o
    0x2000157c        -       0x00000044   Zero   RW           78    .bss.huart2         usart.o
    0x200015c0        -       0x00000048   Zero   RW           22    .bss.serialplot     main.o
    0x20001608        -       0x00000004   Zero   RW          975    .bss.uwTick         stm32f4xx_hal.o
    0x2000160c   COMPRESSED   0x00000004   PAD
    0x20001610        -       0x00000200   Zero   RW            2    HEAP                startup_stm32f427xx.o
    0x20001810        -       0x00000400   Zero   RW            1    STACK               startup_stm32f427xx.o


==============================================================================

Image component sizes


      Code (inc. data)   RO Data    RW Data    ZI Data      Debug   Object Name

       474          4          0          0          0      16960   alg_pid.o
       210          0          0          0         40       6596   can.o
        70          0          0          0          0       4868   dma.o
       410          0          0          0          0       5248   drv_bsp.o
       432          0          0          0        116       7119   drv_can.o
         6          0          0          0          0      14596   drv_math.o
       282          0          0          0       4192       5194   drv_uart.o
       690         26          0          0          0      31775   dvc_motor.o
       244          0          0          0          0      20400   dvc_serialplot.o
       128          0          0          0          0       3349   gpio.o
       528         20          0        848         72      24168   main.o
        64         26        428          0       1536        924   startup_stm32f427xx.o
       212          0          0          5          4       9014   stm32f4xx_hal.o
      1616          6          0          0          0      14463   stm32f4xx_hal_can.o
       258          0          0          0          0      12682   stm32f4xx_hal_cortex.o
      1052         12          0          0          0      10805   stm32f4xx_hal_dma.o
       420          0          0          0          0       6577   stm32f4xx_hal_gpio.o
        56          0          0          0          0       2911   stm32f4xx_hal_msp.o
       122          0          0          0          0       5978   stm32f4xx_hal_pwr_ex.o
      1376          0          0          0          0       8452   stm32f4xx_hal_rcc.o
      2026          0          0          0          0      26926   stm32f4xx_hal_uart.o
       104          0          0          0          0       3064   stm32f4xx_it.o
        18          0         24          4          0       4056   system_stm32f4xx.o
       312          0          0          0        260       7965   usart.o

    ----------------------------------------------------------------------
     11236         94        486        860       6228     254090   Object Totals
         0          0         32          0          0          0   (incl. Generated)
       126          0          2          3          8          0   (incl. Padding)

    ----------------------------------------------------------------------

      Code (inc. data)   RO Data    RW Data    ZI Data      Debug   Library Member Name

        58          0          0          0          0          0   __dczerorl.o
         8          0          0          0          0         68   __main.o
         0          0          0          0          0          0   __rtentry.o
        12          0          0          0          0          0   __rtentry2.o
         6          0          0          0          0          0   __rtentry4.o
        52          8          0          0          0          0   __scatter.o
        28          0          0          0          0          0   __scatter_zi.o
        18          0          0          0          0         80   exit.o
         6          0          0          0          0        152   heapauxi.o
         0          0          0          0          0          0   indicate_semi.o
         2          0          0          0          0          0   libinit.o
         6          0          0          0          0          0   libinit2.o
         2          0          0          0          0          0   libshutdown.o
         2          0          0          0          0          0   libshutdown2.o
         8          4          0          0         96         68   libspace.o
       240          0          0          0          0        100   lludivv7m.o
        78          0          0          0          0         80   rt_memclr_w.o
         2          0          0          0          0          0   rtexit.o
        10          0          0          0          0          0   rtexit2.o
        12          4          0          0          0         68   sys_exit.o
        74          0          0          0          0         80   sys_stackheap_outer.o
         2          0          0          0          0         68   use_no_semi.o
        26          0          0          0          0        116   fpinit.o

    ----------------------------------------------------------------------
       658         16          0          0         96        880   Library Totals
         6          0          0          0          0          0   (incl. Padding)

    ----------------------------------------------------------------------

      Code (inc. data)   RO Data    RW Data    ZI Data      Debug   Library Name

       626         16          0          0         96        764   c_w.l
        26          0          0          0          0        116   fz_wm.l

    ----------------------------------------------------------------------
       658         16          0          0         96        880   Library Totals

    ----------------------------------------------------------------------

==============================================================================


      Code (inc. data)   RO Data    RW Data    ZI Data      Debug   

     11894        110        486        860       6324     254270   Grand Totals
     11894        110        486         56       6324     254270   ELF Image Totals (compressed)
     11894        110        486         56          0          0   ROM Totals

==============================================================================

    Total RO  Size (Code + RO Data)                12380 (  12.09kB)
    Total RW  Size (RW Data + ZI Data)              7184 (   7.02kB)
    Total ROM Size (Code + RO Data + RW Data)      12436 (  12.14kB)

==============================================================================

