<html>
<body>
<pre>
<h1>µVision Build Log</h1>
<h2>Tool Versions:</h2>
IDE-Version: ¦ÌVision V5.40.0.0
Copyright (C) 2024 ARM Ltd and ARM Germany GmbH. All rights reserved.
License Information: H zd, hzd, LIC=21E4T-RC85L-01FP1-C0FQ3-G09Q6-VWNQK
 
Tool Versions:
Toolchain:       MDK-ARM Plus  Version: 5.40.0.3
Toolchain Path:  D:\keli\ARM\ARMCLANG\Bin
C Compiler:      ArmClang.exe V6.22
Assembler:       Armasm.exe V6.22
Linker/Locator:  ArmLink.exe V6.22
Library Manager: ArmAr.exe V6.22
Hex Converter:   FromElf.exe V6.22
CPU DLL:         SARMCM3.DLL V5.40.0.3
Dialog DLL:      DCM.DLL V1.17.5.0
Target DLL:      CMSIS_AGDI.dll V1.33.18.0
Dialog DLL:      TCM.DLL V1.56.4.0
 
<h2>Project:</h2>
C:\Users\HZD\Desktop\RM-A\04_test_pid\08_test_multi_pid\test_multi_pid\MDK-ARM\test_feedback.uvprojx
Project File Date:  11/14/2025

<h2>Output:</h2>
*** Using Compiler 'V6.22', folder: 'D:\keli\ARM\ARMCLANG\Bin'
Build target 'test_feedback'
Note: source file '..\User\drv_bsp.c' - object file renamed from 'test_feedback\drv_bsp.o' to 'test_feedback\drv_bsp_1.o'.
Note: source file '..\User\drv_can.c' - object file renamed from 'test_feedback\drv_can.o' to 'test_feedback\drv_can_1.o'.
Note: source file '..\User\drv_uart.c' - object file renamed from 'test_feedback\drv_uart.o' to 'test_feedback\drv_uart_1.o'.
compiling main.c...
linking...
Program Size: Code=17636 RO-data=852 RW-data=860 ZI-data=6572  
FromELF: creating hex file...
"test_feedback\test_feedback.axf" - 0 Error(s), 0 Warning(s).

<h2>Software Packages used:</h2>

Package Vendor: ARM
                https://www.keil.com/pack/ARM.CMSIS.6.1.0.pack
                ARM::CMSIS@6.1.0
                CMSIS (Common Microcontroller Software Interface Standard)
   * Component: CORE Version: 6.1.0

Package Vendor: Keil
                https://www.keil.com/pack/Keil.STM32F4xx_DFP.2.17.1.pack
                Keil::STM32F4xx_DFP@2.17.1
                STMicroelectronics STM32F4 Series Device Support, Drivers and Examples

<h2>Collection of Component include folders:</h2>
  ./RTE/_test_feedback
  D:/keli/2/ARM/CMSIS/6.1.0/CMSIS/Core/Include
  D:/keli/2/Keil/STM32F4xx_DFP/2.17.1/Drivers/CMSIS/Device/ST/STM32F4xx/Include

<h2>Collection of Component Files used:</h2>

   * Component: ARM::CMSIS:CORE@6.1.0
      Include file:  CMSIS/Core/Include/tz_context.h
Build Time Elapsed:  00:00:01
</pre>
</body>
</html>
