Archive member included to satisfy reference by file (symbol)

/home/yellow/study/gcc-arm-none-eabi-10.3-2021.10/bin/../lib/gcc/arm-none-eabi/10.3.1/../../../../arm-none-eabi/lib/thumb/v7e-m+fp/hard/libc_nano.a(lib_a-exit.o)
                              /home/yellow/study/gcc-arm-none-eabi-10.3-2021.10/bin/../lib/gcc/arm-none-eabi/10.3.1/../../../../arm-none-eabi/lib/thumb/v7e-m+fp/hard/crt0.o (exit)
/home/yellow/study/gcc-arm-none-eabi-10.3-2021.10/bin/../lib/gcc/arm-none-eabi/10.3.1/../../../../arm-none-eabi/lib/thumb/v7e-m+fp/hard/libc_nano.a(lib_a-impure.o)
                              /home/yellow/study/gcc-arm-none-eabi-10.3-2021.10/bin/../lib/gcc/arm-none-eabi/10.3.1/../../../../arm-none-eabi/lib/thumb/v7e-m+fp/hard/libc_nano.a(lib_a-exit.o) (_global_impure_ptr)
/home/yellow/study/gcc-arm-none-eabi-10.3-2021.10/bin/../lib/gcc/arm-none-eabi/10.3.1/../../../../arm-none-eabi/lib/thumb/v7e-m+fp/hard/libc_nano.a(lib_a-init.o)
                              /home/yellow/study/gcc-arm-none-eabi-10.3-2021.10/bin/../lib/gcc/arm-none-eabi/10.3.1/../../../../arm-none-eabi/lib/thumb/v7e-m+fp/hard/crt0.o (__libc_init_array)
/home/yellow/study/gcc-arm-none-eabi-10.3-2021.10/bin/../lib/gcc/arm-none-eabi/10.3.1/../../../../arm-none-eabi/lib/thumb/v7e-m+fp/hard/libc_nano.a(lib_a-memset.o)
                              /home/yellow/study/gcc-arm-none-eabi-10.3-2021.10/bin/../lib/gcc/arm-none-eabi/10.3.1/../../../../arm-none-eabi/lib/thumb/v7e-m+fp/hard/crt0.o (memset)
/home/yellow/study/gcc-arm-none-eabi-10.3-2021.10/bin/../lib/gcc/arm-none-eabi/10.3.1/../../../../arm-none-eabi/lib/thumb/v7e-m+fp/hard/libnosys.a(_exit.o)
                              /home/yellow/study/gcc-arm-none-eabi-10.3-2021.10/bin/../lib/gcc/arm-none-eabi/10.3.1/../../../../arm-none-eabi/lib/thumb/v7e-m+fp/hard/libc_nano.a(lib_a-exit.o) (_exit)
/home/yellow/study/gcc-arm-none-eabi-10.3-2021.10/bin/../lib/gcc/arm-none-eabi/10.3.1/thumb/v7e-m+fp/hard/libgcc.a(_aeabi_uldivmod.o)
                              build/stm32f4xx_hal_uart.o (__aeabi_uldivmod)
/home/yellow/study/gcc-arm-none-eabi-10.3-2021.10/bin/../lib/gcc/arm-none-eabi/10.3.1/thumb/v7e-m+fp/hard/libgcc.a(_udivmoddi4.o)
                              /home/yellow/study/gcc-arm-none-eabi-10.3-2021.10/bin/../lib/gcc/arm-none-eabi/10.3.1/thumb/v7e-m+fp/hard/libgcc.a(_aeabi_uldivmod.o) (__udivmoddi4)
/home/yellow/study/gcc-arm-none-eabi-10.3-2021.10/bin/../lib/gcc/arm-none-eabi/10.3.1/thumb/v7e-m+fp/hard/libgcc.a(_dvmd_tls.o)
                              /home/yellow/study/gcc-arm-none-eabi-10.3-2021.10/bin/../lib/gcc/arm-none-eabi/10.3.1/thumb/v7e-m+fp/hard/libgcc.a(_aeabi_uldivmod.o) (__aeabi_ldiv0)

Discarded input sections

 .text          0x0000000000000000        0x0 /home/yellow/study/gcc-arm-none-eabi-10.3-2021.10/bin/../lib/gcc/arm-none-eabi/10.3.1/thumb/v7e-m+fp/hard/crti.o
 .data          0x0000000000000000        0x0 /home/yellow/study/gcc-arm-none-eabi-10.3-2021.10/bin/../lib/gcc/arm-none-eabi/10.3.1/thumb/v7e-m+fp/hard/crti.o
 .bss           0x0000000000000000        0x0 /home/yellow/study/gcc-arm-none-eabi-10.3-2021.10/bin/../lib/gcc/arm-none-eabi/10.3.1/thumb/v7e-m+fp/hard/crti.o
 .data          0x0000000000000000        0x4 /home/yellow/study/gcc-arm-none-eabi-10.3-2021.10/bin/../lib/gcc/arm-none-eabi/10.3.1/thumb/v7e-m+fp/hard/crtbegin.o
 .rodata        0x0000000000000000       0x24 /home/yellow/study/gcc-arm-none-eabi-10.3-2021.10/bin/../lib/gcc/arm-none-eabi/10.3.1/thumb/v7e-m+fp/hard/crtbegin.o
 .text          0x0000000000000000       0x7c /home/yellow/study/gcc-arm-none-eabi-10.3-2021.10/bin/../lib/gcc/arm-none-eabi/10.3.1/../../../../arm-none-eabi/lib/thumb/v7e-m+fp/hard/crt0.o
 .data          0x0000000000000000        0x0 /home/yellow/study/gcc-arm-none-eabi-10.3-2021.10/bin/../lib/gcc/arm-none-eabi/10.3.1/../../../../arm-none-eabi/lib/thumb/v7e-m+fp/hard/crt0.o
 .bss           0x0000000000000000        0x0 /home/yellow/study/gcc-arm-none-eabi-10.3-2021.10/bin/../lib/gcc/arm-none-eabi/10.3.1/../../../../arm-none-eabi/lib/thumb/v7e-m+fp/hard/crt0.o
 .ARM.extab     0x0000000000000000        0x0 /home/yellow/study/gcc-arm-none-eabi-10.3-2021.10/bin/../lib/gcc/arm-none-eabi/10.3.1/../../../../arm-none-eabi/lib/thumb/v7e-m+fp/hard/crt0.o
 .ARM.exidx     0x0000000000000000       0x10 /home/yellow/study/gcc-arm-none-eabi-10.3-2021.10/bin/../lib/gcc/arm-none-eabi/10.3.1/../../../../arm-none-eabi/lib/thumb/v7e-m+fp/hard/crt0.o
 .ARM.attributes
                0x0000000000000000       0x1c /home/yellow/study/gcc-arm-none-eabi-10.3-2021.10/bin/../lib/gcc/arm-none-eabi/10.3.1/../../../../arm-none-eabi/lib/thumb/v7e-m+fp/hard/crt0.o
 .text          0x0000000000000000        0x0 build/main.o
 .data          0x0000000000000000        0x0 build/main.o
 .bss           0x0000000000000000        0x0 build/main.o
 .text.Motor_init
                0x0000000000000000       0x34 build/main.o
 .bss.Rxst1     0x0000000000000000       0x1a build/main.o
 .bss.Tx_Header
[...]
Memory Configuration

Name             Origin             Length             Attributes
RAM              0x0000000020000000 0x0000000000030000 xrw
CCMRAM           0x0000000010000000 0x0000000000010000 xrw
FLASH            0x0000000008000000 0x0000000000200000 xr
*default*        0x0000000000000000 0xffffffffffffffff

Linker script and memory map

LOAD /home/yellow/study/gcc-arm-none-eabi-10.3-2021.10/bin/../lib/gcc/arm-none-eabi/10.3.1/thumb/v7e-m+fp/hard/crti.o
LOAD /home/yellow/study/gcc-arm-none-eabi-10.3-2021.10/bin/../lib/gcc/arm-none-eabi/10.3.1/thumb/v7e-m+fp/hard/crtbegin.o
LOAD /home/yellow/study/gcc-arm-none-eabi-10.3-2021.10/bin/../lib/gcc/arm-none-eabi/10.3.1/../../../../arm-none-eabi/lib/thumb/v7e-m+fp/hard/crt0.o
LOAD build/main.o
LOAD build/gpio.o
LOAD build/usart.o
LOAD build/stm32f4xx_it.o
LOAD build/stm32f4xx_hal_msp.o
LOAD build/stm32f4xx_hal_tim.o
LOAD build/stm32f4xx_hal_tim_ex.o
LOAD build/stm32f4xx_hal_uart.o
LOAD build/stm32f4xx_hal_rcc.o
LOAD build/stm32f4xx_hal_rcc_ex.o
LOAD build/stm32f4xx_hal_flash.o
LOAD build/stm32f4xx_hal_flash_ex.o
LOAD build/stm32f4xx_hal_flash_ramfunc.o
LOAD build/stm32f4xx_hal_gpio.o
LOAD build/stm32f4xx_hal_dma_ex.o
LOAD build/stm32f4xx_hal_dma.o
LOAD build/stm32f4xx_hal_pwr.o
LOAD build/stm32f4xx_hal_pwr_ex.o
LOAD build/stm32f4xx_hal_cortex.o
LOAD build/stm32f4xx_hal.o
LOAD build/stm32f4xx_hal_exti.o
LOAD build/system_stm32f4xx.o
LOAD build/can.o
LOAD build/stm32f4xx_hal_can.o
LOAD build/dma.o
LOAD build/startup_stm32f427xx.o
LOAD /home/yellow/study/gcc-arm-none-eabi-10.3-2021.10/bin/../lib/gcc/arm-none-eabi/10.3.1/../../../../arm-none-eabi/lib/thumb/v7e-m+fp/hard/libc_nano.a
LOAD /home/yellow/study/gcc-arm-none-eabi-10.3-2021.10/bin/../lib/gcc/arm-none-eabi/10.3.1/../../../../arm-none-eabi/lib/thumb/v7e-m+fp/hard/libm.a
LOAD /home/yellow/study/gcc-arm-none-eabi-10.3-2021.10/bin/../lib/gcc/arm-none-eabi/10.3.1/../../../../arm-none-eabi/lib/thumb/v7e-m+fp/hard/libnosys.a
START GROUP
LOAD /home/yellow/study/gcc-arm-none-eabi-10.3-2021.10/bin/../lib/gcc/arm-none-eabi/10.3.1/thumb/v7e-m+fp/hard/libgcc.a
LOAD /home/yellow/study/gcc-arm-none-eabi-10.3-2021.10/bin/../lib/gcc/arm-none-eabi/10.3.1/../../../../arm-none-eabi/lib/thumb/v7e-m+fp/hard/libc_nano.a
END GROUP
START GROUP
LOAD /home/yellow/study/gcc-arm-none-eabi-10.3-2021.10/bin/../lib/gcc/arm-none-eabi/10.3.1/thumb/v7e-m+fp/hard/libgcc.a
LOAD /home/yellow/study/gcc-arm-none-eabi-10.3-2021.10/bin/../lib/gcc/arm-none-eabi/10.3.1/../../../../arm-none-eabi/lib/thumb/v7e-m+fp/hard/libc_nano.a
END GROUP
LOAD /home/yellow/study/gcc-arm-none-eabi-10.3-2021.10/bin/../lib/gcc/arm-none-eabi/10.3.1/thumb/v7e-m+fp/hard/crtend.o
LOAD /home/yellow/study/gcc-arm-none-eabi-10.3-2021.10/bin/../lib/gcc/arm-none-eabi/10.3.1/thumb/v7e-m+fp/hard/crtn.o
                0x0000000020030000                _estack = (ORIGIN (RAM) + LENGTH (RAM))
                0x0000000000000200                _Min_Heap_Size = 0x200
                0x0000000000000400                _Min_Stack_Size = 0x400

.isr_vector     0x0000000008000000      0x1ac
                0x0000000008000000                . = ALIGN (0x4)
 *(.isr_vector)
 .isr_vector    0x0000000008000000      0x1ac build/startup_stm32f427xx.o
                0x0000000008000000                g_pfnVectors
                0x00000000080001ac                . = ALIGN (0x4)

.text           0x00000000080001ac     0x26c4
                0x00000000080001ac                . = ALIGN (0x4)
 *(.text)
 .text          0x00000000080001ac       0x40 /home/yellow/study/gcc-arm-none-eabi-10.3-2021.10/bin/../lib/gcc/arm-none-eabi/10.3.1/thumb/v7e-m+fp/hard/crtbegin.o
 .text          0x00000000080001ec       0x30 /home/yellow/study/gcc-arm-none-eabi-10.3-2021.10/bin/../lib/gcc/arm-none-eabi/10.3.1/thumb/v7e-m+fp/hard/libgcc.a(_aeabi_uldivmod.o)
                0x00000000080001ec                __aeabi_uldivmod
 .text          0x000000000800021c      0x2d0 /home/yellow/study/gcc-arm-none-eabi-10.3-2021.10/bin/../lib/gcc/arm-none-eabi/10.3.1/thumb/v7e-m+fp/hard/libgcc.a(_udivmoddi4.o)
                0x000000000800021c                __udivmoddi4
 .text          0x00000000080004ec        0x4 /home/yellow/study/gcc-arm-none-eabi-10.3-2021.10/bin/../lib/gcc/arm-none-eabi/10.3.1/thumb/v7e-m+fp/hard/libgcc.a(_dvmd_tls.o)
                0x00000000080004ec                __aeabi_ldiv0
                0x00000000080004ec                __aeabi_idiv0
 *(.text*)
 .text.can_filter_init
                0x00000000080004f0       0x34 build/main.o
                0x00000000080004f0                can_filter_init
 .text.Serial_proc
                0x0000000008000524       0x2c build/main.o
                0x0000000008000524                Serial_proc
 .text.Error_Handler
                0x0000000008000550        0x4 build/main.o
                0x0000000008000550                Error_Handler
 .text.SystemClock_Config
                0x0000000008000554       0xb0 build/main.o
                0x0000000008000554                SystemClock_Config
 .text.main     0x0000000008000604       0x34 build/main.o
                0x0000000008000604                main
 .text.MX_GPIO_Init
                0x0000000008000638       0xc8 build/gpio.o
                0x0000000008000638                MX_GPIO_Init
 .text.MX_USART1_UART_Init
                0x0000000008000700       0x40 build/usart.o
                0x0000000008000700                MX_USART1_UART_Init
 .text.MX_USART2_UART_Init
                0x0000000008000740       0x34 build/usart.o
                0x0000000008000740                MX_USART2_UART_Init
 .text.HAL_UART_MspInit
                0x0000000008000774      0x128 build/usart.o
                0x0000000008000774                HAL_UART_MspInit
 .text.NMI_Handler
                0x000000000800089c        0x2 build/stm32f4xx_it.o
                0x000000000800089c                NMI_Handler
 .text.HardFault_Handler
                0x000000000800089e        0x2 build/stm32f4xx_it.o
                0x000000000800089e                HardFault_Handler
 .text.MemManage_Handler
                0x00000000080008a0        0x2 build/stm32f4xx_it.o
                0x00000000080008a0                MemManage_Handler
 .text.BusFault_Handler
                0x00000000080008a2        0x2 build/stm32f4xx_it.o
                0x00000000080008a2                BusFault_Handler
 .text.UsageFault_Handler
                0x00000000080008a4        0x2 build/stm32f4xx_it.o
                0x00000000080008a4                UsageFault_Handler
 .text.SVC_Handler
                0x00000000080008a6        0x2 build/stm32f4xx_it.o
                0x00000000080008a6                SVC_Handler
 .text.DebugMon_Handler
                0x00000000080008a8        0x2 build/stm32f4xx_it.o
                0x00000000080008a8                DebugMon_Handler
 .text.PendSV_Handler
                0x00000000080008aa        0x2 build/stm32f4xx_it.o
                0x00000000080008aa                PendSV_Handler
 .text.SysTick_Handler
                0x00000000080008ac        0x8 build/stm32f4xx_it.o
                0x00000000080008ac                SysTick_Handler
 .text.CAN1_RX0_IRQHandler
                0x00000000080008b4       0x10 build/stm32f4xx_it.o
                0x00000000080008b4                CAN1_RX0_IRQHandler
 .text.USART1_IRQHandler
                0x00000000080008c4       0x10 build/stm32f4xx_it.o
                0x00000000080008c4                USART1_IRQHandler
 .text.USART2_IRQHandler
                0x00000000080008d4       0x10 build/stm32f4xx_it.o
                0x00000000080008d4                USART2_IRQHandler
 .text.DMA2_Stream2_IRQHandler
                0x00000000080008e4       0x10 build/stm32f4xx_it.o
                0x00000000080008e4                DMA2_Stream2_IRQHandler
 .text.HAL_MspInit
                0x00000000080008f4       0x38 build/stm32f4xx_hal_msp.o
                0x00000000080008f4                HAL_MspInit
 .text.UART_EndTxTransfer
                0x000000000800092c       0x20 build/stm32f4xx_hal_uart.o
 .text.UART_EndRxTransfer
                0x000000000800094c       0x5c build/stm32f4xx_hal_uart.o
 .text.UART_Transmit_IT
                0x00000000080009a8       0x60 build/stm32f4xx_hal_uart.o
 .text.UART_SetConfig
                0x0000000008000a08      0x110 build/stm32f4xx_hal_uart.o
 .text.UART_WaitOnFlagUntilTimeout
                0x0000000008000b18       0x8a build/stm32f4xx_hal_uart.o
 .text.HAL_UART_Init
                0x0000000008000ba2       0x60 build/stm32f4xx_hal_uart.o
                0x0000000008000ba2                HAL_UART_Init
 .text.HAL_UART_Transmit
                0x0000000008000c02       0xcc build/stm32f4xx_hal_uart.o
                0x0000000008000c02                HAL_UART_Transmit
 .text.HAL_UART_TxCpltCallback
                0x0000000008000cce        0x2 build/stm32f4xx_hal_uart.o
                0x0000000008000cce                HAL_UART_TxCpltCallback
 .text.UART_EndTransmit_IT
                0x0000000008000cd0       0x1a build/stm32f4xx_hal_uart.o
 .text.HAL_UART_RxCpltCallback
                0x0000000008000cea        0x2 build/stm32f4xx_hal_uart.o
                0x0000000008000cea                HAL_UART_RxCpltCallback
 .text.HAL_UART_RxHalfCpltCallback
                0x0000000008000cec        0x2 build/stm32f4xx_hal_uart.o
                0x0000000008000cec                HAL_UART_RxHalfCpltCallback
 .text.HAL_UART_ErrorCallback
                0x0000000008000cee        0x2 build/stm32f4xx_hal_uart.o
                0x0000000008000cee                HAL_UART_ErrorCallback
 .text.UART_DMAError
                0x0000000008000cf0       0x58 build/stm32f4xx_hal_uart.o
 .text.UART_DMAAbortOnError
                0x0000000008000d48       0x10 build/stm32f4xx_hal_uart.o
 .text.HAL_UARTEx_RxEventCallback
                0x0000000008000d58        0x2 build/stm32f4xx_hal_uart.o
                0x0000000008000d58                HAL_UARTEx_RxEventCallback
 .text.UART_Receive_IT
                0x0000000008000d5a       0xe6 build/stm32f4xx_hal_uart.o
 .text.HAL_UART_IRQHandler
                0x0000000008000e40      0x288 build/stm32f4xx_hal_uart.o
                0x0000000008000e40                HAL_UART_IRQHandler
 .text.UART_DMARxHalfCplt
                0x00000000080010c8       0x1e build/stm32f4xx_hal_uart.o
 .text.UART_DMAReceiveCplt
                0x00000000080010e6       0x9a build/stm32f4xx_hal_uart.o
 .text.UART_Start_Receive_DMA
                0x0000000008001180       0xa4 build/stm32f4xx_hal_uart.o
                0x0000000008001180                UART_Start_Receive_DMA
 .text.HAL_UART_Receive_DMA
                0x0000000008001224       0x26 build/stm32f4xx_hal_uart.o
                0x0000000008001224                HAL_UART_Receive_DMA
 *fill*         0x000000000800124a        0x2 
 .text.HAL_RCC_OscConfig
                0x000000000800124c      0x3f8 build/stm32f4xx_hal_rcc.o
                0x000000000800124c                HAL_RCC_OscConfig
 .text.HAL_RCC_GetSysClockFreq
                0x0000000008001644       0xa4 build/stm32f4xx_hal_rcc.o
                0x0000000008001644                HAL_RCC_GetSysClockFreq
 .text.HAL_RCC_ClockConfig
                0x00000000080016e8      0x160 build/stm32f4xx_hal_rcc.o
                0x00000000080016e8                HAL_RCC_ClockConfig
 .text.HAL_RCC_GetHCLKFreq
                0x0000000008001848        0xc build/stm32f4xx_hal_rcc.o
                0x0000000008001848                HAL_RCC_GetHCLKFreq
 .text.HAL_RCC_GetPCLK1Freq
                0x0000000008001854       0x20 build/stm32f4xx_hal_rcc.o
                0x0000000008001854                HAL_RCC_GetPCLK1Freq
 .text.HAL_RCC_GetPCLK2Freq
                0x0000000008001874       0x20 build/stm32f4xx_hal_rcc.o
                0x0000000008001874                HAL_RCC_GetPCLK2Freq
 .text.HAL_GPIO_Init
                0x0000000008001894      0x1fc build/stm32f4xx_hal_gpio.o
                0x0000000008001894                HAL_GPIO_Init
 .text.HAL_GPIO_WritePin
                0x0000000008001a90        0xc build/stm32f4xx_hal_gpio.o
                0x0000000008001a90                HAL_GPIO_WritePin
 .text.DMA_SetConfig
                0x0000000008001a9c       0x2c build/stm32f4xx_hal_dma.o
 .text.DMA_CalcBaseAndBitshift
                0x0000000008001ac8       0x44 build/stm32f4xx_hal_dma.o
 .text.DMA_CheckFifoParam
                0x0000000008001b0c       0x8e build/stm32f4xx_hal_dma.o
 *fill*         0x0000000008001b9a        0x2 
 .text.HAL_DMA_Init
                0x0000000008001b9c       0xcc build/stm32f4xx_hal_dma.o
                0x0000000008001b9c                HAL_DMA_Init
 .text.HAL_DMA_Start_IT
                0x0000000008001c68       0x6a build/stm32f4xx_hal_dma.o
                0x0000000008001c68                HAL_DMA_Start_IT
 .text.HAL_DMA_Abort
                0x0000000008001cd2       0x94 build/stm32f4xx_hal_dma.o
                0x0000000008001cd2                HAL_DMA_Abort
 .text.HAL_DMA_Abort_IT
                0x0000000008001d66       0x26 build/stm32f4xx_hal_dma.o
                0x0000000008001d66                HAL_DMA_Abort_IT
 .text.HAL_DMA_IRQHandler
                0x0000000008001d8c      0x1dc build/stm32f4xx_hal_dma.o
                0x0000000008001d8c                HAL_DMA_IRQHandler
 .text.HAL_PWREx_EnableOverDrive
                0x0000000008001f68       0x7c build/stm32f4xx_hal_pwr_ex.o
                0x0000000008001f68                HAL_PWREx_EnableOverDrive
 .text.HAL_NVIC_SetPriorityGrouping
                0x0000000008001fe4       0x24 build/stm32f4xx_hal_cortex.o
                0x0000000008001fe4                HAL_NVIC_SetPriorityGrouping
 .text.HAL_NVIC_SetPriority
                0x0000000008002008       0x70 build/stm32f4xx_hal_cortex.o
                0x0000000008002008                HAL_NVIC_SetPriority
 .text.HAL_NVIC_EnableIRQ
                0x0000000008002078       0x1c build/stm32f4xx_hal_cortex.o
                0x0000000008002078                HAL_NVIC_EnableIRQ
 .text.HAL_SYSTICK_Config
                0x0000000008002094       0x28 build/stm32f4xx_hal_cortex.o
                0x0000000008002094                HAL_SYSTICK_Config
 .text.HAL_InitTick
                0x00000000080020bc       0x4c build/stm32f4xx_hal.o
                0x00000000080020bc                HAL_InitTick
 .text.HAL_Init
                0x0000000008002108       0x34 build/stm32f4xx_hal.o
                0x0000000008002108                HAL_Init
 .text.HAL_IncTick
                0x000000000800213c       0x18 build/stm32f4xx_hal.o
                0x000000000800213c                HAL_IncTick
 .text.HAL_GetTick
                0x0000000008002154        0xc build/stm32f4xx_hal.o
                0x0000000008002154                HAL_GetTick
 .text.SystemInit
                0x0000000008002160       0x14 build/system_stm32f4xx.o
                0x0000000008002160                SystemInit
 .text.MX_CAN1_Init
                0x0000000008002174       0x44 build/can.o
                0x0000000008002174                MX_CAN1_Init
 .text.HAL_CAN_MspInit
                0x00000000080021b8       0x7c build/can.o
                0x00000000080021b8                HAL_CAN_MspInit
 .text.HAL_CAN_Init
                0x0000000008002234      0x14c build/stm32f4xx_hal_can.o
                0x0000000008002234                HAL_CAN_Init
 .text.HAL_CAN_ConfigFilter
                0x0000000008002380      0x138 build/stm32f4xx_hal_can.o
                0x0000000008002380                HAL_CAN_ConfigFilter
 .text.HAL_CAN_Start
                0x00000000080024b8       0x5c build/stm32f4xx_hal_can.o
                0x00000000080024b8                HAL_CAN_Start
 .text.HAL_CAN_TxMailbox0CompleteCallback
                0x0000000008002514        0x2 build/stm32f4xx_hal_can.o
                0x0000000008002514                HAL_CAN_TxMailbox0CompleteCallback
 .text.HAL_CAN_TxMailbox1CompleteCallback
                0x0000000008002516        0x2 build/stm32f4xx_hal_can.o
                0x0000000008002516                HAL_CAN_TxMailbox1CompleteCallback
 .text.HAL_CAN_TxMailbox2CompleteCallback
                0x0000000008002518        0x2 build/stm32f4xx_hal_can.o
                0x0000000008002518                HAL_CAN_TxMailbox2CompleteCallback
 .text.HAL_CAN_TxMailbox0AbortCallback
                0x000000000800251a        0x2 build/stm32f4xx_hal_can.o
                0x000000000800251a                HAL_CAN_TxMailbox0AbortCallback
 .text.HAL_CAN_TxMailbox1AbortCallback
                0x000000000800251c        0x2 build/stm32f4xx_hal_can.o
                0x000000000800251c                HAL_CAN_TxMailbox1AbortCallback
 .text.HAL_CAN_TxMailbox2AbortCallback
                0x000000000800251e        0x2 build/stm32f4xx_hal_can.o
                0x000000000800251e                HAL_CAN_TxMailbox2AbortCallback
 .text.HAL_CAN_RxFifo0MsgPendingCallback
                0x0000000008002520        0x2 build/stm32f4xx_hal_can.o
                0x0000000008002520                HAL_CAN_RxFifo0MsgPendingCallback
 .text.HAL_CAN_RxFifo0FullCallback
                0x0000000008002522        0x2 build/stm32f4xx_hal_can.o
                0x0000000008002522                HAL_CAN_RxFifo0FullCallback
 .text.HAL_CAN_RxFifo1MsgPendingCallback
                0x0000000008002524        0x2 build/stm32f4xx_hal_can.o
                0x0000000008002524                HAL_CAN_RxFifo1MsgPendingCallback
 .text.HAL_CAN_RxFifo1FullCallback
                0x0000000008002526        0x2 build/stm32f4xx_hal_can.o
                0x0000000008002526                HAL_CAN_RxFifo1FullCallback
 .text.HAL_CAN_SleepCallback
                0x0000000008002528        0x2 build/stm32f4xx_hal_can.o
                0x0000000008002528                HAL_CAN_SleepCallback
 .text.HAL_CAN_WakeUpFromRxMsgCallback
                0x000000000800252a        0x2 build/stm32f4xx_hal_can.o
                0x000000000800252a                HAL_CAN_WakeUpFromRxMsgCallback
 .text.HAL_CAN_ErrorCallback
                0x000000000800252c        0x2 build/stm32f4xx_hal_can.o
                0x000000000800252c                HAL_CAN_ErrorCallback
 .text.HAL_CAN_IRQHandler
                0x000000000800252e      0x24a build/stm32f4xx_hal_can.o
                0x000000000800252e                HAL_CAN_IRQHandler
 .text.MX_DMA_Init
                0x0000000008002778       0x34 build/dma.o
                0x0000000008002778                MX_DMA_Init
 .text.Reset_Handler
                0x00000000080027ac       0x50 build/startup_stm32f427xx.o
                0x00000000080027ac                Reset_Handler
 .text.Default_Handler
                0x00000000080027fc        0x2 build/startup_stm32f427xx.o
                0x00000000080027fc                RTC_Alarm_IRQHandler
                0x00000000080027fc                HASH_RNG_IRQHandler
                0x00000000080027fc                EXTI2_IRQHandler
                0x00000000080027fc                TIM8_CC_IRQHandler
                0x00000000080027fc                UART8_IRQHandler
                0x00000000080027fc                SPI4_IRQHandler
                0x00000000080027fc                TIM1_CC_IRQHandler
                0x00000000080027fc                DMA2_Stream5_IRQHandler
                0x00000000080027fc                DMA1_Stream5_IRQHandler
                0x00000000080027fc                PVD_IRQHandler
                0x00000000080027fc                SDIO_IRQHandler
                0x00000000080027fc                TAMP_STAMP_IRQHandler
                0x00000000080027fc                CAN2_RX1_IRQHandler
                0x00000000080027fc                EXTI3_IRQHandler
                0x00000000080027fc                TIM8_TRG_COM_TIM14_IRQHandler
                0x00000000080027fc                TIM1_UP_TIM10_IRQHandler
                0x00000000080027fc                TIM8_UP_TIM13_IRQHandler
                0x00000000080027fc                I2C3_ER_IRQHandler
                0x00000000080027fc                EXTI0_IRQHandler
                0x00000000080027fc                I2C2_EV_IRQHandler
                0x00000000080027fc                DMA1_Stream2_IRQHandler
                0x00000000080027fc                FPU_IRQHandler
                0x00000000080027fc                OTG_HS_WKUP_IRQHandler
                0x00000000080027fc                CAN2_SCE_IRQHandler
                0x00000000080027fc                SPI1_IRQHandler
                0x00000000080027fc                TIM6_DAC_IRQHandler
                0x00000000080027fc                TIM1_BRK_TIM9_IRQHandler
                0x00000000080027fc                DCMI_IRQHandler
                0x00000000080027fc                CAN2_RX0_IRQHandler
                0x00000000080027fc                DMA2_Stream3_IRQHandler
                0x00000000080027fc                USART6_IRQHandler
                0x00000000080027fc                USART3_IRQHandler
                0x00000000080027fc                CAN1_RX1_IRQHandler
                0x00000000080027fc                UART5_IRQHandler
                0x00000000080027fc                DMA2_Stream0_IRQHandler
                0x00000000080027fc                TIM4_IRQHandler
                0x00000000080027fc                I2C1_EV_IRQHandler
                0x00000000080027fc                DMA1_Stream6_IRQHandler
                0x00000000080027fc                DMA1_Stream1_IRQHandler
                0x00000000080027fc                UART4_IRQHandler
                0x00000000080027fc                TIM3_IRQHandler
                0x00000000080027fc                RCC_IRQHandler
                0x00000000080027fc                TIM8_BRK_TIM12_IRQHandler
                0x00000000080027fc                Default_Handler
                0x00000000080027fc                EXTI15_10_IRQHandler
                0x00000000080027fc                ADC_IRQHandler
                0x00000000080027fc                DMA1_Stream7_IRQHandler
                0x00000000080027fc                SPI5_IRQHandler
                0x00000000080027fc                TIM7_IRQHandler
                0x00000000080027fc                CAN2_TX_IRQHandler
                0x00000000080027fc                TIM5_IRQHandler
                0x00000000080027fc                DMA2_Stream7_IRQHandler
                0x00000000080027fc                I2C3_EV_IRQHandler
                0x00000000080027fc                EXTI9_5_IRQHandler
                0x00000000080027fc                RTC_WKUP_IRQHandler
                0x00000000080027fc                ETH_WKUP_IRQHandler
                0x00000000080027fc                SPI2_IRQHandler
                0x00000000080027fc                OTG_HS_EP1_IN_IRQHandler
                0x00000000080027fc                DMA1_Stream0_IRQHandler
                0x00000000080027fc                CAN1_TX_IRQHandler
                0x00000000080027fc                EXTI4_IRQHandler
                0x00000000080027fc                ETH_IRQHandler
                0x00000000080027fc                OTG_HS_EP1_OUT_IRQHandler
                0x00000000080027fc                WWDG_IRQHandler
                0x00000000080027fc                SPI6_IRQHandler
                0x00000000080027fc                TIM2_IRQHandler
                0x00000000080027fc                OTG_FS_WKUP_IRQHandler
                0x00000000080027fc                TIM1_TRG_COM_TIM11_IRQHandler
                0x00000000080027fc                OTG_HS_IRQHandler
                0x00000000080027fc                DMA2D_IRQHandler
                0x00000000080027fc                EXTI1_IRQHandler
                0x00000000080027fc                UART7_IRQHandler
                0x00000000080027fc                I2C2_ER_IRQHandler
                0x00000000080027fc                DMA2_Stream1_IRQHandler
                0x00000000080027fc                CAN1_SCE_IRQHandler
                0x00000000080027fc                FLASH_IRQHandler
                0x00000000080027fc                DMA2_Stream4_IRQHandler
                0x00000000080027fc                OTG_FS_IRQHandler
                0x00000000080027fc                SPI3_IRQHandler
                0x00000000080027fc                DMA1_Stream4_IRQHandler
                0x00000000080027fc                I2C1_ER_IRQHandler
                0x00000000080027fc                FMC_IRQHandler
                0x00000000080027fc                DMA2_Stream6_IRQHandler
                0x00000000080027fc                SAI1_IRQHandler
                0x00000000080027fc                DMA1_Stream3_IRQHandler
 *fill*         0x00000000080027fe        0x2 
 .text.__libc_init_array
                0x0000000008002800       0x48 /home/yellow/study/gcc-arm-none-eabi-10.3-2021.10/bin/../lib/gcc/arm-none-eabi/10.3.1/../../../../arm-none-eabi/lib/thumb/v7e-m+fp/hard/libc_nano.a(lib_a-init.o)
                0x0000000008002800                __libc_init_array
 .text.memset   0x0000000008002848       0x10 /home/yellow/study/gcc-arm-none-eabi-10.3-2021.10/bin/../lib/gcc/arm-none-eabi/10.3.1/../../../../arm-none-eabi/lib/thumb/v7e-m+fp/hard/libc_nano.a(lib_a-memset.o)
                0x0000000008002848                memset
 *(.glue_7)
 .glue_7        0x0000000008002858        0x0 linker stubs
 *(.glue_7t)
 .glue_7t       0x0000000008002858        0x0 linker stubs
 *(.eh_frame)
 .eh_frame      0x0000000008002858        0x0 /home/yellow/study/gcc-arm-none-eabi-10.3-2021.10/bin/../lib/gcc/arm-none-eabi/10.3.1/thumb/v7e-m+fp/hard/crtbegin.o
 *(.init)
 .init          0x0000000008002858        0x4 /home/yellow/study/gcc-arm-none-eabi-10.3-2021.10/bin/../lib/gcc/arm-none-eabi/10.3.1/thumb/v7e-m+fp/hard/crti.o
                0x0000000008002858                _init
 .init          0x000000000800285c        0x8 /home/yellow/study/gcc-arm-none-eabi-10.3-2021.10/bin/../lib/gcc/arm-none-eabi/10.3.1/thumb/v7e-m+fp/hard/crtn.o
 *(.fini)
 .fini          0x0000000008002864        0x4 /home/yellow/study/gcc-arm-none-eabi-10.3-2021.10/bin/../lib/gcc/arm-none-eabi/10.3.1/thumb/v7e-m+fp/hard/crti.o
                0x0000000008002864                _fini
 .fini          0x0000000008002868        0x8 /home/yellow/study/gcc-arm-none-eabi-10.3-2021.10/bin/../lib/gcc/arm-none-eabi/10.3.1/thumb/v7e-m+fp/hard/crtn.o
                0x0000000008002870                . = ALIGN (0x4)
                0x0000000008002870                _etext = .

.vfp11_veneer   0x0000000008002870        0x0
 .vfp11_veneer  0x0000000008002870        0x0 linker stubs

.v4_bx          0x0000000008002870        0x0
 .v4_bx         0x0000000008002870        0x0 linker stubs

.iplt           0x0000000008002870        0x0
 .iplt          0x0000000008002870        0x0 /home/yellow/study/gcc-arm-none-eabi-10.3-2021.10/bin/../lib/gcc/arm-none-eabi/10.3.1/thumb/v7e-m+fp/hard/crtbegin.o

.rodata         0x0000000008002870       0x20
                0x0000000008002870                . = ALIGN (0x4)
 *(.rodata)
 *(.rodata*)
 .rodata.flagBitshiftOffset.0
                0x0000000008002870        0x8 build/stm32f4xx_hal_dma.o
 .rodata.AHBPrescTable
                0x0000000008002878       0x10 build/system_stm32f4xx.o
                0x0000000008002878                AHBPrescTable
 .rodata.APBPrescTable
                0x0000000008002888        0x8 build/system_stm32f4xx.o
                0x0000000008002888                APBPrescTable
                0x0000000008002890                . = ALIGN (0x4)

.ARM.extab
 *(.ARM.extab* .gnu.linkonce.armextab.*)

.ARM            0x0000000008002890        0x8
                0x0000000008002890                __exidx_start = .
 *(.ARM.exidx*)
 .ARM.exidx     0x0000000008002890        0x8 /home/yellow/study/gcc-arm-none-eabi-10.3-2021.10/bin/../lib/gcc/arm-none-eabi/10.3.1/thumb/v7e-m+fp/hard/libgcc.a(_udivmoddi4.o)
                0x0000000008002898                __exidx_end = .

.rel.dyn        0x0000000008002898        0x0
 .rel.iplt      0x0000000008002898        0x0 /home/yellow/study/gcc-arm-none-eabi-10.3-2021.10/bin/../lib/gcc/arm-none-eabi/10.3.1/thumb/v7e-m+fp/hard/crtbegin.o

.preinit_array  0x0000000008002898        0x0
                0x0000000008002898                PROVIDE (__preinit_array_start = .)
 *(.preinit_array*)
                0x0000000008002898                PROVIDE (__preinit_array_end = .)

.init_array     0x0000000008002898        0x4
                0x0000000008002898                PROVIDE (__init_array_start = .)
 *(SORT_BY_NAME(.init_array.*))
 *(.init_array*)
 .init_array    0x0000000008002898        0x4 /home/yellow/study/gcc-arm-none-eabi-10.3-2021.10/bin/../lib/gcc/arm-none-eabi/10.3.1/thumb/v7e-m+fp/hard/crtbegin.o
                0x000000000800289c                PROVIDE (__init_array_end = .)

.fini_array     0x000000000800289c        0x4
                [!provide]                        PROVIDE (__fini_array_start = .)
 *(SORT_BY_NAME(.fini_array.*))
 *(.fini_array*)
 .fini_array    0x000000000800289c        0x4 /home/yellow/study/gcc-arm-none-eabi-10.3-2021.10/bin/../lib/gcc/arm-none-eabi/10.3.1/thumb/v7e-m+fp/hard/crtbegin.o
                [!provide]                        PROVIDE (__fini_array_end = .)
                0x00000000080028a0                _sidata = LOADADDR (.data)

.data           0x0000000020000000        0xc load address 0x00000000080028a0
                0x0000000020000000                . = ALIGN (0x4)
                0x0000000020000000                _sdata = .
 *(.data)
 *(.data*)
 .data.uwTickFreq
                0x0000000020000000        0x1 build/stm32f4xx_hal.o
                0x0000000020000000                uwTickFreq
 *fill*         0x0000000020000001        0x3 
 .data.uwTickPrio
                0x0000000020000004        0x4 build/stm32f4xx_hal.o
                0x0000000020000004                uwTickPrio
 .data.SystemCoreClock
                0x0000000020000008        0x4 build/system_stm32f4xx.o
                0x0000000020000008                SystemCoreClock
                0x000000002000000c                . = ALIGN (0x4)
                0x000000002000000c                _edata = .
                0x00000000080028ac                _siccmram = LOADADDR (.ccmram)

.igot.plt       0x000000002000000c        0x0 load address 0x00000000080028ac
 .igot.plt      0x000000002000000c        0x0 /home/yellow/study/gcc-arm-none-eabi-10.3-2021.10/bin/../lib/gcc/arm-none-eabi/10.3.1/thumb/v7e-m+fp/hard/crtbegin.o

.ccmram         0x0000000010000000        0x0 load address 0x00000000080028ac
                0x0000000010000000                . = ALIGN (0x4)
                0x0000000010000000                _sccmram = .
 *(.ccmram)
 *(.ccmram*)
                0x0000000010000000                . = ALIGN (0x4)
                0x0000000010000000                _eccmram = .
                0x0000000010000000                . = ALIGN (0x4)

.bss            0x000000002000000c      0x154
                0x000000002000000c                _sbss = .
                0x000000002000000c                __bss_start__ = _sbss
 *(.bss)
 .bss           0x000000002000000c       0x1c /home/yellow/study/gcc-arm-none-eabi-10.3-2021.10/bin/../lib/gcc/arm-none-eabi/10.3.1/thumb/v7e-m+fp/hard/crtbegin.o
 *(.bss*)
 .bss.Txst1     0x0000000020000028       0x1a build/main.o
                0x0000000020000028                Txst1
 *fill*         0x0000000020000042        0x2 
 .bss.hdma_usart1_rx
                0x0000000020000044       0x60 build/usart.o
                0x0000000020000044                hdma_usart1_rx
 .bss.huart1    0x00000000200000a4       0x48 build/usart.o
                0x00000000200000a4                huart1
 .bss.huart2    0x00000000200000ec       0x48 build/usart.o
                0x00000000200000ec                huart2
 .bss.uwTick    0x0000000020000134        0x4 build/stm32f4xx_hal.o
                0x0000000020000134                uwTick
 .bss.hcan1     0x0000000020000138       0x28 build/can.o
                0x0000000020000138                hcan1
 *(COMMON)
                0x0000000020000160                . = ALIGN (0x4)
                0x0000000020000160                _ebss = .
                0x0000000020000160                __bss_end__ = _ebss

._user_heap_stack
                0x0000000020000160      0x600
                0x0000000020000160                . = ALIGN (0x8)
                [!provide]                        PROVIDE (end = .)
                [!provide]                        PROVIDE (_end = .)
                0x0000000020000360                . = (. + _Min_Heap_Size)
 *fill*         0x0000000020000160      0x200 
                0x0000000020000760                . = (. + _Min_Stack_Size)
 *fill*         0x0000000020000360      0x400 
                0x0000000020000760                . = ALIGN (0x8)

/DISCARD/
 libc.a(*)
 libm.a(*)
 libgcc.a(*)

.ARM.attributes
                0x0000000000000000       0x30
 *(.ARM.attributes)
 .ARM.attributes
                0x0000000000000000       0x1e /home/yellow/study/gcc-arm-none-eabi-10.3-2021.10/bin/../lib/gcc/arm-none-eabi/10.3.1/thumb/v7e-m+fp/hard/crti.o
 .ARM.attributes
                0x000000000000001e       0x34 /home/yellow/study/gcc-arm-none-eabi-10.3-2021.10/bin/../lib/gcc/arm-none-eabi/10.3.1/thumb/v7e-m+fp/hard/crtbegin.o
 .ARM.attributes
                0x0000000000000052       0x34 build/main.o
 .ARM.attributes
                0x0000000000000086       0x34 build/gpio.o
 .ARM.attributes
                0x00000000000000ba       0x34 build/usart.o
 .ARM.attributes
                0x00000000000000ee       0x34 build/stm32f4xx_it.o
 .ARM.attributes
                0x0000000000000122       0x34 build/stm32f4xx_hal_msp.o
 .ARM.attributes
                0x0000000000000156       0x34 build/stm32f4xx_hal_uart.o
 .ARM.attributes
                0x000000000000018a       0x34 build/stm32f4xx_hal_rcc.o
 .ARM.attributes
                0x00000000000001be       0x34 build/stm32f4xx_hal_gpio.o
 .ARM.attributes
                0x00000000000001f2       0x34 build/stm32f4xx_hal_dma.o
 .ARM.attributes
                0x0000000000000226       0x34 build/stm32f4xx_hal_pwr_ex.o
 .ARM.attributes
                0x000000000000025a       0x34 build/stm32f4xx_hal_cortex.o
 .ARM.attributes
                0x000000000000028e       0x34 build/stm32f4xx_hal.o
 .ARM.attributes
                0x00000000000002c2       0x34 build/system_stm32f4xx.o
 .ARM.attributes
                0x00000000000002f6       0x34 build/can.o
 .ARM.attributes
                0x000000000000032a       0x34 build/stm32f4xx_hal_can.o
 .ARM.attributes
                0x000000000000035e       0x34 build/dma.o
 .ARM.attributes
                0x0000000000000392       0x21 build/startup_stm32f427xx.o
 .ARM.attributes
                0x00000000000003b3       0x34 /home/yellow/study/gcc-arm-none-eabi-10.3-2021.10/bin/../lib/gcc/arm-none-eabi/10.3.1/../../../../arm-none-eabi/lib/thumb/v7e-m+fp/hard/libc_nano.a(lib_a-init.o)
 .ARM.attributes
                0x00000000000003e7       0x34 /home/yellow/study/gcc-arm-none-eabi-10.3-2021.10/bin/../lib/gcc/arm-none-eabi/10.3.1/../../../../arm-none-eabi/lib/thumb/v7e-m+fp/hard/libc_nano.a(lib_a-memset.o)
 .ARM.attributes
                0x000000000000041b       0x1e /home/yellow/study/gcc-arm-none-eabi-10.3-2021.10/bin/../lib/gcc/arm-none-eabi/10.3.1/thumb/v7e-m+fp/hard/libgcc.a(_aeabi_uldivmod.o)
 .ARM.attributes
                0x0000000000000439       0x34 /home/yellow/study/gcc-arm-none-eabi-10.3-2021.10/bin/../lib/gcc/arm-none-eabi/10.3.1/thumb/v7e-m+fp/hard/libgcc.a(_udivmoddi4.o)
 .ARM.attributes
                0x000000000000046d       0x1e /home/yellow/study/gcc-arm-none-eabi-10.3-2021.10/bin/../lib/gcc/arm-none-eabi/10.3.1/thumb/v7e-m+fp/hard/libgcc.a(_dvmd_tls.o)
 .ARM.attributes
                0x000000000000048b       0x1e /home/yellow/study/gcc-arm-none-eabi-10.3-2021.10/bin/../lib/gcc/arm-none-eabi/10.3.1/thumb/v7e-m+fp/hard/crtn.o
OUTPUT(build/channelin.elf elf32-littlearm)
LOAD linker stubs
LOAD /home/yellow/study/gcc-arm-none-eabi-10.3-2021.10/bin/../lib/gcc/arm-none-eabi/10.3.1/../../../../arm-none-eabi/lib/thumb/v7e-m+fp/hard/libc.a
LOAD /home/yellow/study/gcc-arm-none-eabi-10.3-2021.10/bin/../lib/gcc/arm-none-eabi/10.3.1/../../../../arm-none-eabi/lib/thumb/v7e-m+fp/hard/libm.a
LOAD /home/yellow/study/gcc-arm-none-eabi-10.3-2021.10/bin/../lib/gcc/arm-none-eabi/10.3.1/thumb/v7e-m+fp/hard/libgcc.a

.debug_info     0x0000000000000000     0xf436
 .debug_info    0x0000000000000000     0x135a build/main.o
 .debug_info    0x000000000000135a      0x541 build/gpio.o
 .debug_info    0x000000000000189b     0x18ea build/usart.o
 .debug_info    0x0000000000003185      0xc12 build/stm32f4xx_it.o
 .debug_info    0x0000000000003d97      0x301 build/stm32f4xx_hal_msp.o
 .debug_info    0x0000000000004098     0x42fe build/stm32f4xx_hal_uart.o
 .debug_info    0x0000000000008396      0xbd8 build/stm32f4xx_hal_rcc.o
 .debug_info    0x0000000000008f6e      0x846 build/stm32f4xx_hal_gpio.o
 .debug_info    0x00000000000097b4      0xbb9 build/stm32f4xx_hal_dma.o
 .debug_info    0x000000000000a36d      0x846 build/stm32f4xx_hal_pwr_ex.o
 .debug_info    0x000000000000abb3     0x1191 build/stm32f4xx_hal_cortex.o
 .debug_info    0x000000000000bd44      0xb3d build/stm32f4xx_hal.o
 .debug_info    0x000000000000c881      0x5bd build/system_stm32f4xx.o
 .debug_info    0x000000000000ce3e      0xc7d build/can.o
 .debug_info    0x000000000000dabb     0x13d2 build/stm32f4xx_hal_can.o
 .debug_info    0x000000000000ee8d      0x587 build/dma.o
 .debug_info    0x000000000000f414       0x22 build/startup_stm32f427xx.o

.debug_abbrev   0x0000000000000000     0x21fa
 .debug_abbrev  0x0000000000000000      0x26a build/main.o
 .debug_abbrev  0x000000000000026a      0x151 build/gpio.o
 .debug_abbrev  0x00000000000003bb      0x2b6 build/usart.o
 .debug_abbrev  0x0000000000000671      0x1a4 build/stm32f4xx_it.o
 .debug_abbrev  0x0000000000000815       0xd3 build/stm32f4xx_hal_msp.o
 .debug_abbrev  0x00000000000008e8      0x356 build/stm32f4xx_hal_uart.o
 .debug_abbrev  0x0000000000000c3e      0x2aa build/stm32f4xx_hal_rcc.o
 .debug_abbrev  0x0000000000000ee8      0x22b build/stm32f4xx_hal_gpio.o
 .debug_abbrev  0x0000000000001113      0x2ff build/stm32f4xx_hal_dma.o
 .debug_abbrev  0x0000000000001412      0x1c3 build/stm32f4xx_hal_pwr_ex.o
 .debug_abbrev  0x00000000000015d5      0x382 build/stm32f4xx_hal_cortex.o
 .debug_abbrev  0x0000000000001957      0x209 build/stm32f4xx_hal.o
 .debug_abbrev  0x0000000000001b60      0x11b build/system_stm32f4xx.o
 .debug_abbrev  0x0000000000001c7b      0x1c7 build/can.o
 .debug_abbrev  0x0000000000001e42      0x27d build/stm32f4xx_hal_can.o
 .debug_abbrev  0x00000000000020bf      0x129 build/dma.o
 .debug_abbrev  0x00000000000021e8       0x12 build/startup_stm32f427xx.o

.debug_loc      0x0000000000000000     0x8a0e
 .debug_loc     0x0000000000000000       0xde build/main.o
 .debug_loc     0x00000000000000de       0x39 build/gpio.o
 .debug_loc     0x0000000000000117      0x1dc build/usart.o
 .debug_loc     0x00000000000002f3       0xa0 build/stm32f4xx_it.o
 .debug_loc     0x0000000000000393       0x2c build/stm32f4xx_hal_msp.o
 .debug_loc     0x00000000000003bf     0x4d30 build/stm32f4xx_hal_uart.o
 .debug_loc     0x00000000000050ef      0x6e4 build/stm32f4xx_hal_rcc.o
 .debug_loc     0x00000000000057d3      0x5e8 build/stm32f4xx_hal_gpio.o
 .debug_loc     0x0000000000005dbb      0xd6d build/stm32f4xx_hal_dma.o
 .debug_loc     0x0000000000006b28      0x378 build/stm32f4xx_hal_pwr_ex.o
 .debug_loc     0x0000000000006ea0      0x7a4 build/stm32f4xx_hal_cortex.o
 .debug_loc     0x0000000000007644      0x1e1 build/stm32f4xx_hal.o
 .debug_loc     0x0000000000007825      0x158 build/system_stm32f4xx.o
 .debug_loc     0x000000000000797d      0x108 build/can.o
 .debug_loc     0x0000000000007a85      0xf51 build/stm32f4xx_hal_can.o
 .debug_loc     0x00000000000089d6       0x38 build/dma.o

.debug_aranges  0x0000000000000000      0x8a8
 .debug_aranges
                0x0000000000000000       0x48 build/main.o
 .debug_aranges
                0x0000000000000048       0x20 build/gpio.o
 .debug_aranges
                0x0000000000000068       0x40 build/usart.o
 .debug_aranges
                0x00000000000000a8       0x80 build/stm32f4xx_it.o
 .debug_aranges
                0x0000000000000128       0x20 build/stm32f4xx_hal_msp.o
 .debug_aranges
                0x0000000000000148      0x208 build/stm32f4xx_hal_uart.o
 .debug_aranges
                0x0000000000000350       0x88 build/stm32f4xx_hal_rcc.o
 .debug_aranges
                0x00000000000003d8       0x58 build/stm32f4xx_hal_gpio.o
 .debug_aranges
                0x0000000000000430       0x90 build/stm32f4xx_hal_dma.o
 .debug_aranges
                0x00000000000004c0       0x60 build/stm32f4xx_hal_pwr_ex.o
 .debug_aranges
                0x0000000000000520       0xb0 build/stm32f4xx_hal_cortex.o
 .debug_aranges
                0x00000000000005d0      0x100 build/stm32f4xx_hal.o
 .debug_aranges
                0x00000000000006d0       0x28 build/system_stm32f4xx.o
 .debug_aranges
                0x00000000000006f8       0x30 build/can.o
 .debug_aranges
                0x0000000000000728      0x138 build/stm32f4xx_hal_can.o
 .debug_aranges
                0x0000000000000860       0x20 build/dma.o
 .debug_aranges
                0x0000000000000880       0x28 build/startup_stm32f427xx.o

.debug_ranges   0x0000000000000000      0x848
 .debug_ranges  0x0000000000000000       0x38 build/main.o
 .debug_ranges  0x0000000000000038       0x10 build/gpio.o
 .debug_ranges  0x0000000000000048       0x30 build/usart.o
 .debug_ranges  0x0000000000000078       0x70 build/stm32f4xx_it.o
 .debug_ranges  0x00000000000000e8       0x10 build/stm32f4xx_hal_msp.o
 .debug_ranges  0x00000000000000f8      0x210 build/stm32f4xx_hal_uart.o
 .debug_ranges  0x0000000000000308       0x90 build/stm32f4xx_hal_rcc.o
 .debug_ranges  0x0000000000000398       0x48 build/stm32f4xx_hal_gpio.o
 .debug_ranges  0x00000000000003e0       0x80 build/stm32f4xx_hal_dma.o
 .debug_ranges  0x0000000000000460       0x50 build/stm32f4xx_hal_pwr_ex.o
 .debug_ranges  0x00000000000004b0      0x100 build/stm32f4xx_hal_cortex.o
 .debug_ranges  0x00000000000005b0       0xf0 build/stm32f4xx_hal.o
 .debug_ranges  0x00000000000006a0       0x18 build/system_stm32f4xx.o
 .debug_ranges  0x00000000000006b8       0x20 build/can.o
 .debug_ranges  0x00000000000006d8      0x140 build/stm32f4xx_hal_can.o
 .debug_ranges  0x0000000000000818       0x10 build/dma.o
 .debug_ranges  0x0000000000000828       0x20 build/startup_stm32f427xx.o

.debug_line     0x0000000000000000     0x9480
 .debug_line    0x0000000000000000      0x46f build/main.o
 .debug_line    0x000000000000046f      0x15b build/gpio.o
 .debug_line    0x00000000000005ca      0x408 build/usart.o
 .debug_line    0x00000000000009d2      0x2ba build/stm32f4xx_it.o
 .debug_line    0x0000000000000c8c       0xd2 build/stm32f4xx_hal_msp.o
 .debug_line    0x0000000000000d5e     0x4232 build/stm32f4xx_hal_uart.o
 .debug_line    0x0000000000004f90      0xa86 build/stm32f4xx_hal_rcc.o
 .debug_line    0x0000000000005a16      0x66d build/stm32f4xx_hal_gpio.o
 .debug_line    0x0000000000006083      0xd9c build/stm32f4xx_hal_dma.o
 .debug_line    0x0000000000006e1f      0x429 build/stm32f4xx_hal_pwr_ex.o
 .debug_line    0x0000000000007248      0x708 build/stm32f4xx_hal_cortex.o
 .debug_line    0x0000000000007950      0x514 build/stm32f4xx_hal.o
 .debug_line    0x0000000000007e64      0x1c7 build/system_stm32f4xx.o
 .debug_line    0x000000000000802b      0x270 build/can.o
 .debug_line    0x000000000000829b     0x1075 build/stm32f4xx_hal_can.o
 .debug_line    0x0000000000009310       0xfa build/dma.o
 .debug_line    0x000000000000940a       0x76 build/startup_stm32f427xx.o

.debug_str      0x0000000000000000     0x32ad
 .debug_str     0x0000000000000000      0xc38 build/main.o
                                        0xcf9 (size before relaxing)
 .debug_str     0x0000000000000c38      0x159 build/gpio.o
                                        0x345 (size before relaxing)
 .debug_str     0x0000000000000d91      0x9b3 build/usart.o
                                       0x1192 (size before relaxing)
 .debug_str     0x0000000000001744      0x13e build/stm32f4xx_it.o
                                        0x97e (size before relaxing)
 .debug_str     0x0000000000001882       0x29 build/stm32f4xx_hal_msp.o
                                        0x29f (size before relaxing)
 .debug_str     0x00000000000018ab      0x6a1 build/stm32f4xx_hal_uart.o
                                        0xd4c (size before relaxing)
 .debug_str     0x0000000000001f4c      0x1c8 build/stm32f4xx_hal_rcc.o
                                        0x6ca (size before relaxing)
 .debug_str     0x0000000000002114      0x125 build/stm32f4xx_hal_gpio.o
                                        0x4af (size before relaxing)
 .debug_str     0x0000000000002239      0x291 build/stm32f4xx_hal_dma.o
                                        0x73d (size before relaxing)
 .debug_str     0x00000000000024ca      0x18f build/stm32f4xx_hal_pwr_ex.o
                                        0x4a5 (size before relaxing)
 .debug_str     0x0000000000002659      0x484 build/stm32f4xx_hal_cortex.o
                                        0xc4d (size before relaxing)
 .debug_str     0x0000000000002add      0x2da build/stm32f4xx_hal.o
                                        0xbc6 (size before relaxing)
 .debug_str     0x0000000000002db7       0x47 build/system_stm32f4xx.o
                                        0x34f (size before relaxing)
 .debug_str     0x0000000000002dfe       0x48 build/can.o
                                        0xb5d (size before relaxing)
 .debug_str     0x0000000000002e46      0x436 build/stm32f4xx_hal_can.o
                                        0x9fc (size before relaxing)
 .debug_str     0x000000000000327c        0xf build/dma.o
                                        0x7f4 (size before relaxing)
 .debug_str     0x000000000000328b       0x22 build/startup_stm32f427xx.o
                                         0x44 (size before relaxing)

.comment        0x0000000000000000       0x7c
 .comment       0x0000000000000000       0x49 build/main.o
                                         0x4a (size before relaxing)
 .comment       0x0000000000000049       0x33 build/gpio.o
                                         0x34 (size before relaxing)
 .comment       0x000000000000007c       0x34 build/usart.o
 .comment       0x000000000000007c       0x34 build/stm32f4xx_it.o
 .comment       0x000000000000007c       0x34 build/stm32f4xx_hal_msp.o
 .comment       0x000000000000007c       0x34 build/stm32f4xx_hal_uart.o
 .comment       0x000000000000007c       0x34 build/stm32f4xx_hal_rcc.o
 .comment       0x000000000000007c       0x34 build/stm32f4xx_hal_gpio.o
 .comment       0x000000000000007c       0x34 build/stm32f4xx_hal_dma.o
 .comment       0x000000000000007c       0x34 build/stm32f4xx_hal_pwr_ex.o
 .comment       0x000000000000007c       0x34 build/stm32f4xx_hal_cortex.o
 .comment       0x000000000000007c       0x34 build/stm32f4xx_hal.o
 .comment       0x000000000000007c       0x34 build/system_stm32f4xx.o
 .comment       0x000000000000007c       0x34 build/can.o
 .comment       0x000000000000007c       0x34 build/stm32f4xx_hal_can.o
 .comment       0x000000000000007c       0x34 build/dma.o

.debug_frame    0x0000000000000000     0x14ec
 .debug_frame   0x0000000000000000       0xa8 build/main.o
 .debug_frame   0x00000000000000a8       0x34 build/gpio.o
 .debug_frame   0x00000000000000dc       0x98 build/usart.o
 .debug_frame   0x0000000000000174      0x108 build/stm32f4xx_it.o
 .debug_frame   0x000000000000027c       0x28 build/stm32f4xx_hal_msp.o
 .debug_frame   0x00000000000002a4      0x5e4 build/stm32f4xx_hal_uart.o
 .debug_frame   0x0000000000000888      0x16c build/stm32f4xx_hal_rcc.o
 .debug_frame   0x00000000000009f4       0xd8 build/stm32f4xx_hal_gpio.o
 .debug_frame   0x0000000000000acc      0x188 build/stm32f4xx_hal_dma.o
 .debug_frame   0x0000000000000c54       0xf4 build/stm32f4xx_hal_pwr_ex.o
 .debug_frame   0x0000000000000d48      0x158 build/stm32f4xx_hal_cortex.o
 .debug_frame   0x0000000000000ea0      0x20c build/stm32f4xx_hal.o
 .debug_frame   0x00000000000010ac       0x30 build/system_stm32f4xx.o
 .debug_frame   0x00000000000010dc       0x60 build/can.o
 .debug_frame   0x000000000000113c      0x2d8 build/stm32f4xx_hal_can.o
 .debug_frame   0x0000000000001414       0x2c build/dma.o
 .debug_frame   0x0000000000001440       0x2c /home/yellow/study/gcc-arm-none-eabi-10.3-2021.10/bin/../lib/gcc/arm-none-eabi/10.3.1/../../../../arm-none-eabi/lib/thumb/v7e-m+fp/hard/libc_nano.a(lib_a-init.o)
 .debug_frame   0x000000000000146c       0x20 /home/yellow/study/gcc-arm-none-eabi-10.3-2021.10/bin/../lib/gcc/arm-none-eabi/10.3.1/../../../../arm-none-eabi/lib/thumb/v7e-m+fp/hard/libc_nano.a(lib_a-memset.o)
 .debug_frame   0x000000000000148c       0x2c /home/yellow/study/gcc-arm-none-eabi-10.3-2021.10/bin/../lib/gcc/arm-none-eabi/10.3.1/thumb/v7e-m+fp/hard/libgcc.a(_aeabi_uldivmod.o)
 .debug_frame   0x00000000000014b8       0x34 /home/yellow/study/gcc-arm-none-eabi-10.3-2021.10/bin/../lib/gcc/arm-none-eabi/10.3.1/thumb/v7e-m+fp/hard/libgcc.a(_udivmoddi4.o)

Cross Reference Table

Symbol                                            File
ADC_IRQHandler                                    build/startup_stm32f427xx.o
AHBPrescTable                                     build/system_stm32f4xx.o
                                                  build/stm32f4xx_hal_rcc.o
APBPrescTable                                     build/system_stm32f4xx.o
                                                  build/stm32f4xx_hal_rcc.o
BusFault_Handler                                  build/stm32f4xx_it.o
CAN1_RX0_IRQHandler                               build/stm32f4xx_it.o
CAN1_RX1_IRQHandler                               build/startup_stm32f427xx.o
CAN1_SCE_IRQHandler                               build/startup_stm32f427xx.o
CAN1_TX_IRQHandler                                build/startup_stm32f427xx.o
CAN2_RX0_IRQHandler                               build/startup_stm32f427xx.o
CAN2_RX1_IRQHandler                               build/startup_stm32f427xx.o
CAN2_SCE_IRQHandler                               build/startup_stm32f427xx.o
CAN2_TX_IRQHandler                                build/startup_stm32f427xx.o
DCMI_IRQHandler                                   build/startup_stm32f427xx.o
DMA1_Stream0_IRQHandler                           build/startup_stm32f427xx.o
DMA1_Stream1_IRQHandler                           build/startup_stm32f427xx.o
DMA1_Stream2_IRQHandler                           build/startup_stm32f427xx.o
DMA1_Stream3_IRQHandler                           build/startup_stm32f427xx.o
DMA1_Stream4_IRQHandler                           build/startup_stm32f427xx.o
DMA1_Stream5_IRQHandler                           build/startup_stm32f427xx.o
DMA1_Stream6_IRQHandler                           build/startup_stm32f427xx.o
DMA1_Stream7_IRQHandler                           build/startup_stm32f427xx.o
DMA2D_IRQHandler                                  build/startup_stm32f427xx.o
DMA2_Stream0_IRQHandler                           build/startup_stm32f427xx.o
DMA2_Stream1_IRQHandler                           build/startup_stm32f427xx.o
DMA2_Stream2_IRQHandler                           build/stm32f4xx_it.o
DMA2_Stream3_IRQHandler                           build/startup_stm32f427xx.o
DMA2_Stream4_IRQHandler                           build/startup_stm32f427xx.o
DMA2_Stream5_IRQHandler                           build/startup_stm32f427xx.o
DMA2_Stream6_IRQHandler                           build/startup_stm32f427xx.o
DMA2_Stream7_IRQHandler                           build/startup_stm32f427xx.o
DebugMon_Handler                                  build/stm32f4xx_it.o
Default_Handler                                   build/startup_stm32f427xx.o
ETH_IRQHandler                                    build/startup_stm32f427xx.o
ETH_WKUP_IRQHandler                               build/startup_stm32f427xx.o
EXTI0_IRQHandler                                  build/startup_stm32f427xx.o
EXTI15_10_IRQHandler                              build/startup_stm32f427xx.o
EXTI1_IRQHandler                                  build/startup_stm32f427xx.o
EXTI2_IRQHandler                                  build/startup_stm32f427xx.o
EXTI3_IRQHandler                                  build/startup_stm32f427xx.o
EXTI4_IRQHandler                                  build/startup_stm32f427xx.o
EXTI9_5_IRQHandler                                build/startup_stm32f427xx.o
Error_Handler                                     build/main.o
                                                  build/can.o
                                                  build/usart.o
FLASH_Erase_Sector                                build/stm32f4xx_hal_flash_ex.o
                                                  build/stm32f4xx_hal_flash.o
FLASH_FlushCaches                                 build/stm32f4xx_hal_flash_ex.o
                                                  build/stm32f4xx_hal_flash.o
FLASH_IRQHandler                                  build/startup_stm32f427xx.o
FLASH_WaitForLastOperation                        build/stm32f4xx_hal_flash.o
                                                  build/stm32f4xx_hal_flash_ex.o
FMC_IRQHandler                                    build/startup_stm32f427xx.o
FPU_IRQHandler                                    build/startup_stm32f427xx.o
HAL_CAN_AbortTxRequest                            build/stm32f4xx_hal_can.o
HAL_CAN_ActivateNotification                      build/stm32f4xx_hal_can.o
HAL_CAN_AddTxMessage                              build/stm32f4xx_hal_can.o
                                                  build/main.o
HAL_CAN_ConfigFilter                              build/stm32f4xx_hal_can.o
                                                  build/main.o
HAL_CAN_DeInit                                    build/stm32f4xx_hal_can.o
HAL_CAN_DeactivateNotification                    build/stm32f4xx_hal_can.o
HAL_CAN_ErrorCallback                             build/stm32f4xx_hal_can.o
HAL_CAN_GetError                                  build/stm32f4xx_hal_can.o
HAL_CAN_GetRxFifoFillLevel                        build/stm32f4xx_hal_can.o
HAL_CAN_GetRxMessage                              build/stm32f4xx_hal_can.o
HAL_CAN_GetState                                  build/stm32f4xx_hal_can.o
HAL_CAN_GetTxMailboxesFreeLevel                   build/stm32f4xx_hal_can.o
HAL_CAN_GetTxTimestamp                            build/stm32f4xx_hal_can.o
HAL_CAN_IRQHandler                                build/stm32f4xx_hal_can.o
                                                  build/stm32f4xx_it.o
HAL_CAN_Init                                      build/stm32f4xx_hal_can.o
                                                  build/can.o
HAL_CAN_IsSleepActive                             build/stm32f4xx_hal_can.o
HAL_CAN_IsTxMessagePending                        build/stm32f4xx_hal_can.o
HAL_CAN_MspDeInit                                 build/can.o
HAL_CAN_MspInit                                   build/can.o
HAL_CAN_RequestSleep                              build/stm32f4xx_hal_can.o
HAL_CAN_ResetError                                build/stm32f4xx_hal_can.o
HAL_CAN_RxFifo0FullCallback                       build/stm32f4xx_hal_can.o
HAL_CAN_RxFifo0MsgPendingCallback                 build/stm32f4xx_hal_can.o
HAL_CAN_RxFifo1FullCallback                       build/stm32f4xx_hal_can.o
HAL_CAN_RxFifo1MsgPendingCallback                 build/stm32f4xx_hal_can.o
HAL_CAN_SleepCallback                             build/stm32f4xx_hal_can.o
HAL_CAN_Start                                     build/stm32f4xx_hal_can.o
                                                  build/main.o
HAL_CAN_Stop                                      build/stm32f4xx_hal_can.o
HAL_CAN_TxMailbox0AbortCallback                   build/stm32f4xx_hal_can.o
HAL_CAN_TxMailbox0CompleteCallback                build/stm32f4xx_hal_can.o
HAL_CAN_TxMailbox1AbortCallback                   build/stm32f4xx_hal_can.o
HAL_CAN_TxMailbox1CompleteCallback                build/stm32f4xx_hal_can.o
HAL_CAN_TxMailbox2AbortCallback                   build/stm32f4xx_hal_can.o
HAL_CAN_TxMailbox2CompleteCallback                build/stm32f4xx_hal_can.o
HAL_CAN_WakeUp                                    build/stm32f4xx_hal_can.o
HAL_CAN_WakeUpFromRxMsgCallback                   build/stm32f4xx_hal_can.o
HAL_CORTEX_ClearEvent                             build/stm32f4xx_hal_cortex.o
HAL_DBGMCU_DisableDBGSleepMode                    build/stm32f4xx_hal.o
HAL_DBGMCU_DisableDBGStandbyMode                  build/stm32f4xx_hal.o
HAL_DBGMCU_DisableDBGStopMode                     build/stm32f4xx_hal.o
HAL_DBGMCU_EnableDBGSleepMode                     build/stm32f4xx_hal.o
HAL_DBGMCU_EnableDBGStandbyMode                   build/stm32f4xx_hal.o
HAL_DBGMCU_EnableDBGStopMode                      build/stm32f4xx_hal.o
HAL_DMAEx_ChangeMemory                            build/stm32f4xx_hal_dma_ex.o
HAL_DMAEx_MultiBufferStart                        build/stm32f4xx_hal_dma_ex.o
HAL_DMAEx_MultiBufferStart_IT                     build/stm32f4xx_hal_dma_ex.o
HAL_DMA_Abort                                     build/stm32f4xx_hal_dma.o
                                                  build/stm32f4xx_hal_uart.o
HAL_DMA_Abort_IT                                  build/stm32f4xx_hal_dma.o
                                                  build/stm32f4xx_hal_uart.o
HAL_DMA_DeInit                                    build/stm32f4xx_hal_dma.o
                                                  build/usart.o
HAL_DMA_GetError                                  build/stm32f4xx_hal_dma.o
                                                  build/stm32f4xx_hal_uart.o
HAL_DMA_GetState                                  build/stm32f4xx_hal_dma.o
HAL_DMA_IRQHandler                                build/stm32f4xx_hal_dma.o
                                                  build/stm32f4xx_it.o
HAL_DMA_Init                                      build/stm32f4xx_hal_dma.o
                                                  build/usart.o
HAL_DMA_PollForTransfer                           build/stm32f4xx_hal_dma.o
HAL_DMA_RegisterCallback                          build/stm32f4xx_hal_dma.o
HAL_DMA_Start                                     build/stm32f4xx_hal_dma.o
HAL_DMA_Start_IT                                  build/stm32f4xx_hal_dma.o
                                                  build/stm32f4xx_hal_uart.o
HAL_DMA_UnRegisterCallback                        build/stm32f4xx_hal_dma.o
HAL_DeInit                                        build/stm32f4xx_hal.o
HAL_Delay                                         build/stm32f4xx_hal.o
HAL_DisableCompensationCell                       build/stm32f4xx_hal.o
HAL_DisableMemorySwappingBank                     build/stm32f4xx_hal.o
HAL_EXTI_ClearConfigLine                          build/stm32f4xx_hal_exti.o
HAL_EXTI_ClearPending                             build/stm32f4xx_hal_exti.o
HAL_EXTI_GenerateSWI                              build/stm32f4xx_hal_exti.o
HAL_EXTI_GetConfigLine                            build/stm32f4xx_hal_exti.o
HAL_EXTI_GetHandle                                build/stm32f4xx_hal_exti.o
HAL_EXTI_GetPending                               build/stm32f4xx_hal_exti.o
HAL_EXTI_IRQHandler                               build/stm32f4xx_hal_exti.o
HAL_EXTI_RegisterCallback                         build/stm32f4xx_hal_exti.o
HAL_EXTI_SetConfigLine                            build/stm32f4xx_hal_exti.o
HAL_EnableCompensationCell                        build/stm32f4xx_hal.o
HAL_EnableMemorySwappingBank                      build/stm32f4xx_hal.o
HAL_FLASHEx_AdvOBGetConfig                        build/stm32f4xx_hal_flash_ex.o
HAL_FLASHEx_AdvOBProgram                          build/stm32f4xx_hal_flash_ex.o
HAL_FLASHEx_Erase                                 build/stm32f4xx_hal_flash_ex.o
HAL_FLASHEx_Erase_IT                              build/stm32f4xx_hal_flash_ex.o
HAL_FLASHEx_OBGetConfig                           build/stm32f4xx_hal_flash_ex.o
HAL_FLASHEx_OBProgram                             build/stm32f4xx_hal_flash_ex.o
HAL_FLASHEx_OB_DeSelectPCROP                      build/stm32f4xx_hal_flash_ex.o
HAL_FLASHEx_OB_GetBank2WRP                        build/stm32f4xx_hal_flash_ex.o
HAL_FLASHEx_OB_SelectPCROP                        build/stm32f4xx_hal_flash_ex.o
HAL_FLASH_EndOfOperationCallback                  build/stm32f4xx_hal_flash.o
HAL_FLASH_GetError                                build/stm32f4xx_hal_flash.o
HAL_FLASH_IRQHandler                              build/stm32f4xx_hal_flash.o
HAL_FLASH_Lock                                    build/stm32f4xx_hal_flash.o
HAL_FLASH_OB_Launch                               build/stm32f4xx_hal_flash.o
HAL_FLASH_OB_Lock                                 build/stm32f4xx_hal_flash.o
HAL_FLASH_OB_Unlock                               build/stm32f4xx_hal_flash.o
HAL_FLASH_OperationErrorCallback                  build/stm32f4xx_hal_flash.o
HAL_FLASH_Program                                 build/stm32f4xx_hal_flash.o
HAL_FLASH_Program_IT                              build/stm32f4xx_hal_flash.o
HAL_FLASH_Unlock                                  build/stm32f4xx_hal_flash.o
HAL_GPIO_DeInit                                   build/stm32f4xx_hal_gpio.o
                                                  build/can.o
                                                  build/usart.o
HAL_GPIO_EXTI_Callback                            build/stm32f4xx_hal_gpio.o
HAL_GPIO_EXTI_IRQHandler                          build/stm32f4xx_hal_gpio.o
HAL_GPIO_Init                                     build/stm32f4xx_hal_gpio.o
                                                  build/can.o
                                                  build/stm32f4xx_hal_rcc.o
                                                  build/usart.o
                                                  build/gpio.o
HAL_GPIO_LockPin                                  build/stm32f4xx_hal_gpio.o
HAL_GPIO_ReadPin                                  build/stm32f4xx_hal_gpio.o
HAL_GPIO_TogglePin                                build/stm32f4xx_hal_gpio.o
HAL_GPIO_WritePin                                 build/stm32f4xx_hal_gpio.o
                                                  build/gpio.o
HAL_GetDEVID                                      build/stm32f4xx_hal.o
HAL_GetHalVersion                                 build/stm32f4xx_hal.o
HAL_GetREVID                                      build/stm32f4xx_hal.o
HAL_GetTick                                       build/stm32f4xx_hal.o
                                                  build/stm32f4xx_hal_can.o
                                                  build/stm32f4xx_hal_pwr_ex.o
                                                  build/stm32f4xx_hal_dma.o
                                                  build/stm32f4xx_hal_flash.o
                                                  build/stm32f4xx_hal_rcc_ex.o
                                                  build/stm32f4xx_hal_rcc.o
                                                  build/stm32f4xx_hal_uart.o
HAL_GetTickFreq                                   build/stm32f4xx_hal.o
HAL_GetTickPrio                                   build/stm32f4xx_hal.o
HAL_GetUIDw0                                      build/stm32f4xx_hal.o
HAL_GetUIDw1                                      build/stm32f4xx_hal.o
HAL_GetUIDw2                                      build/stm32f4xx_hal.o
HAL_HalfDuplex_EnableReceiver                     build/stm32f4xx_hal_uart.o
HAL_HalfDuplex_EnableTransmitter                  build/stm32f4xx_hal_uart.o
HAL_HalfDuplex_Init                               build/stm32f4xx_hal_uart.o
HAL_IncTick                                       build/stm32f4xx_hal.o
                                                  build/stm32f4xx_it.o
HAL_Init                                          build/stm32f4xx_hal.o
                                                  build/main.o
HAL_InitTick                                      build/stm32f4xx_hal.o
                                                  build/stm32f4xx_hal_rcc_ex.o
                                                  build/stm32f4xx_hal_rcc.o
HAL_LIN_Init                                      build/stm32f4xx_hal_uart.o
HAL_LIN_SendBreak                                 build/stm32f4xx_hal_uart.o
HAL_MPU_ConfigRegion                              build/stm32f4xx_hal_cortex.o
HAL_MPU_Disable                                   build/stm32f4xx_hal_cortex.o
HAL_MPU_Enable                                    build/stm32f4xx_hal_cortex.o
HAL_MspDeInit                                     build/stm32f4xx_hal.o
HAL_MspInit                                       build/stm32f4xx_hal_msp.o
HAL_MultiProcessor_EnterMuteMode                  build/stm32f4xx_hal_uart.o
HAL_MultiProcessor_ExitMuteMode                   build/stm32f4xx_hal_uart.o
HAL_MultiProcessor_Init                           build/stm32f4xx_hal_uart.o
HAL_NVIC_ClearPendingIRQ                          build/stm32f4xx_hal_cortex.o
HAL_NVIC_DisableIRQ                               build/stm32f4xx_hal_cortex.o
                                                  build/can.o
                                                  build/usart.o
HAL_NVIC_EnableIRQ                                build/stm32f4xx_hal_cortex.o
                                                  build/dma.o
                                                  build/can.o
                                                  build/usart.o
HAL_NVIC_GetActive                                build/stm32f4xx_hal_cortex.o
HAL_NVIC_GetPendingIRQ                            build/stm32f4xx_hal_cortex.o
HAL_NVIC_GetPriority                              build/stm32f4xx_hal_cortex.o
HAL_NVIC_GetPriorityGrouping                      build/stm32f4xx_hal_cortex.o
HAL_NVIC_SetPendingIRQ                            build/stm32f4xx_hal_cortex.o
HAL_NVIC_SetPriority                              build/stm32f4xx_hal_cortex.o
                                                  build/dma.o
                                                  build/can.o
                                                  build/stm32f4xx_hal.o
                                                  build/usart.o
HAL_NVIC_SetPriorityGrouping                      build/stm32f4xx_hal_cortex.o
                                                  build/stm32f4xx_hal.o
HAL_NVIC_SystemReset                              build/stm32f4xx_hal_cortex.o
HAL_PWREx_ControlVoltageScaling                   build/stm32f4xx_hal_pwr_ex.o
HAL_PWREx_DisableBkUpReg                          build/stm32f4xx_hal_pwr_ex.o
HAL_PWREx_DisableFlashPowerDown                   build/stm32f4xx_hal_pwr_ex.o
HAL_PWREx_DisableOverDrive                        build/stm32f4xx_hal_pwr_ex.o
HAL_PWREx_EnableBkUpReg                           build/stm32f4xx_hal_pwr_ex.o
HAL_PWREx_EnableFlashPowerDown                    build/stm32f4xx_hal_pwr_ex.o
HAL_PWREx_EnableOverDrive                         build/stm32f4xx_hal_pwr_ex.o
                                                  build/main.o
HAL_PWREx_EnterUnderDriveSTOPMode                 build/stm32f4xx_hal_pwr_ex.o
HAL_PWREx_GetVoltageRange                         build/stm32f4xx_hal_pwr_ex.o
HAL_PWR_ConfigPVD                                 build/stm32f4xx_hal_pwr.o
HAL_PWR_DeInit                                    build/stm32f4xx_hal_pwr.o
HAL_PWR_DisableBkUpAccess                         build/stm32f4xx_hal_pwr.o
HAL_PWR_DisablePVD                                build/stm32f4xx_hal_pwr.o
HAL_PWR_DisableSEVOnPend                          build/stm32f4xx_hal_pwr.o
HAL_PWR_DisableSleepOnExit                        build/stm32f4xx_hal_pwr.o
HAL_PWR_DisableWakeUpPin                          build/stm32f4xx_hal_pwr.o
HAL_PWR_EnableBkUpAccess                          build/stm32f4xx_hal_pwr.o
HAL_PWR_EnablePVD                                 build/stm32f4xx_hal_pwr.o
HAL_PWR_EnableSEVOnPend                           build/stm32f4xx_hal_pwr.o
HAL_PWR_EnableSleepOnExit                         build/stm32f4xx_hal_pwr.o
HAL_PWR_EnableWakeUpPin                           build/stm32f4xx_hal_pwr.o
HAL_PWR_EnterSLEEPMode                            build/stm32f4xx_hal_pwr.o
HAL_PWR_EnterSTANDBYMode                          build/stm32f4xx_hal_pwr.o
HAL_PWR_EnterSTOPMode                             build/stm32f4xx_hal_pwr.o
HAL_PWR_PVDCallback                               build/stm32f4xx_hal_pwr.o
HAL_PWR_PVD_IRQHandler                            build/stm32f4xx_hal_pwr.o
HAL_RCCEx_DisablePLLI2S                           build/stm32f4xx_hal_rcc_ex.o
HAL_RCCEx_DisablePLLSAI                           build/stm32f4xx_hal_rcc_ex.o
HAL_RCCEx_EnablePLLI2S                            build/stm32f4xx_hal_rcc_ex.o
HAL_RCCEx_EnablePLLSAI                            build/stm32f4xx_hal_rcc_ex.o
HAL_RCCEx_GetPeriphCLKConfig                      build/stm32f4xx_hal_rcc_ex.o
HAL_RCCEx_GetPeriphCLKFreq                        build/stm32f4xx_hal_rcc_ex.o
HAL_RCCEx_PeriphCLKConfig                         build/stm32f4xx_hal_rcc_ex.o
HAL_RCC_CSSCallback                               build/stm32f4xx_hal_rcc.o
HAL_RCC_ClockConfig                               build/stm32f4xx_hal_rcc.o
                                                  build/main.o
HAL_RCC_DeInit                                    build/stm32f4xx_hal_rcc_ex.o
                                                  build/stm32f4xx_hal_rcc.o
HAL_RCC_DisableCSS                                build/stm32f4xx_hal_rcc.o
HAL_RCC_EnableCSS                                 build/stm32f4xx_hal_rcc.o
HAL_RCC_GetClockConfig                            build/stm32f4xx_hal_rcc.o
HAL_RCC_GetHCLKFreq                               build/stm32f4xx_hal_rcc.o
HAL_RCC_GetOscConfig                              build/stm32f4xx_hal_rcc.o
HAL_RCC_GetPCLK1Freq                              build/stm32f4xx_hal_rcc.o
                                                  build/stm32f4xx_hal_uart.o
HAL_RCC_GetPCLK2Freq                              build/stm32f4xx_hal_rcc.o
                                                  build/stm32f4xx_hal_uart.o
HAL_RCC_GetSysClockFreq                           build/stm32f4xx_hal_rcc.o
HAL_RCC_MCOConfig                                 build/stm32f4xx_hal_rcc.o
HAL_RCC_NMI_IRQHandler                            build/stm32f4xx_hal_rcc.o
HAL_RCC_OscConfig                                 build/stm32f4xx_hal_rcc.o
                                                  build/main.o
HAL_ResumeTick                                    build/stm32f4xx_hal.o
HAL_SYSTICK_CLKSourceConfig                       build/stm32f4xx_hal_cortex.o
HAL_SYSTICK_Callback                              build/stm32f4xx_hal_cortex.o
HAL_SYSTICK_Config                                build/stm32f4xx_hal_cortex.o
                                                  build/stm32f4xx_hal.o
HAL_SYSTICK_IRQHandler                            build/stm32f4xx_hal_cortex.o
HAL_SetTickFreq                                   build/stm32f4xx_hal.o
HAL_SuspendTick                                   build/stm32f4xx_hal.o
HAL_UARTEx_GetRxEventType                         build/stm32f4xx_hal_uart.o
HAL_UARTEx_ReceiveToIdle                          build/stm32f4xx_hal_uart.o
HAL_UARTEx_ReceiveToIdle_DMA                      build/stm32f4xx_hal_uart.o
HAL_UARTEx_ReceiveToIdle_IT                       build/stm32f4xx_hal_uart.o
HAL_UARTEx_RxEventCallback                        build/stm32f4xx_hal_uart.o
HAL_UART_Abort                                    build/stm32f4xx_hal_uart.o
HAL_UART_AbortCpltCallback                        build/stm32f4xx_hal_uart.o
HAL_UART_AbortReceive                             build/stm32f4xx_hal_uart.o
HAL_UART_AbortReceiveCpltCallback                 build/stm32f4xx_hal_uart.o
HAL_UART_AbortReceive_IT                          build/stm32f4xx_hal_uart.o
HAL_UART_AbortTransmit                            build/stm32f4xx_hal_uart.o
HAL_UART_AbortTransmitCpltCallback                build/stm32f4xx_hal_uart.o
HAL_UART_AbortTransmit_IT                         build/stm32f4xx_hal_uart.o
HAL_UART_Abort_IT                                 build/stm32f4xx_hal_uart.o
HAL_UART_DMAPause                                 build/stm32f4xx_hal_uart.o
HAL_UART_DMAResume                                build/stm32f4xx_hal_uart.o
HAL_UART_DMAStop                                  build/stm32f4xx_hal_uart.o
HAL_UART_DeInit                                   build/stm32f4xx_hal_uart.o
HAL_UART_ErrorCallback                            build/stm32f4xx_hal_uart.o
HAL_UART_GetError                                 build/stm32f4xx_hal_uart.o
HAL_UART_GetState                                 build/stm32f4xx_hal_uart.o
HAL_UART_IRQHandler                               build/stm32f4xx_hal_uart.o
                                                  build/stm32f4xx_it.o
HAL_UART_Init                                     build/stm32f4xx_hal_uart.o
                                                  build/usart.o
HAL_UART_MspDeInit                                build/usart.o
HAL_UART_MspInit                                  build/usart.o
HAL_UART_Receive                                  build/stm32f4xx_hal_uart.o
HAL_UART_Receive_DMA                              build/stm32f4xx_hal_uart.o
                                                  build/main.o
HAL_UART_Receive_IT                               build/stm32f4xx_hal_uart.o
HAL_UART_RxCpltCallback                           build/stm32f4xx_hal_uart.o
HAL_UART_RxHalfCpltCallback                       build/stm32f4xx_hal_uart.o
HAL_UART_Transmit                                 build/stm32f4xx_hal_uart.o
                                                  build/usart.o
                                                  build/main.o
HAL_UART_Transmit_DMA                             build/stm32f4xx_hal_uart.o
HAL_UART_Transmit_IT                              build/stm32f4xx_hal_uart.o
HAL_UART_TxCpltCallback                           build/stm32f4xx_hal_uart.o
HAL_UART_TxHalfCpltCallback                       build/stm32f4xx_hal_uart.o
HASH_RNG_IRQHandler                               build/startup_stm32f427xx.o
HardFault_Handler                                 build/stm32f4xx_it.o
I2C1_ER_IRQHandler                                build/startup_stm32f427xx.o
I2C1_EV_IRQHandler                                build/startup_stm32f427xx.o
I2C2_ER_IRQHandler                                build/startup_stm32f427xx.o
I2C2_EV_IRQHandler                                build/startup_stm32f427xx.o
I2C3_ER_IRQHandler                                build/startup_stm32f427xx.o
I2C3_EV_IRQHandler                                build/startup_stm32f427xx.o
MX_CAN1_Init                                      build/can.o
                                                  build/main.o
MX_DMA_Init                                       build/dma.o
                                                  build/main.o
MX_GPIO_Init                                      build/gpio.o
                                                  build/main.o
MX_USART1_UART_Init                               build/usart.o
                                                  build/main.o
MX_USART2_UART_Init                               build/usart.o
                                                  build/main.o
MemManage_Handler                                 build/stm32f4xx_it.o
Motor_init                                        build/main.o
NMI_Handler                                       build/stm32f4xx_it.o
OTG_FS_IRQHandler                                 build/startup_stm32f427xx.o
OTG_FS_WKUP_IRQHandler                            build/startup_stm32f427xx.o
OTG_HS_EP1_IN_IRQHandler                          build/startup_stm32f427xx.o
OTG_HS_EP1_OUT_IRQHandler                         build/startup_stm32f427xx.o
OTG_HS_IRQHandler                                 build/startup_stm32f427xx.o
OTG_HS_WKUP_IRQHandler                            build/startup_stm32f427xx.o
PVD_IRQHandler                                    build/startup_stm32f427xx.o
PendSV_Handler                                    build/stm32f4xx_it.o
RCC_IRQHandler                                    build/startup_stm32f427xx.o
RTC_Alarm_IRQHandler                              build/startup_stm32f427xx.o
RTC_WKUP_IRQHandler                               build/startup_stm32f427xx.o
Reset_Handler                                     build/startup_stm32f427xx.o
Rxst1                                             build/main.o
SAI1_IRQHandler                                   build/startup_stm32f427xx.o
SDIO_IRQHandler                                   build/startup_stm32f427xx.o
SPI1_IRQHandler                                   build/startup_stm32f427xx.o
SPI2_IRQHandler                                   build/startup_stm32f427xx.o
SPI3_IRQHandler                                   build/startup_stm32f427xx.o
SPI4_IRQHandler                                   build/startup_stm32f427xx.o
SPI5_IRQHandler                                   build/startup_stm32f427xx.o
SPI6_IRQHandler                                   build/startup_stm32f427xx.o
SVC_Handler                                       build/stm32f4xx_it.o
Serial_proc                                       build/main.o
SysTick_Handler                                   build/stm32f4xx_it.o
SystemClock_Config                                build/main.o
SystemCoreClock                                   build/system_stm32f4xx.o
                                                  build/stm32f4xx_hal.o
                                                  build/stm32f4xx_hal_dma.o
                                                  build/stm32f4xx_hal_rcc_ex.o
                                                  build/stm32f4xx_hal_rcc.o
SystemCoreClockUpdate                             build/system_stm32f4xx.o
SystemInit                                        build/system_stm32f4xx.o
                                                  build/startup_stm32f427xx.o
TAMP_STAMP_IRQHandler                             build/startup_stm32f427xx.o
TIM1_BRK_TIM9_IRQHandler                          build/startup_stm32f427xx.o
TIM1_CC_IRQHandler                                build/startup_stm32f427xx.o
TIM1_TRG_COM_TIM11_IRQHandler                     build/startup_stm32f427xx.o
TIM1_UP_TIM10_IRQHandler                          build/startup_stm32f427xx.o
TIM2_IRQHandler                                   build/startup_stm32f427xx.o
TIM3_IRQHandler                                   build/startup_stm32f427xx.o
TIM4_IRQHandler                                   build/startup_stm32f427xx.o
TIM5_IRQHandler                                   build/startup_stm32f427xx.o
TIM6_DAC_IRQHandler                               build/startup_stm32f427xx.o
TIM7_IRQHandler                                   build/startup_stm32f427xx.o
TIM8_BRK_TIM12_IRQHandler                         build/startup_stm32f427xx.o
TIM8_CC_IRQHandler                                build/startup_stm32f427xx.o
TIM8_TRG_COM_TIM14_IRQHandler                     build/startup_stm32f427xx.o
TIM8_UP_TIM13_IRQHandler                          build/startup_stm32f427xx.o
TX_data                                           build/main.o
Tx_Header                                         build/main.o
Txst1                                             build/main.o
UART4_IRQHandler                                  build/startup_stm32f427xx.o
UART5_IRQHandler                                  build/startup_stm32f427xx.o
UART7_IRQHandler                                  build/startup_stm32f427xx.o
UART8_IRQHandler                                  build/startup_stm32f427xx.o
UART_Start_Receive_DMA                            build/stm32f4xx_hal_uart.o
UART_Start_Receive_IT                             build/stm32f4xx_hal_uart.o
USART1_IRQHandler                                 build/stm32f4xx_it.o
USART2_IRQHandler                                 build/stm32f4xx_it.o
USART3_IRQHandler                                 build/startup_stm32f427xx.o
USART6_IRQHandler                                 build/startup_stm32f427xx.o
UsageFault_Handler                                build/stm32f4xx_it.o
WWDG_IRQHandler                                   build/startup_stm32f427xx.o
__aeabi_idiv0                                     /home/yellow/study/gcc-arm-none-eabi-10.3-2021.10/bin/../lib/gcc/arm-none-eabi/10.3.1/thumb/v7e-m+fp/hard/libgcc.a(_dvmd_tls.o)
__aeabi_ldiv0                                     /home/yellow/study/gcc-arm-none-eabi-10.3-2021.10/bin/../lib/gcc/arm-none-eabi/10.3.1/thumb/v7e-m+fp/hard/libgcc.a(_dvmd_tls.o)
                                                  /home/yellow/study/gcc-arm-none-eabi-10.3-2021.10/bin/../lib/gcc/arm-none-eabi/10.3.1/thumb/v7e-m+fp/hard/libgcc.a(_aeabi_uldivmod.o)
__aeabi_uldivmod                                  /home/yellow/study/gcc-arm-none-eabi-10.3-2021.10/bin/../lib/gcc/arm-none-eabi/10.3.1/thumb/v7e-m+fp/hard/libgcc.a(_aeabi_uldivmod.o)
                                                  build/stm32f4xx_hal_rcc.o
                                                  build/stm32f4xx_hal_uart.o
__bss_end__                                       /home/yellow/study/gcc-arm-none-eabi-10.3-2021.10/bin/../lib/gcc/arm-none-eabi/10.3.1/../../../../arm-none-eabi/lib/thumb/v7e-m+fp/hard/crt0.o
__bss_start__                                     /home/yellow/study/gcc-arm-none-eabi-10.3-2021.10/bin/../lib/gcc/arm-none-eabi/10.3.1/../../../../arm-none-eabi/lib/thumb/v7e-m+fp/hard/crt0.o
__call_exitprocs                                  /home/yellow/study/gcc-arm-none-eabi-10.3-2021.10/bin/../lib/gcc/arm-none-eabi/10.3.1/../../../../arm-none-eabi/lib/thumb/v7e-m+fp/hard/libc_nano.a(lib_a-exit.o)
__deregister_frame_info                           /home/yellow/study/gcc-arm-none-eabi-10.3-2021.10/bin/../lib/gcc/arm-none-eabi/10.3.1/thumb/v7e-m+fp/hard/crtbegin.o
__dso_handle                                      /home/yellow/study/gcc-arm-none-eabi-10.3-2021.10/bin/../lib/gcc/arm-none-eabi/10.3.1/thumb/v7e-m+fp/hard/crtbegin.o
__init_array_end                                  /home/yellow/study/gcc-arm-none-eabi-10.3-2021.10/bin/../lib/gcc/arm-none-eabi/10.3.1/../../../../arm-none-eabi/lib/thumb/v7e-m+fp/hard/libc_nano.a(lib_a-init.o)
__init_array_start                                /home/yellow/study/gcc-arm-none-eabi-10.3-2021.10/bin/../lib/gcc/arm-none-eabi/10.3.1/../../../../arm-none-eabi/lib/thumb/v7e-m+fp/hard/libc_nano.a(lib_a-init.o)
__libc_fini_array                                 /home/yellow/study/gcc-arm-none-eabi-10.3-2021.10/bin/../lib/gcc/arm-none-eabi/10.3.1/../../../../arm-none-eabi/lib/thumb/v7e-m+fp/hard/crt0.o
__libc_init_array                                 /home/yellow/study/gcc-arm-none-eabi-10.3-2021.10/bin/../lib/gcc/arm-none-eabi/10.3.1/../../../../arm-none-eabi/lib/thumb/v7e-m+fp/hard/libc_nano.a(lib_a-init.o)
                                                  build/startup_stm32f427xx.o
                                                  /home/yellow/study/gcc-arm-none-eabi-10.3-2021.10/bin/../lib/gcc/arm-none-eabi/10.3.1/../../../../arm-none-eabi/lib/thumb/v7e-m+fp/hard/crt0.o
__preinit_array_end                               /home/yellow/study/gcc-arm-none-eabi-10.3-2021.10/bin/../lib/gcc/arm-none-eabi/10.3.1/../../../../arm-none-eabi/lib/thumb/v7e-m+fp/hard/libc_nano.a(lib_a-init.o)
__preinit_array_start                             /home/yellow/study/gcc-arm-none-eabi-10.3-2021.10/bin/../lib/gcc/arm-none-eabi/10.3.1/../../../../arm-none-eabi/lib/thumb/v7e-m+fp/hard/libc_nano.a(lib_a-init.o)
__register_frame_info                             /home/yellow/study/gcc-arm-none-eabi-10.3-2021.10/bin/../lib/gcc/arm-none-eabi/10.3.1/thumb/v7e-m+fp/hard/crtbegin.o
__sf_fake_stderr                                  /home/yellow/study/gcc-arm-none-eabi-10.3-2021.10/bin/../lib/gcc/arm-none-eabi/10.3.1/../../../../arm-none-eabi/lib/thumb/v7e-m+fp/hard/libc_nano.a(lib_a-impure.o)
__sf_fake_stdin                                   /home/yellow/study/gcc-arm-none-eabi-10.3-2021.10/bin/../lib/gcc/arm-none-eabi/10.3.1/../../../../arm-none-eabi/lib/thumb/v7e-m+fp/hard/libc_nano.a(lib_a-impure.o)
__sf_fake_stdout                                  /home/yellow/study/gcc-arm-none-eabi-10.3-2021.10/bin/../lib/gcc/arm-none-eabi/10.3.1/../../../../arm-none-eabi/lib/thumb/v7e-m+fp/hard/libc_nano.a(lib_a-impure.o)
__stack                                           /home/yellow/study/gcc-arm-none-eabi-10.3-2021.10/bin/../lib/gcc/arm-none-eabi/10.3.1/../../../../arm-none-eabi/lib/thumb/v7e-m+fp/hard/crt0.o
__udivmoddi4                                      /home/yellow/study/gcc-arm-none-eabi-10.3-2021.10/bin/../lib/gcc/arm-none-eabi/10.3.1/thumb/v7e-m+fp/hard/libgcc.a(_udivmoddi4.o)
                                                  /home/yellow/study/gcc-arm-none-eabi-10.3-2021.10/bin/../lib/gcc/arm-none-eabi/10.3.1/thumb/v7e-m+fp/hard/libgcc.a(_aeabi_uldivmod.o)
_ebss                                             build/startup_stm32f427xx.o
_edata                                            build/startup_stm32f427xx.o
_estack                                           build/startup_stm32f427xx.o
_exit                                             /home/yellow/study/gcc-arm-none-eabi-10.3-2021.10/bin/../lib/gcc/arm-none-eabi/10.3.1/../../../../arm-none-eabi/lib/thumb/v7e-m+fp/hard/libnosys.a(_exit.o)
                                                  /home/yellow/study/gcc-arm-none-eabi-10.3-2021.10/bin/../lib/gcc/arm-none-eabi/10.3.1/../../../../arm-none-eabi/lib/thumb/v7e-m+fp/hard/libc_nano.a(lib_a-exit.o)
_fini                                             /home/yellow/study/gcc-arm-none-eabi-10.3-2021.10/bin/../lib/gcc/arm-none-eabi/10.3.1/thumb/v7e-m+fp/hard/crti.o
_global_impure_ptr                                /home/yellow/study/gcc-arm-none-eabi-10.3-2021.10/bin/../lib/gcc/arm-none-eabi/10.3.1/../../../../arm-none-eabi/lib/thumb/v7e-m+fp/hard/libc_nano.a(lib_a-impure.o)
                                                  /home/yellow/study/gcc-arm-none-eabi-10.3-2021.10/bin/../lib/gcc/arm-none-eabi/10.3.1/../../../../arm-none-eabi/lib/thumb/v7e-m+fp/hard/libc_nano.a(lib_a-exit.o)
_impure_ptr                                       /home/yellow/study/gcc-arm-none-eabi-10.3-2021.10/bin/../lib/gcc/arm-none-eabi/10.3.1/../../../../arm-none-eabi/lib/thumb/v7e-m+fp/hard/libc_nano.a(lib_a-impure.o)
_init                                             /home/yellow/study/gcc-arm-none-eabi-10.3-2021.10/bin/../lib/gcc/arm-none-eabi/10.3.1/thumb/v7e-m+fp/hard/crti.o
                                                  /home/yellow/study/gcc-arm-none-eabi-10.3-2021.10/bin/../lib/gcc/arm-none-eabi/10.3.1/../../../../arm-none-eabi/lib/thumb/v7e-m+fp/hard/libc_nano.a(lib_a-init.o)
_mainCRTStartup                                   /home/yellow/study/gcc-arm-none-eabi-10.3-2021.10/bin/../lib/gcc/arm-none-eabi/10.3.1/../../../../arm-none-eabi/lib/thumb/v7e-m+fp/hard/crt0.o
_sbss                                             build/startup_stm32f427xx.o
_sdata                                            build/startup_stm32f427xx.o
_sidata                                           build/startup_stm32f427xx.o
_stack_init                                       /home/yellow/study/gcc-arm-none-eabi-10.3-2021.10/bin/../lib/gcc/arm-none-eabi/10.3.1/../../../../arm-none-eabi/lib/thumb/v7e-m+fp/hard/crt0.o
_start                                            /home/yellow/study/gcc-arm-none-eabi-10.3-2021.10/bin/../lib/gcc/arm-none-eabi/10.3.1/../../../../arm-none-eabi/lib/thumb/v7e-m+fp/hard/crt0.o
atexit                                            /home/yellow/study/gcc-arm-none-eabi-10.3-2021.10/bin/../lib/gcc/arm-none-eabi/10.3.1/../../../../arm-none-eabi/lib/thumb/v7e-m+fp/hard/crt0.o
can_filter_init                                   build/main.o
exit                                              /home/yellow/study/gcc-arm-none-eabi-10.3-2021.10/bin/../lib/gcc/arm-none-eabi/10.3.1/../../../../arm-none-eabi/lib/thumb/v7e-m+fp/hard/libc_nano.a(lib_a-exit.o)
                                                  /home/yellow/study/gcc-arm-none-eabi-10.3-2021.10/bin/../lib/gcc/arm-none-eabi/10.3.1/../../../../arm-none-eabi/lib/thumb/v7e-m+fp/hard/crt0.o
fputc                                             build/usart.o
g_pfnVectors                                      build/startup_stm32f427xx.o
hardware_init_hook                                /home/yellow/study/gcc-arm-none-eabi-10.3-2021.10/bin/../lib/gcc/arm-none-eabi/10.3.1/../../../../arm-none-eabi/lib/thumb/v7e-m+fp/hard/crt0.o
hcan1                                             build/can.o
                                                  build/stm32f4xx_it.o
                                                  build/main.o
hdma_usart1_rx                                    build/usart.o
                                                  build/stm32f4xx_it.o
huart1                                            build/usart.o
                                                  build/stm32f4xx_it.o
                                                  build/main.o
huart2                                            build/usart.o
                                                  build/stm32f4xx_it.o
                                                  build/main.o
mailbox                                           build/main.o
main                                              build/main.o
                                                  build/startup_stm32f427xx.o
                                                  /home/yellow/study/gcc-arm-none-eabi-10.3-2021.10/bin/../lib/gcc/arm-none-eabi/10.3.1/../../../../arm-none-eabi/lib/thumb/v7e-m+fp/hard/crt0.o
memset                                            /home/yellow/study/gcc-arm-none-eabi-10.3-2021.10/bin/../lib/gcc/arm-none-eabi/10.3.1/../../../../arm-none-eabi/lib/thumb/v7e-m+fp/hard/libc_nano.a(lib_a-memset.o)
                                                  build/main.o
                                                  /home/yellow/study/gcc-arm-none-eabi-10.3-2021.10/bin/../lib/gcc/arm-none-eabi/10.3.1/../../../../arm-none-eabi/lib/thumb/v7e-m+fp/hard/crt0.o
pFlash                                            build/stm32f4xx_hal_flash.o
                                                  build/stm32f4xx_hal_flash_ex.o
software_init_hook                                /home/yellow/study/gcc-arm-none-eabi-10.3-2021.10/bin/../lib/gcc/arm-none-eabi/10.3.1/../../../../arm-none-eabi/lib/thumb/v7e-m+fp/hard/crt0.o
uwTick                                            build/stm32f4xx_hal.o
uwTickFreq                                        build/stm32f4xx_hal.o
uwTickPrio                                        build/stm32f4xx_hal.o
                                                  build/stm32f4xx_hal_rcc_ex.o
                                                  build/stm32f4xx_hal_rcc.o
